Using seed for test randomization: 1689895627
user ⚙ Running
url_launcher_extended ⚙ Running
date ⚙ Running
sharezone_widgets ⚙ Running
common_domain_models ⚙ Running
common_domain_models ✅
qr_code_scanner ⚙ Running
url_launcher_extended ✅
holidays ⚙ Running
user ✅
stripe_checkout_session ⚙ Running
date ✅
time ⚙ Running
stripe_checkout_session ✅
last_online_reporting ⚙ Running
qr_code_scanner ✅
legal ⚙ Running
sharezone_widgets ⛔ Failure
ProcessRunnerException: Running "flutter test --test-randomize-ordering-seed 1689895627 --dart-define=TEST_RANDOMNESS_SEED=1689895627" in /app/lib/sharezone_widgets exited with code 1
Resolving dependencies in `/app`...
Downloading packages...
  _fe_analyzer_shared 85.0.0 (94.0.0 available)
  _flutterfire_internals 1.3.62 (1.3.66 available)
  analyzer 7.7.1 (10.0.2 available)
  animations 2.0.11 (2.1.1 available)
  app_links 6.4.1 (7.0.0 available)
  args 2.6.0 (2.7.0 available)
  asn1lib 1.5.9 (1.6.5 available)
  bloc 9.0.0 (9.2.0 available)
  bloc_presentation 1.1.0 (1.1.2 available)
  build 3.1.0 (4.0.4 available)
  build_daemon 4.0.4 (4.1.1 available)
  build_resolvers 3.0.3 (3.0.4 available)
  build_runner 2.7.1 (2.10.5 available)
  build_runner_core 9.3.1 (9.3.2 available)
  built_value 8.11.2 (8.12.3 available)
  built_value_generator 8.11.1 (8.12.3 available)
  chalkdart 2.3.2 (3.0.5 available)
  characters 1.4.0 (1.4.1 available)
  checked_yaml 2.0.3 (2.0.4 available)
  chewie 1.10.0 (1.13.0 available)
  cloud_firestore 6.0.2 (6.1.2 available)
  cloud_firestore_platform_interface 7.0.2 (7.0.6 available)
  cloud_firestore_web 5.0.2 (5.1.2 available)
  cloud_functions 6.0.2 (6.0.6 available)
  cloud_functions_platform_interface 5.8.5 (5.8.9 available)
  cloud_functions_web 5.0.2 (5.1.2 available)
  code_builder 4.10.1 (4.11.1 available)
  coverage 1.11.1 (1.15.0 available)
  cross_file 0.3.4+2 (0.3.5+2 available)
  crypto 3.0.6 (3.0.7 available)
  dart_style 3.1.1 (3.1.5 available)
  device_info_plus 10.1.2 (12.3.0 available)
  device_info_plus_platform_interface 7.0.2 (7.0.3 available)
  dio 5.8.0+1 (5.9.1 available)
  dio_web_adapter 2.1.0 (2.1.1 available)
  equatable 2.0.7 (2.0.8 available)
  extension 0.6.0 (1.0.0 available)
  fast_immutable_collections 11.0.4 (11.1.0 available)
  fast_rsa 3.8.5 (3.8.6 available)
  ffi 2.1.4 (2.1.5 available)
  file_picker 10.3.3 (10.3.10 available)
  file_selector_linux 0.9.3+2 (0.9.4 available)
  file_selector_macos 0.9.4+2 (0.9.5 available)
  file_selector_platform_interface 2.6.2 (2.7.0 available)
  file_selector_windows 0.9.3+4 (0.9.3+5 available)
  firebase_analytics 12.0.2 (12.1.1 available)
  firebase_analytics_platform_interface 5.0.2 (5.0.6 available)
  firebase_analytics_web 0.6.0+2 (0.6.1+2 available)
  firebase_auth 6.1.0 (6.1.4 available)
  firebase_auth_platform_interface 8.1.2 (8.1.6 available)
  firebase_auth_web 6.0.3 (6.1.2 available)
  firebase_core 4.1.1 (4.4.0 available)
  firebase_core_platform_interface 6.0.1 (6.0.2 available)
  firebase_core_web 3.1.1 (3.4.0 available)
  firebase_crashlytics 5.0.2 (5.0.7 available)
  firebase_crashlytics_platform_interface 3.8.13 (3.8.17 available)
  firebase_messaging 16.0.2 (16.1.1 available)
  firebase_messaging_platform_interface 4.7.2 (4.7.6 available)
  firebase_messaging_web 4.0.2 (4.1.2 available)
  firebase_performance 0.11.1 (0.11.1+4 available)
  firebase_performance_platform_interface 0.1.6 (0.1.6+4 available)
  firebase_performance_web 0.1.7+19 (0.1.8+2 available)
  firebase_remote_config 6.0.2 (6.1.4 available)
  firebase_remote_config_platform_interface 2.0.3 (2.0.7 available)
  firebase_remote_config_web 1.8.12 (1.10.3 available)
  firebase_storage 13.0.2 (13.0.6 available)
  firebase_storage_platform_interface 5.2.13 (5.2.17 available)
  firebase_storage_web 3.10.20 (3.11.2 available)
! flare_flutter 3.0.2 from git https://github.com/mbfakourii/Flare-Flutter.git at d915c8 in flare_flutter (overridden)
  flat_buffers 23.5.26 (25.9.23 available)
  flutter_bloc 9.0.0 (9.1.1 available)
  flutter_lints 5.0.0 (6.0.0 available)
  flutter_plugin_android_lifecycle 2.0.24 (2.0.33 available)
  flutter_slidable 4.0.0 (4.0.3 available)
  flutter_svg 2.2.1 (2.2.3 available)
  flutter_timezone 4.1.1 (5.0.1 available)
  font_awesome_flutter 10.8.0 (10.12.0 available)
  freezed_annotation 2.4.4 (3.1.0 available)
  gcloud 0.8.18 (0.9.0 available)
  git 2.3.1 (2.3.2 available)
  go_router 14.8.0 (17.1.0 available)
  google_identity_services_web 0.3.3 (0.3.3+1 available)
  google_mobile_ads 5.3.1 (7.0.0 available)
  google_sign_in 6.2.2 (7.2.0 available)
  google_sign_in_android 6.1.35 (7.2.7 available)
  google_sign_in_ios 5.8.0 (6.2.5 available)
  google_sign_in_platform_interface 2.4.5 (3.1.0 available)
  google_sign_in_web 0.12.4+3 (1.1.0 available)
  googleapis 13.2.0 (15.0.0 available)
  googleapis_auth 1.6.0 (2.0.0 available)
  html 0.15.5 (0.15.6 available)
  http 1.4.0 (1.6.0 available)
  image 4.5.4 (4.7.2 available)
  image_picker_android 0.8.13+10 (0.8.13+13 available)
  image_picker_ios 0.8.13+3 (0.8.13+6 available)
  in_app_review 2.0.10 (2.0.11 available)
  json_annotation 4.9.0 (4.10.0 available)
  leak_tracker 11.0.1 (11.0.2 available)
  lints 5.1.1 (6.1.0 available)
  matcher 0.12.17 (0.12.18 available)
  material_color_utilities 0.11.1 (0.13.0 available)
  material_symbols_icons 4.2805.1 (4.2906.0 available)
  meta 1.16.0 (1.18.1 available)
  mobile_scanner 7.0.1 (7.1.4 available)
  mockito 5.5.0 (5.6.3 available)
! open_file_plus 3.4.1+1 from git https://github.com/postflow/open_file_plus.git at b29351 (overridden)
  package_config 2.1.1 (2.2.0 available)
  package_info_plus 8.3.0 (9.0.0 available)
  package_info_plus_platform_interface 3.2.0 (3.2.1 available)
  path_provider_android 2.2.15 (2.2.22 available)
  path_provider_foundation 2.4.1 (2.6.0 available)
  patrol 3.15.2 (4.1.0 available)
  patrol_finders 2.7.2 (3.0.0 available)
  patrol_log 0.3.0 (0.6.0 available)
  pdfx 2.8.0 (2.9.2 available)
  permission_handler 11.3.1 (12.0.1 available)
  permission_handler_android 12.0.13 (13.0.1 available)
  permission_handler_apple 9.4.5 (9.4.7 available)
  permission_handler_platform_interface 4.2.3 (4.3.0 available)
  petitparser 6.1.0 (7.0.1 available)
  pointycastle 3.9.1 (4.0.0 available)
  pool 1.5.1 (1.5.2 available)
  process_runner 4.2.0 (4.2.4 available)
  provider 6.1.2 (6.1.5+1 available)
  pub_semver 2.1.5 (2.2.0 available)
  purchases_flutter 8.7.5 (9.10.8 available)
  share_plus 10.1.4 (12.0.1 available)
  share_plus_platform_interface 5.0.2 (6.1.0 available)
  shared_preferences 2.5.2 (2.5.4 available)
  shared_preferences_android 2.4.6 (2.4.20 available)
  shared_preferences_foundation 2.5.4 (2.5.6 available)
  showcaseview 4.0.1 (5.0.1 available)
  source_gen 3.1.0 (4.2.0 available)
  sqflite_android 2.4.1 (2.4.2+2 available)
  sqflite_common 2.5.5 (2.5.6 available)
  synchronized 3.3.1 (3.4.0 available)
  test 1.26.2 (1.29.0 available)
  test_api 0.7.6 (0.7.9 available)
  test_core 0.6.11 (0.6.15 available)
  url_launcher 6.3.1 (6.3.2 available)
  url_launcher_android 6.3.14 (6.3.28 available)
  url_launcher_ios 6.3.2 (6.3.6 available)
  url_launcher_linux 3.2.1 (3.2.2 available)
  url_launcher_macos 3.2.2 (3.2.5 available)
  url_launcher_web 2.4.0 (2.4.2 available)
  url_launcher_windows 3.1.4 (3.1.5 available)
  uuid 4.5.1 (4.5.2 available)
  vector_graphics 1.1.18 (1.1.19 available)
  vector_graphics_compiler 1.1.16 (1.1.20 available)
  video_player 2.9.2 (2.10.1 available)
  video_player_android 2.7.17 (2.9.1 available)
  video_player_avfoundation 2.7.0 (2.9.0 available)
  video_player_platform_interface 6.3.0 (6.6.0 available)
  video_player_web 2.3.4 (2.4.0 available)
  vm_service 15.0.0 (15.0.2 available)
  wakelock_plus 1.2.10 (1.4.0 available)
  wakelock_plus_platform_interface 1.2.2 (1.3.0 available)
  watcher 1.1.1 (1.2.1 available)
  web_socket 0.1.6 (1.0.1 available)
  web_socket_channel 3.0.2 (3.0.3 available)
  webview_flutter 4.10.0 (4.13.1 available)
  webview_flutter_android 4.3.2 (4.10.11 available)
  webview_flutter_platform_interface 2.10.0 (2.14.0 available)
  webview_flutter_wkwebview 3.18.1 (3.23.5 available)
  win32 5.10.1 (5.15.0 available)
  win32_registry 1.1.5 (2.1.0 available)
  xml 6.5.0 (6.6.1 available)
Got dependencies in `/app`!
165 packages have newer versions incompatible with dependency constraints.
Try `flutter pub outdated` for more information.
Shuffling test order with --test-randomize-ordering-seed=1689895627
00:00 +0: loading /app/lib/sharezone_widgets/test/alternating_colored_list/alternating_colored_list_test.dart                                                                                          00:01 +0: loading /app/lib/sharezone_widgets/test/alternating_colored_list/alternating_colored_list_test.dart                                                                                          00:02 +0: loading /app/lib/sharezone_widgets/test/alternating_colored_list/alternating_colored_list_test.dart                                                                                          00:03 +0: loading /app/lib/sharezone_widgets/test/alternating_colored_list/alternating_colored_list_test.dart                                                                                          00:04 +0: loading /app/lib/sharezone_widgets/test/alternating_colored_list/alternating_colored_list_test.dart                                                                                          00:05 +0: loading /app/lib/sharezone_widgets/test/alternating_colored_list/alternating_colored_list_test.dart                                                                                          00:06 +0: loading /app/lib/sharezone_widgets/test/alternating_colored_list/alternating_colored_list_test.dart                                                                                          00:07 +0: loading /app/lib/sharezone_widgets/test/alternating_colored_list/alternating_colored_list_test.dart                                                                                          00:08 +0: loading /app/lib/sharezone_widgets/test/alternating_colored_list/alternating_colored_list_test.dart                                                                                          00:09 +0: loading /app/lib/sharezone_widgets/test/alternating_colored_list/alternating_colored_list_test.dart                                                                                          00:10 +0: loading /app/lib/sharezone_widgets/test/alternating_colored_list/alternating_colored_list_test.dart                                                                                          00:11 +0: loading /app/lib/sharezone_widgets/test/alternating_colored_list/alternating_colored_list_test.dart                                                                                          00:12 +0: loading /app/lib/sharezone_widgets/test/alternating_colored_list/alternating_colored_list_test.dart                                                                                          00:13 +0: loading /app/lib/sharezone_widgets/test/alternating_colored_list/alternating_colored_list_test.dart                                                                                          00:14 +0: loading /app/lib/sharezone_widgets/test/alternating_colored_list/alternating_colored_list_test.dart                                                                                          00:15 +0: loading /app/lib/sharezone_widgets/test/alternating_colored_list/alternating_colored_list_test.dart                                                                                          00:16 +0: loading /app/lib/sharezone_widgets/test/alternating_colored_list/alternating_colored_list_test.dart                                                                                          00:17 +0: loading /app/lib/sharezone_widgets/test/alternating_colored_list/alternating_colored_list_test.dart                                                                                          00:18 +0: loading /app/lib/sharezone_widgets/test/alternating_colored_list/alternating_colored_list_test.dart                                                                                          00:19 +0: loading /app/lib/sharezone_widgets/test/alternating_colored_list/alternating_colored_list_test.dart                                                                                          00:20 +0: loading /app/lib/sharezone_widgets/test/alternating_colored_list/alternating_colored_list_test.dart                                                                                          00:21 +0: loading /app/lib/sharezone_widgets/test/alternating_colored_list/alternating_colored_list_test.dart                                                                                          00:22 +0: loading /app/lib/sharezone_widgets/test/alternating_colored_list/alternating_colored_list_test.dart                                                                                          00:23 +0: loading /app/lib/sharezone_widgets/test/alternating_colored_list/alternating_colored_list_test.dart                                                                                          00:24 +0: loading /app/lib/sharezone_widgets/test/alternating_colored_list/alternating_colored_list_test.dart                                                                                          00:25 +0: loading /app/lib/sharezone_widgets/test/alternating_colored_list/alternating_colored_list_test.dart                                                                                          00:26 +0: loading /app/lib/sharezone_widgets/test/alternating_colored_list/alternating_colored_list_test.dart                                                                                          00:27 +0: loading /app/lib/sharezone_widgets/test/alternating_colored_list/alternating_colored_list_test.dart                                                                                          00:28 +0: loading /app/lib/sharezone_widgets/test/alternating_colored_list/alternating_colored_list_test.dart                                                                                          00:29 +0: loading /app/lib/sharezone_widgets/test/alternating_colored_list/alternating_colored_list_test.dart                                                                                          00:30 +0: loading /app/lib/sharezone_widgets/test/alternating_colored_list/alternating_colored_list_test.dart                                                                                          00:30 +0: /app/lib/sharezone_widgets/test/alternating_colored_list/alternating_colored_list_test.dart: AlternatingColoredList colors alternately with given interval                                   00:31 +0: /app/lib/sharezone_widgets/test/alternating_colored_list/alternating_colored_list_test.dart: AlternatingColoredList colors alternately with given interval                                   00:31 +1: /app/lib/sharezone_widgets/test/prefilled_text_field_test.dart: PrefilledTextField prefills the TextField with the string passed via label                                                   00:31 +2: /app/lib/sharezone_widgets/test/prefilled_text_field_test.dart: PrefilledTextField prefills the TextField with the string passed via label                                                   00:32 +2: /app/lib/sharezone_widgets/test/prefilled_text_field_test.dart: PrefilledTextField prefills the TextField with the string passed via label                                                   00:32 +3: /app/lib/sharezone_widgets/test/prefilled_text_field_test.dart: PrefilledTextField prefills the TextField with the string passed via label                                                   00:32 +3: /app/lib/sharezone_widgets/test/prefilled_text_field_test.dart: PrefilledTextField doesn't auto selected prefilled text, if autoSelectAllCharactersAtBeginning is false                      00:32 +4: /app/lib/sharezone_widgets/test/prefilled_text_field_test.dart: PrefilledTextField doesn't auto selected prefilled text, if autoSelectAllCharactersAtBeginning is false                      00:32 +4: /app/lib/sharezone_widgets/test/prefilled_text_field_test.dart: PrefilledTextField auto select the prefilled text, if autoSelectAllCharactersAtBeginning is true                             00:32 +5: /app/lib/sharezone_widgets/test/prefilled_text_field_test.dart: PrefilledTextField auto select the prefilled text, if autoSelectAllCharactersAtBeginning is true                             00:33 +5: /app/lib/sharezone_widgets/test/prefilled_text_field_test.dart: PrefilledTextField auto select the prefilled text, if autoSelectAllCharactersAtBeginning is true                             00:34 +5: /app/lib/sharezone_widgets/test/prefilled_text_field_test.dart: PrefilledTextField auto select the prefilled text, if autoSelectAllCharactersAtBeginning is true                             00:34 +5: loading /app/lib/sharezone_widgets/test/snackbar_test.dart                                                                                                                                   00:34 +5: /app/lib/sharezone_widgets/test/snackbar_test.dart: showSnack shows a snackbar via BuildContext                                                                                              00:35 +5: /app/lib/sharezone_widgets/test/snackbar_test.dart: showSnack shows a snackbar via BuildContext                                                                                              00:36 +5: /app/lib/sharezone_widgets/test/snackbar_test.dart: showSnack shows a snackbar via BuildContext                                                                                              00:36 +6: /app/lib/sharezone_widgets/test/markdown/markdown_field_test.dart: MarkdownField should not display markdown helper text when not focused                                                    00:36 +7: /app/lib/sharezone_widgets/test/markdown/markdown_field_test.dart: MarkdownField should not display markdown helper text when not focused                                                    00:36 +8: /app/lib/sharezone_widgets/test/markdown/markdown_field_test.dart: MarkdownField should not display markdown helper text when not focused                                                    00:36 +9: /app/lib/sharezone_widgets/test/markdown/markdown_field_test.dart: MarkdownField should not display markdown helper text when not focused                                                    00:37 +9: /app/lib/sharezone_widgets/test/markdown/markdown_field_test.dart: MarkdownField should not display markdown helper text when not focused                                                    00:37 +10: /app/lib/sharezone_widgets/test/markdown/markdown_field_test.dart: MarkdownField should not display markdown helper text when not focused                                                   00:37 +11: /app/lib/sharezone_widgets/test/markdown/markdown_field_test.dart: MarkdownField should not display markdown helper text when not focused                                                   00:37 +12: /app/lib/sharezone_widgets/test/markdown/markdown_field_test.dart: MarkdownField should not display markdown helper text when not focused                                                   00:37 +13: /app/lib/sharezone_widgets/test/markdown/markdown_field_test.dart: MarkdownField should not display markdown helper text when not focused                                                   00:37 +13: /app/lib/sharezone_widgets/test/markdown/markdown_field_test.dart: MarkdownField should not display markdown helper text when not focused
══╡ EXCEPTION CAUGHT BY WIDGETS LIBRARY ╞═══════════════════════════════════════════════════════════
The following assertion was thrown building ListTile(dirty):
No Material widget found.
ListTile widgets require a Material widget ancestor within the closest LookupBoundary.
In Material Design, most widgets are conceptually "printed" on a sheet of material. In Flutter's
material library, that material is represented by the Material widget. It is the Material widget
that renders ink splashes, for instance. Because of this, many material library widgets require that
there be a Material widget in the tree above them.
To introduce a Material widget, you can either directly include one, or use a widget that contains
Material itself, such as a Card, Dialog, Drawer, or Scaffold.
The specific widget that could not find a Material ancestor was:
  ListTile
The ancestors of this widget were:
  ...
  Column
  MediaQuery
  Padding
  SafeArea
  ConstrainedBox
  ...

The relevant error-causing widget was:
  ListTile
  ListTile:file:///app/lib/sharezone_widgets/lib/src/creation_editing_dialog_widgets/markdown_field.dart:73:13

When the exception was thrown, this was the stack:
#0      debugCheckHasMaterial.<anonymous closure> (package:flutter/src/material/debug.dart:40:7)
#1      debugCheckHasMaterial (package:flutter/src/material/debug.dart:67:4)
#2      ListTile.build (package:flutter/src/material/list_tile.dart:817:12)
#3      StatelessElement.build (package:flutter/src/widgets/framework.dart:5791:49)
#4      ComponentElement.performRebuild (package:flutter/src/widgets/framework.dart:5723:15)
#5      Element.rebuild (package:flutter/src/widgets/framework.dart:5435:7)
#6      ComponentElement._firstBuild (package:flutter/src/widgets/framework.dart:5705:5)
#7      ComponentElement.mount (package:flutter/src/widgets/framework.dart:5699:5)
#8      Element.inflateWidget (package:flutter/src/widgets/framework.dart:4548:16)
#9      MultiChildRenderObjectElement.inflateWidget (package:flutter/src/widgets/framework.dart:7169:36)
#10     MultiChildRenderObjectElement.mount (package:flutter/src/widgets/framework.dart:7185:32)
...     Normal element mounting (263 frames)
#273    Element.inflateWidget (package:flutter/src/widgets/framework.dart:4548:16)
#274    MultiChildRenderObjectElement.inflateWidget (package:flutter/src/widgets/framework.dart:7169:36)
#275    MultiChildRenderObjectElement.mount (package:flutter/src/widgets/framework.dart:7185:32)
...     Normal element mounting (471 frames)
#746    Element.inflateWidget (package:flutter/src/widgets/framework.dart:4548:16)
#747    Element.updateChild (package:flutter/src/widgets/framework.dart:3998:20)
#748    ComponentElement.performRebuild (package:flutter/src/widgets/framework.dart:5747:16)
#749    Element.rebuild (package:flutter/src/widgets/framework.dart:5435:7)
#750    ProxyElement.update (package:flutter/src/widgets/framework.dart:6051:5)
#751    _InheritedNotifierElement.update (package:flutter/src/widgets/inherited_notifier.dart:108:11)
#752    Element.updateChild (package:flutter/src/widgets/framework.dart:3982:15)
#753    ComponentElement.performRebuild (package:flutter/src/widgets/framework.dart:5747:16)
#754    StatefulElement.performRebuild (package:flutter/src/widgets/framework.dart:5884:11)
#755    Element.rebuild (package:flutter/src/widgets/framework.dart:5435:7)
#756    StatefulElement.update (package:flutter/src/widgets/framework.dart:5909:5)
#757    Element.updateChild (package:flutter/src/widgets/framework.dart:3982:15)
#758    ComponentElement.performRebuild (package:flutter/src/widgets/framework.dart:5747:16)
#759    Element.rebuild (package:flutter/src/widgets/framework.dart:5435:7)
#760    ProxyElement.update (package:flutter/src/widgets/framework.dart:6051:5)
#761    _InheritedNotifierElement.update (package:flutter/src/widgets/inherited_notifier.dart:108:11)
#762    Element.updateChild (package:flutter/src/widgets/framework.dart:3982:15)
#763    ComponentElement.performRebuild (package:flutter/src/widgets/framework.dart:5747:16)
#764    StatefulElement.performRebuild (package:flutter/src/widgets/framework.dart:5884:11)
#765    Element.rebuild (package:flutter/src/widgets/framework.dart:5435:7)
#766    StatefulElement.update (package:flutter/src/widgets/framework.dart:5909:5)
#767    Element.updateChild (package:flutter/src/widgets/framework.dart:3982:15)
#768    ComponentElement.performRebuild (package:flutter/src/widgets/framework.dart:5747:16)
#769    StatefulElement.performRebuild (package:flutter/src/widgets/framework.dart:5884:11)
#770    Element.rebuild (package:flutter/src/widgets/framework.dart:5435:7)
#771    StatefulElement.update (package:flutter/src/widgets/framework.dart:5909:5)
#772    Element.updateChild (package:flutter/src/widgets/framework.dart:3982:15)
#773    ComponentElement.performRebuild (package:flutter/src/widgets/framework.dart:5747:16)
#774    Element.rebuild (package:flutter/src/widgets/framework.dart:5435:7)
#775    ProxyElement.update (package:flutter/src/widgets/framework.dart:6051:5)
#776    Element.updateChild (package:flutter/src/widgets/framework.dart:3982:15)
#777    ComponentElement.performRebuild (package:flutter/src/widgets/framework.dart:5747:16)
#778    StatefulElement.performRebuild (package:flutter/src/widgets/framework.dart:5884:11)
#779    Element.rebuild (package:flutter/src/widgets/framework.dart:5435:7)
#780    StatefulElement.update (package:flutter/src/widgets/framework.dart:5909:5)
#781    Element.updateChild (package:flutter/src/widgets/framework.dart:3982:15)
#782    ComponentElement.performRebuild (package:flutter/src/widgets/framework.dart:5747:16)
#783    Element.rebuild (package:flutter/src/widgets/framework.dart:5435:7)
#784    ProxyElement.update (package:flutter/src/widgets/framework.dart:6051:5)
#785    Element.updateChild (package:flutter/src/widgets/framework.dart:3982:15)
#786    ComponentElement.performRebuild (package:flutter/src/widgets/framework.dart:5747:16)
#787    Element.rebuild (package:flutter/src/widgets/framework.dart:5435:7)
#788    ProxyElement.update (package:flutter/src/widgets/framework.dart:6051:5)
#789    Element.updateChild (package:flutter/src/widgets/framework.dart:3982:15)
#790    _RawViewElement._updateChild (package:flutter/src/widgets/view.dart:481:16)
#791    _RawViewElement.update (package:flutter/src/widgets/view.dart:568:5)
#792    Element.updateChild (package:flutter/src/widgets/framework.dart:3982:15)
#793    ComponentElement.performRebuild (package:flutter/src/widgets/framework.dart:5747:16)
#794    Element.rebuild (package:flutter/src/widgets/framework.dart:5435:7)
#795    StatelessElement.update (package:flutter/src/widgets/framework.dart:5797:5)
#796    Element.updateChild (package:flutter/src/widgets/framework.dart:3982:15)
#797    ComponentElement.performRebuild (package:flutter/src/widgets/framework.dart:5747:16)
#798    StatefulElement.performRebuild (package:flutter/src/widgets/framework.dart:5884:11)
#799    Element.rebuild (package:flutter/src/widgets/framework.dart:5435:7)
#800    StatefulElement.update (package:flutter/src/widgets/framework.dart:5909:5)
#801    Element.updateChild (package:flutter/src/widgets/framework.dart:3982:15)
#802    RootElement._rebuild (package:flutter/src/widgets/binding.dart:1716:16)
#803    RootElement.update (package:flutter/src/widgets/binding.dart:1694:5)
#804    RootElement.performRebuild (package:flutter/src/widgets/binding.dart:1708:7)
#805    Element.rebuild (package:flutter/src/widgets/framework.dart:5435:7)
#806    BuildScope._tryRebuild (package:flutter/src/widgets/framework.dart:2695:15)
#807    BuildScope._flushDirtyElements (package:flutter/src/widgets/framework.dart:2752:11)
#808    BuildOwner.buildScope (package:flutter/src/widgets/framework.dart:3056:18)
#809    AutomatedTestWidgetsFlutterBinding.drawFrame (package:flutter_test/src/binding.dart:1506:19)
#810    RendererBinding._handlePersistentFrameCallback (package:flutter/src/rendering/binding.dart:495:5)
#811    SchedulerBinding._invokeFrameCallback (package:flutter/src/scheduler/binding.dart:1434:15)
#812    SchedulerBinding.handleDrawFrame (package:flutter/src/scheduler/binding.dart:1347:9)
#813    AutomatedTestWidgetsFlutterBinding.pump.<anonymous closure> (package:flutter_test/src/binding.dart:1335:9)
#816    TestAsyncUtils.guard (package:flutter_test/src/test_async_utils.dart:74:41)
#817    AutomatedTestWidgetsFlutterBinding.pump (package:flutter_test/src/binding.dart:1324:27)
#818    WidgetTester.pumpWidget.<anonymous closure> (package:flutter_test/src/widget_tester.dart:598:22)
#821    TestAsyncUtils.guard (package:flutter_test/src/test_async_utils.dart:74:41)
#822    WidgetTester.pumpWidget (package:flutter_test/src/widget_tester.dart:595:27)
#823    _pumpAppWidget (package:golden_toolkit/src/testing_tools.dart:129:16)
<asynchronous suspension>
#824    TestingToolsExtension.pumpWidgetBuilder (package:golden_toolkit/src/testing_tools.dart:54:5)
<asynchronous suspension>
#825    main.<anonymous closure>.<anonymous closure> (file:///app/lib/sharezone_widgets/test/markdown/markdown_field_test.dart:29:7)
<asynchronous suspension>
#826    testWidgets.<anonymous closure>.<anonymous closure> (package:flutter_test/src/widget_tester.dart:192:15)
<asynchronous suspension>
#827    TestWidgetsFlutterBinding._runTestBody (package:flutter_test/src/binding.dart:1059:5)
<asynchronous suspension>
<asynchronous suspension>
(elided 5 frames from dart:async and package:stack_trace)

════════════════════════════════════════════════════════════════════════════════════════════════════
══╡ EXCEPTION CAUGHT BY RENDERING LIBRARY ╞═════════════════════════════════════════════════════════
The following assertion was thrown during layout:
A RenderFlex overflowed by 99400 pixels on the bottom.

The relevant error-causing widget was:
  Column
  Column:file:///app/lib/sharezone_widgets/lib/src/creation_editing_dialog_widgets/markdown_field.dart:70:16

The overflowing RenderFlex has an orientation of Axis.vertical.
The edge of the RenderFlex that is overflowing has been marked in the rendering with a yellow and
black striped pattern. This is usually caused by the contents being too big for the RenderFlex.
Consider applying a flex factor (e.g. using an Expanded widget) to force the children of the
RenderFlex to fit within the available space instead of being sized to their natural size.
This is considered an error condition because it indicates that there is content that cannot be
seen. If the content is legitimately bigger than the available space, consider clipping it with a
ClipRect widget before putting it in the flex, or using a scrollable container rather than a Flex,
like a ListView.
The specific RenderFlex in question is: RenderFlex#0bad3 relayoutBoundary=up3 OVERFLOWING:
  needs compositing
  creator: Column ← MediaQuery ← Padding ← SafeArea ← ConstrainedBox ← Center ← MaxWidthConstraintBox
    ← MarkdownField ← Semantics ← Builder ← RepaintBoundary-[GlobalKey#cb0cc] ← IgnorePointer ← ⋯
  parentData: offset=Offset(0.0, 0.0) (can use size)
  constraints: BoxConstraints(0.0<=w<=800.0, 0.0<=h<=600.0)
  size: Size(800.0, 600.0)
  direction: vertical
  mainAxisAlignment: start
  mainAxisSize: max
  crossAxisAlignment: start
  textDirection: ltr
  verticalDirection: down
  spacing: 0.0
◢◤◢◤◢◤◢◤◢◤◢◤◢◤◢◤◢◤◢◤◢◤◢◤◢◤◢◤◢◤◢◤◢◤◢◤◢◤◢◤◢◤◢◤◢◤◢◤◢◤◢◤◢◤◢◤◢◤◢◤◢◤◢◤◢◤◢◤◢◤◢◤◢◤◢◤◢◤◢◤◢◤◢◤◢◤◢◤◢◤◢◤◢◤◢◤◢◤◢◤
════════════════════════════════════════════════════════════════════════════════════════════════════
══╡ EXCEPTION CAUGHT BY FLUTTER TEST FRAMEWORK ╞════════════════════════════════════════════════════
The following message was thrown:
Multiple exceptions (2) were detected during the running of the current test, and at least one was
unexpected.
════════════════════════════════════════════════════════════════════════════════════════════════════
00:37 +13 -1: /app/lib/sharezone_widgets/test/markdown/markdown_field_test.dart: MarkdownField should not display markdown helper text when not focused [E]
  Test failed. See exception logs above.
  The test description was: should not display markdown helper text when not focused


To run this test again: /home/jules/fvm/versions/3.35.3/bin/cache/dart-sdk/bin/dart test /app/lib/sharezone_widgets/test/markdown/markdown_field_test.dart -p vm --plain-name 'MarkdownField should not display markdown helper text when not focused'
00:37 +13 -1: /app/lib/sharezone_widgets/test/markdown/markdown_field_test.dart: MarkdownField should display markdown helper text when focused                                                        00:37 +13 -1: /app/lib/sharezone_widgets/test/markdown/markdown_field_test.dart: MarkdownField should display markdown helper text when focused
══╡ EXCEPTION CAUGHT BY WIDGETS LIBRARY ╞═══════════════════════════════════════════════════════════
The following assertion was thrown building ListTile(dirty):
No Material widget found.
ListTile widgets require a Material widget ancestor within the closest LookupBoundary.
In Material Design, most widgets are conceptually "printed" on a sheet of material. In Flutter's
material library, that material is represented by the Material widget. It is the Material widget
that renders ink splashes, for instance. Because of this, many material library widgets require that
there be a Material widget in the tree above them.
To introduce a Material widget, you can either directly include one, or use a widget that contains
Material itself, such as a Card, Dialog, Drawer, or Scaffold.
The specific widget that could not find a Material ancestor was:
  ListTile
The ancestors of this widget were:
  ...
  Column
  MediaQuery
  Padding
  SafeArea
  ConstrainedBox
  ...

The relevant error-causing widget was:
  ListTile
  ListTile:file:///app/lib/sharezone_widgets/lib/src/creation_editing_dialog_widgets/markdown_field.dart:73:13

When the exception was thrown, this was the stack:
#0      debugCheckHasMaterial.<anonymous closure> (package:flutter/src/material/debug.dart:40:7)
#1      debugCheckHasMaterial (package:flutter/src/material/debug.dart:67:4)
#2      ListTile.build (package:flutter/src/material/list_tile.dart:817:12)
#3      StatelessElement.build (package:flutter/src/widgets/framework.dart:5791:49)
#4      ComponentElement.performRebuild (package:flutter/src/widgets/framework.dart:5723:15)
#5      Element.rebuild (package:flutter/src/widgets/framework.dart:5435:7)
#6      ComponentElement._firstBuild (package:flutter/src/widgets/framework.dart:5705:5)
#7      ComponentElement.mount (package:flutter/src/widgets/framework.dart:5699:5)
#8      Element.inflateWidget (package:flutter/src/widgets/framework.dart:4548:16)
#9      MultiChildRenderObjectElement.inflateWidget (package:flutter/src/widgets/framework.dart:7169:36)
#10     MultiChildRenderObjectElement.mount (package:flutter/src/widgets/framework.dart:7185:32)
...     Normal element mounting (263 frames)
#273    Element.inflateWidget (package:flutter/src/widgets/framework.dart:4548:16)
#274    MultiChildRenderObjectElement.inflateWidget (package:flutter/src/widgets/framework.dart:7169:36)
#275    MultiChildRenderObjectElement.mount (package:flutter/src/widgets/framework.dart:7185:32)
...     Normal element mounting (471 frames)
#746    Element.inflateWidget (package:flutter/src/widgets/framework.dart:4548:16)
#747    Element.updateChild (package:flutter/src/widgets/framework.dart:3998:20)
#748    ComponentElement.performRebuild (package:flutter/src/widgets/framework.dart:5747:16)
#749    Element.rebuild (package:flutter/src/widgets/framework.dart:5435:7)
#750    ProxyElement.update (package:flutter/src/widgets/framework.dart:6051:5)
#751    _InheritedNotifierElement.update (package:flutter/src/widgets/inherited_notifier.dart:108:11)
#752    Element.updateChild (package:flutter/src/widgets/framework.dart:3982:15)
#753    ComponentElement.performRebuild (package:flutter/src/widgets/framework.dart:5747:16)
#754    StatefulElement.performRebuild (package:flutter/src/widgets/framework.dart:5884:11)
#755    Element.rebuild (package:flutter/src/widgets/framework.dart:5435:7)
#756    StatefulElement.update (package:flutter/src/widgets/framework.dart:5909:5)
#757    Element.updateChild (package:flutter/src/widgets/framework.dart:3982:15)
#758    ComponentElement.performRebuild (package:flutter/src/widgets/framework.dart:5747:16)
#759    Element.rebuild (package:flutter/src/widgets/framework.dart:5435:7)
#760    ProxyElement.update (package:flutter/src/widgets/framework.dart:6051:5)
#761    _InheritedNotifierElement.update (package:flutter/src/widgets/inherited_notifier.dart:108:11)
#762    Element.updateChild (package:flutter/src/widgets/framework.dart:3982:15)
#763    ComponentElement.performRebuild (package:flutter/src/widgets/framework.dart:5747:16)
#764    StatefulElement.performRebuild (package:flutter/src/widgets/framework.dart:5884:11)
#765    Element.rebuild (package:flutter/src/widgets/framework.dart:5435:7)
#766    StatefulElement.update (package:flutter/src/widgets/framework.dart:5909:5)
#767    Element.updateChild (package:flutter/src/widgets/framework.dart:3982:15)
#768    ComponentElement.performRebuild (package:flutter/src/widgets/framework.dart:5747:16)
#769    StatefulElement.performRebuild (package:flutter/src/widgets/framework.dart:5884:11)
#770    Element.rebuild (package:flutter/src/widgets/framework.dart:5435:7)
#771    StatefulElement.update (package:flutter/src/widgets/framework.dart:5909:5)
#772    Element.updateChild (package:flutter/src/widgets/framework.dart:3982:15)
#773    ComponentElement.performRebuild (package:flutter/src/widgets/framework.dart:5747:16)
#774    Element.rebuild (package:flutter/src/widgets/framework.dart:5435:7)
#775    ProxyElement.update (package:flutter/src/widgets/framework.dart:6051:5)
#776    Element.updateChild (package:flutter/src/widgets/framework.dart:3982:15)
#777    ComponentElement.performRebuild (package:flutter/src/widgets/framework.dart:5747:16)
#778    StatefulElement.performRebuild (package:flutter/src/widgets/framework.dart:5884:11)
#779    Element.rebuild (package:flutter/src/widgets/framework.dart:5435:7)
#780    StatefulElement.update (package:flutter/src/widgets/framework.dart:5909:5)
#781    Element.updateChild (package:flutter/src/widgets/framework.dart:3982:15)
#782    ComponentElement.performRebuild (package:flutter/src/widgets/framework.dart:5747:16)
#783    Element.rebuild (package:flutter/src/widgets/framework.dart:5435:7)
#784    ProxyElement.update (package:flutter/src/widgets/framework.dart:6051:5)
#785    Element.updateChild (package:flutter/src/widgets/framework.dart:3982:15)
#786    ComponentElement.performRebuild (package:flutter/src/widgets/framework.dart:5747:16)
#787    Element.rebuild (package:flutter/src/widgets/framework.dart:5435:7)
#788    ProxyElement.update (package:flutter/src/widgets/framework.dart:6051:5)
#789    Element.updateChild (package:flutter/src/widgets/framework.dart:3982:15)
#790    _RawViewElement._updateChild (package:flutter/src/widgets/view.dart:481:16)
#791    _RawViewElement.update (package:flutter/src/widgets/view.dart:568:5)
#792    Element.updateChild (package:flutter/src/widgets/framework.dart:3982:15)
#793    ComponentElement.performRebuild (package:flutter/src/widgets/framework.dart:5747:16)
#794    Element.rebuild (package:flutter/src/widgets/framework.dart:5435:7)
#795    StatelessElement.update (package:flutter/src/widgets/framework.dart:5797:5)
#796    Element.updateChild (package:flutter/src/widgets/framework.dart:3982:15)
#797    ComponentElement.performRebuild (package:flutter/src/widgets/framework.dart:5747:16)
#798    StatefulElement.performRebuild (package:flutter/src/widgets/framework.dart:5884:11)
#799    Element.rebuild (package:flutter/src/widgets/framework.dart:5435:7)
#800    StatefulElement.update (package:flutter/src/widgets/framework.dart:5909:5)
#801    Element.updateChild (package:flutter/src/widgets/framework.dart:3982:15)
#802    RootElement._rebuild (package:flutter/src/widgets/binding.dart:1716:16)
#803    RootElement.update (package:flutter/src/widgets/binding.dart:1694:5)
#804    RootElement.performRebuild (package:flutter/src/widgets/binding.dart:1708:7)
#805    Element.rebuild (package:flutter/src/widgets/framework.dart:5435:7)
#806    BuildScope._tryRebuild (package:flutter/src/widgets/framework.dart:2695:15)
#807    BuildScope._flushDirtyElements (package:flutter/src/widgets/framework.dart:2752:11)
#808    BuildOwner.buildScope (package:flutter/src/widgets/framework.dart:3056:18)
#809    AutomatedTestWidgetsFlutterBinding.drawFrame (package:flutter_test/src/binding.dart:1506:19)
#810    RendererBinding._handlePersistentFrameCallback (package:flutter/src/rendering/binding.dart:495:5)
#811    SchedulerBinding._invokeFrameCallback (package:flutter/src/scheduler/binding.dart:1434:15)
#812    SchedulerBinding.handleDrawFrame (package:flutter/src/scheduler/binding.dart:1347:9)
#813    AutomatedTestWidgetsFlutterBinding.pump.<anonymous closure> (package:flutter_test/src/binding.dart:1335:9)
#816    TestAsyncUtils.guard (package:flutter_test/src/test_async_utils.dart:74:41)
#817    AutomatedTestWidgetsFlutterBinding.pump (package:flutter_test/src/binding.dart:1324:27)
#818    WidgetTester.pumpWidget.<anonymous closure> (package:flutter_test/src/widget_tester.dart:598:22)
#821    TestAsyncUtils.guard (package:flutter_test/src/test_async_utils.dart:74:41)
#822    WidgetTester.pumpWidget (package:flutter_test/src/widget_tester.dart:595:27)
#823    _pumpAppWidget (package:golden_toolkit/src/testing_tools.dart:129:16)
<asynchronous suspension>
#824    TestingToolsExtension.pumpWidgetBuilder (package:golden_toolkit/src/testing_tools.dart:54:5)
<asynchronous suspension>
#825    main.<anonymous closure>.<anonymous closure> (file:///app/lib/sharezone_widgets/test/markdown/markdown_field_test.dart:40:7)
<asynchronous suspension>
#826    testWidgets.<anonymous closure>.<anonymous closure> (package:flutter_test/src/widget_tester.dart:192:15)
<asynchronous suspension>
#827    TestWidgetsFlutterBinding._runTestBody (package:flutter_test/src/binding.dart:1059:5)
<asynchronous suspension>
<asynchronous suspension>
(elided 5 frames from dart:async and package:stack_trace)

════════════════════════════════════════════════════════════════════════════════════════════════════
══╡ EXCEPTION CAUGHT BY RENDERING LIBRARY ╞═════════════════════════════════════════════════════════
The following assertion was thrown during layout:
A RenderFlex overflowed by 99400 pixels on the bottom.

The relevant error-causing widget was:
  Column
  Column:file:///app/lib/sharezone_widgets/lib/src/creation_editing_dialog_widgets/markdown_field.dart:70:16

The overflowing RenderFlex has an orientation of Axis.vertical.
The edge of the RenderFlex that is overflowing has been marked in the rendering with a yellow and
black striped pattern. This is usually caused by the contents being too big for the RenderFlex.
Consider applying a flex factor (e.g. using an Expanded widget) to force the children of the
RenderFlex to fit within the available space instead of being sized to their natural size.
This is considered an error condition because it indicates that there is content that cannot be
seen. If the content is legitimately bigger than the available space, consider clipping it with a
ClipRect widget before putting it in the flex, or using a scrollable container rather than a Flex,
like a ListView.
The specific RenderFlex in question is: RenderFlex#c9273 relayoutBoundary=up3 OVERFLOWING:
  needs compositing
  creator: Column ← MediaQuery ← Padding ← SafeArea ← ConstrainedBox ← Center ← MaxWidthConstraintBox
    ← MarkdownField ← Semantics ← Builder ← RepaintBoundary-[GlobalKey#a4e53] ← IgnorePointer ← ⋯
  parentData: offset=Offset(0.0, 0.0) (can use size)
  constraints: BoxConstraints(0.0<=w<=800.0, 0.0<=h<=600.0)
  size: Size(800.0, 600.0)
  direction: vertical
  mainAxisAlignment: start
  mainAxisSize: max
  crossAxisAlignment: start
  textDirection: ltr
  verticalDirection: down
  spacing: 0.0
◢◤◢◤◢◤◢◤◢◤◢◤◢◤◢◤◢◤◢◤◢◤◢◤◢◤◢◤◢◤◢◤◢◤◢◤◢◤◢◤◢◤◢◤◢◤◢◤◢◤◢◤◢◤◢◤◢◤◢◤◢◤◢◤◢◤◢◤◢◤◢◤◢◤◢◤◢◤◢◤◢◤◢◤◢◤◢◤◢◤◢◤◢◤◢◤◢◤◢◤
════════════════════════════════════════════════════════════════════════════════════════════════════
══╡ EXCEPTION CAUGHT BY FLUTTER TEST FRAMEWORK ╞════════════════════════════════════════════════════
The following assertion was thrown running a test:
The finder "Found 0 widgets with type "PrefilledTextField": []" (used in a call to "tap()") could
not find any matching widgets.

When the exception was thrown, this was the stack:
#0      WidgetController._getElementPoint (package:flutter_test/src/controller.dart:2009:7)
#1      WidgetController.getCenter (package:flutter_test/src/controller.dart:1861:12)
#2      WidgetController.tap (package:flutter_test/src/controller.dart:1041:7)
#3      main.<anonymous closure>.<anonymous closure> (file:///app/lib/sharezone_widgets/test/markdown/markdown_field_test.dart:45:20)
<asynchronous suspension>
#4      testWidgets.<anonymous closure>.<anonymous closure> (package:flutter_test/src/widget_tester.dart:192:15)
<asynchronous suspension>
#5      TestWidgetsFlutterBinding._runTestBody (package:flutter_test/src/binding.dart:1059:5)
<asynchronous suspension>
<asynchronous suspension>
(elided one frame from package:stack_trace)

The test description was:
  should display markdown helper text when focused
════════════════════════════════════════════════════════════════════════════════════════════════════
══╡ EXCEPTION CAUGHT BY FLUTTER TEST FRAMEWORK ╞════════════════════════════════════════════════════
The following message was thrown:
Multiple exceptions (3) were detected during the running of the current test, and at least one was
unexpected.
════════════════════════════════════════════════════════════════════════════════════════════════════
00:38 +13 -2: /app/lib/sharezone_widgets/test/markdown/markdown_field_test.dart: MarkdownField should display markdown helper text when focused [E]
  Test failed. See exception logs above.
  The test description was: should display markdown helper text when focused


To run this test again: /home/jules/fvm/versions/3.35.3/bin/cache/dart-sdk/bin/dart test /app/lib/sharezone_widgets/test/markdown/markdown_field_test.dart -p vm --plain-name 'MarkdownField should display markdown helper text when focused'
00:39 +13 -2: loading /app/lib/sharezone_widgets/test/widgets/error_card_test.dart                                                                                                                     00:39 +13 -2: /app/lib/sharezone_widgets/test/widgets/error_card_test.dart: ErrorCard Does not show contact support button if onContactSupportPressed is null                                          00:40 +13 -2: /app/lib/sharezone_widgets/test/widgets/error_card_test.dart: ErrorCard Does not show contact support button if onContactSupportPressed is null                                          00:41 +13 -2: /app/lib/sharezone_widgets/test/widgets/error_card_test.dart: ErrorCard Does not show contact support button if onContactSupportPressed is null                                          00:42 +13 -2: /app/lib/sharezone_widgets/test/widgets/error_card_test.dart: ErrorCard Does not show contact support button if onContactSupportPressed is null                                          00:42 +14 -2: /app/lib/sharezone_widgets/test/widgets/error_card_test.dart: ErrorCard Does not show contact support button if onContactSupportPressed is null                                          00:42 +15 -2: /app/lib/sharezone_widgets/test/widgets/error_card_test.dart: ErrorCard Does not show contact support button if onContactSupportPressed is null                                          00:42 +16 -2: /app/lib/sharezone_widgets/test/announcement_card_test.dart: AnnouncementCard execute onTap if it is given                                                                               00:42 +17 -2: /app/lib/sharezone_widgets/test/announcement_card_test.dart: AnnouncementCard execute onTap if it is given                                                                               00:42 +18 -2: /app/lib/sharezone_widgets/test/widgets/error_card_test.dart: ErrorCard onContactSupportPressed is called when contact support button is pressed                                         00:42 +19 -2: /app/lib/sharezone_widgets/test/widgets/error_card_test.dart: ErrorCard onContactSupportPressed is called when contact support button is pressed                                         00:42 +20 -2: /app/lib/sharezone_widgets/test/widgets/error_card_test.dart: ErrorCard onContactSupportPressed is called when contact support button is pressed                                         00:42 +21 -2: /app/lib/sharezone_widgets/test/announcement_card_test.dart: AnnouncementCard shows given actions                                                                                        00:42 +22 -2: /app/lib/sharezone_widgets/test/widgets/error_card_test.dart: ErrorCard Does show retry button if onRetryPressed is not null                                                             00:43 +22 -2: /app/lib/sharezone_widgets/test/widgets/error_card_test.dart: ErrorCard Does show retry button if onRetryPressed is not null                                                             00:43 +23 -2: /app/lib/sharezone_widgets/test/widgets/error_card_test.dart: ErrorCard Does show retry button if onRetryPressed is not null                                                             00:43 +23 -2: /app/lib/sharezone_widgets/test/widgets/error_card_test.dart: ErrorCard Does not show retry button if onRetryPressed is null                                                             00:43 +24 -2: /app/lib/sharezone_widgets/test/widgets/error_card_test.dart: ErrorCard Does not show retry button if onRetryPressed is null                                                             00:43 +24 -2: /app/lib/sharezone_widgets/test/widgets/error_card_test.dart: ErrorCard onRetryPressed is called when retry button is pressed                                                            00:43 +25 -2: /app/lib/sharezone_widgets/test/widgets/error_card_test.dart: ErrorCard onRetryPressed is called when retry button is pressed                                                            00:43 +25 -2: /app/lib/sharezone_widgets/test/widgets/error_card_test.dart: ErrorCard Does not show Wrap widget if all callbacks are null                                                              00:43 +26 -2: /app/lib/sharezone_widgets/test/widgets/error_card_test.dart: ErrorCard Does not show Wrap widget if all callbacks are null                                                              00:43 +26 -2: Some tests failed.

key_value_store ⚙ Running
holidays ✅
group_domain_models ⚙ Running
time ✅
authentification_base ⚙ Running
key_value_store ✅
abgabe_client_lib ⚙ Running
last_online_reporting ✅
feedback_shared_implementation ⚙ Running
group_domain_models ✅
notifications ⚙ Running
abgabe_client_lib ✅
cloud_firestore_helper_example ⚙ Running
authentification_base ✅
hausaufgabenheft_logik ⚙ Running
legal ✅
sharezone ⚙ Running
feedback_shared_implementation ✅
sz_repo_cli ⚙ Running
notifications ✅
cloud_firestore_helper_example ✅
hausaufgabenheft_logik ✅
sz_repo_cli ✅
sharezone ⛔ Failure
ProcessRunnerException: Running "flutter test --test-randomize-ordering-seed 1689895627 --dart-define=TEST_RANDOMNESS_SEED=1689895627" in /app/app exited with code 1
Resolving dependencies in `/app`...
Downloading packages...
  _fe_analyzer_shared 85.0.0 (94.0.0 available)
  _flutterfire_internals 1.3.62 (1.3.66 available)
  analyzer 7.7.1 (10.0.2 available)
  animations 2.0.11 (2.1.1 available)
  app_links 6.4.1 (7.0.0 available)
  args 2.6.0 (2.7.0 available)
  asn1lib 1.5.9 (1.6.5 available)
  bloc 9.0.0 (9.2.0 available)
  bloc_presentation 1.1.0 (1.1.2 available)
  build 3.1.0 (4.0.4 available)
  build_daemon 4.0.4 (4.1.1 available)
  build_resolvers 3.0.3 (3.0.4 available)
  build_runner 2.7.1 (2.10.5 available)
  build_runner_core 9.3.1 (9.3.2 available)
  built_value 8.11.2 (8.12.3 available)
  built_value_generator 8.11.1 (8.12.3 available)
  chalkdart 2.3.2 (3.0.5 available)
  characters 1.4.0 (1.4.1 available)
  checked_yaml 2.0.3 (2.0.4 available)
  chewie 1.10.0 (1.13.0 available)
  cloud_firestore 6.0.2 (6.1.2 available)
  cloud_firestore_platform_interface 7.0.2 (7.0.6 available)
  cloud_firestore_web 5.0.2 (5.1.2 available)
  cloud_functions 6.0.2 (6.0.6 available)
  cloud_functions_platform_interface 5.8.5 (5.8.9 available)
  cloud_functions_web 5.0.2 (5.1.2 available)
  code_builder 4.10.1 (4.11.1 available)
  coverage 1.11.1 (1.15.0 available)
  cross_file 0.3.4+2 (0.3.5+2 available)
  crypto 3.0.6 (3.0.7 available)
  dart_style 3.1.1 (3.1.5 available)
  device_info_plus 10.1.2 (12.3.0 available)
  device_info_plus_platform_interface 7.0.2 (7.0.3 available)
  dio 5.8.0+1 (5.9.1 available)
  dio_web_adapter 2.1.0 (2.1.1 available)
  equatable 2.0.7 (2.0.8 available)
  extension 0.6.0 (1.0.0 available)
  fast_immutable_collections 11.0.4 (11.1.0 available)
  fast_rsa 3.8.5 (3.8.6 available)
  ffi 2.1.4 (2.1.5 available)
  file_picker 10.3.3 (10.3.10 available)
  file_selector_linux 0.9.3+2 (0.9.4 available)
  file_selector_macos 0.9.4+2 (0.9.5 available)
  file_selector_platform_interface 2.6.2 (2.7.0 available)
  file_selector_windows 0.9.3+4 (0.9.3+5 available)
  firebase_analytics 12.0.2 (12.1.1 available)
  firebase_analytics_platform_interface 5.0.2 (5.0.6 available)
  firebase_analytics_web 0.6.0+2 (0.6.1+2 available)
  firebase_auth 6.1.0 (6.1.4 available)
  firebase_auth_platform_interface 8.1.2 (8.1.6 available)
  firebase_auth_web 6.0.3 (6.1.2 available)
  firebase_core 4.1.1 (4.4.0 available)
  firebase_core_platform_interface 6.0.1 (6.0.2 available)
  firebase_core_web 3.1.1 (3.4.0 available)
  firebase_crashlytics 5.0.2 (5.0.7 available)
  firebase_crashlytics_platform_interface 3.8.13 (3.8.17 available)
  firebase_messaging 16.0.2 (16.1.1 available)
  firebase_messaging_platform_interface 4.7.2 (4.7.6 available)
  firebase_messaging_web 4.0.2 (4.1.2 available)
  firebase_performance 0.11.1 (0.11.1+4 available)
  firebase_performance_platform_interface 0.1.6 (0.1.6+4 available)
  firebase_performance_web 0.1.7+19 (0.1.8+2 available)
  firebase_remote_config 6.0.2 (6.1.4 available)
  firebase_remote_config_platform_interface 2.0.3 (2.0.7 available)
  firebase_remote_config_web 1.8.12 (1.10.3 available)
  firebase_storage 13.0.2 (13.0.6 available)
  firebase_storage_platform_interface 5.2.13 (5.2.17 available)
  firebase_storage_web 3.10.20 (3.11.2 available)
! flare_flutter 3.0.2 from git https://github.com/mbfakourii/Flare-Flutter.git at d915c8 in flare_flutter (overridden)
  flat_buffers 23.5.26 (25.9.23 available)
  flutter_bloc 9.0.0 (9.1.1 available)
  flutter_lints 5.0.0 (6.0.0 available)
  flutter_plugin_android_lifecycle 2.0.24 (2.0.33 available)
  flutter_slidable 4.0.0 (4.0.3 available)
  flutter_svg 2.2.1 (2.2.3 available)
  flutter_timezone 4.1.1 (5.0.1 available)
  font_awesome_flutter 10.8.0 (10.12.0 available)
  freezed_annotation 2.4.4 (3.1.0 available)
  gcloud 0.8.18 (0.9.0 available)
  git 2.3.1 (2.3.2 available)
  go_router 14.8.0 (17.1.0 available)
  google_identity_services_web 0.3.3 (0.3.3+1 available)
  google_mobile_ads 5.3.1 (7.0.0 available)
  google_sign_in 6.2.2 (7.2.0 available)
  google_sign_in_android 6.1.35 (7.2.7 available)
  google_sign_in_ios 5.8.0 (6.2.5 available)
  google_sign_in_platform_interface 2.4.5 (3.1.0 available)
  google_sign_in_web 0.12.4+3 (1.1.0 available)
  googleapis 13.2.0 (15.0.0 available)
  googleapis_auth 1.6.0 (2.0.0 available)
  html 0.15.5 (0.15.6 available)
  http 1.4.0 (1.6.0 available)
  image 4.5.4 (4.7.2 available)
  image_picker_android 0.8.13+10 (0.8.13+13 available)
  image_picker_ios 0.8.13+3 (0.8.13+6 available)
  in_app_review 2.0.10 (2.0.11 available)
  json_annotation 4.9.0 (4.10.0 available)
  leak_tracker 11.0.1 (11.0.2 available)
  lints 5.1.1 (6.1.0 available)
  matcher 0.12.17 (0.12.18 available)
  material_color_utilities 0.11.1 (0.13.0 available)
  material_symbols_icons 4.2805.1 (4.2906.0 available)
  meta 1.16.0 (1.18.1 available)
  mobile_scanner 7.0.1 (7.1.4 available)
  mockito 5.5.0 (5.6.3 available)
! open_file_plus 3.4.1+1 from git https://github.com/postflow/open_file_plus.git at b29351 (overridden)
  package_config 2.1.1 (2.2.0 available)
  package_info_plus 8.3.0 (9.0.0 available)
  package_info_plus_platform_interface 3.2.0 (3.2.1 available)
  path_provider_android 2.2.15 (2.2.22 available)
  path_provider_foundation 2.4.1 (2.6.0 available)
  patrol 3.15.2 (4.1.0 available)
  patrol_finders 2.7.2 (3.0.0 available)
  patrol_log 0.3.0 (0.6.0 available)
  pdfx 2.8.0 (2.9.2 available)
  permission_handler 11.3.1 (12.0.1 available)
  permission_handler_android 12.0.13 (13.0.1 available)
  permission_handler_apple 9.4.5 (9.4.7 available)
  permission_handler_platform_interface 4.2.3 (4.3.0 available)
  petitparser 6.1.0 (7.0.1 available)
  pointycastle 3.9.1 (4.0.0 available)
  pool 1.5.1 (1.5.2 available)
  process_runner 4.2.0 (4.2.4 available)
  provider 6.1.2 (6.1.5+1 available)
  pub_semver 2.1.5 (2.2.0 available)
  purchases_flutter 8.7.5 (9.10.8 available)
  share_plus 10.1.4 (12.0.1 available)
  share_plus_platform_interface 5.0.2 (6.1.0 available)
  shared_preferences 2.5.2 (2.5.4 available)
  shared_preferences_android 2.4.6 (2.4.20 available)
  shared_preferences_foundation 2.5.4 (2.5.6 available)
  showcaseview 4.0.1 (5.0.1 available)
  source_gen 3.1.0 (4.2.0 available)
  sqflite_android 2.4.1 (2.4.2+2 available)
  sqflite_common 2.5.5 (2.5.6 available)
  synchronized 3.3.1 (3.4.0 available)
  test 1.26.2 (1.29.0 available)
  test_api 0.7.6 (0.7.9 available)
  test_core 0.6.11 (0.6.15 available)
  url_launcher 6.3.1 (6.3.2 available)
  url_launcher_android 6.3.14 (6.3.28 available)
  url_launcher_ios 6.3.2 (6.3.6 available)
  url_launcher_linux 3.2.1 (3.2.2 available)
  url_launcher_macos 3.2.2 (3.2.5 available)
  url_launcher_web 2.4.0 (2.4.2 available)
  url_launcher_windows 3.1.4 (3.1.5 available)
  uuid 4.5.1 (4.5.2 available)
  vector_graphics 1.1.18 (1.1.19 available)
  vector_graphics_compiler 1.1.16 (1.1.20 available)
  video_player 2.9.2 (2.10.1 available)
  video_player_android 2.7.17 (2.9.1 available)
  video_player_avfoundation 2.7.0 (2.9.0 available)
  video_player_platform_interface 6.3.0 (6.6.0 available)
  video_player_web 2.3.4 (2.4.0 available)
  vm_service 15.0.0 (15.0.2 available)
  wakelock_plus 1.2.10 (1.4.0 available)
  wakelock_plus_platform_interface 1.2.2 (1.3.0 available)
  watcher 1.1.1 (1.2.1 available)
  web_socket 0.1.6 (1.0.1 available)
  web_socket_channel 3.0.2 (3.0.3 available)
  webview_flutter 4.10.0 (4.13.1 available)
  webview_flutter_android 4.3.2 (4.10.11 available)
  webview_flutter_platform_interface 2.10.0 (2.14.0 available)
  webview_flutter_wkwebview 3.18.1 (3.23.5 available)
  win32 5.10.1 (5.15.0 available)
  win32_registry 1.1.5 (2.1.0 available)
  xml 6.5.0 (6.6.1 available)
Got dependencies in `/app`!
165 packages have newer versions incompatible with dependency constraints.
Try `flutter pub outdated` for more information.
Shuffling test order with --test-randomize-ordering-seed=1689895627
00:00 +0: loading /app/app/test/blackboard/blackboard_item_read_by_users_list/user_view_test.dart                                                                                                      00:01 +0: loading /app/app/test/blackboard/blackboard_item_read_by_users_list/user_view_test.dart                                                                                                      00:02 +0: loading /app/app/test/blackboard/blackboard_item_read_by_users_list/user_view_test.dart                                                                                                      00:03 +0: loading /app/app/test/blackboard/blackboard_item_read_by_users_list/user_view_test.dart                                                                                                      00:04 +0: loading /app/app/test/blackboard/blackboard_item_read_by_users_list/user_view_test.dart                                                                                                      00:05 +0: loading /app/app/test/blackboard/blackboard_item_read_by_users_list/user_view_test.dart                                                                                                      00:06 +0: loading /app/app/test/blackboard/blackboard_item_read_by_users_list/user_view_test.dart                                                                                                      00:07 +0: loading /app/app/test/blackboard/blackboard_item_read_by_users_list/user_view_test.dart                                                                                                      00:08 +0: loading /app/app/test/blackboard/blackboard_item_read_by_users_list/user_view_test.dart                                                                                                      00:09 +0: loading /app/app/test/blackboard/blackboard_item_read_by_users_list/user_view_test.dart                                                                                                      00:10 +0: loading /app/app/test/blackboard/blackboard_item_read_by_users_list/user_view_test.dart                                                                                                      00:11 +0: loading /app/app/test/blackboard/blackboard_item_read_by_users_list/user_view_test.dart                                                                                                      00:12 +0: loading /app/app/test/blackboard/blackboard_item_read_by_users_list/user_view_test.dart                                                                                                      00:13 +0: loading /app/app/test/blackboard/blackboard_item_read_by_users_list/user_view_test.dart                                                                                                      00:14 +0: loading /app/app/test/blackboard/blackboard_item_read_by_users_list/user_view_test.dart                                                                                                      00:15 +0: loading /app/app/test/blackboard/blackboard_item_read_by_users_list/user_view_test.dart                                                                                                      00:16 +0: loading /app/app/test/blackboard/blackboard_item_read_by_users_list/user_view_test.dart                                                                                                      00:17 +0: loading /app/app/test/blackboard/blackboard_item_read_by_users_list/user_view_test.dart                                                                                                      00:18 +0: loading /app/app/test/blackboard/blackboard_item_read_by_users_list/user_view_test.dart                                                                                                      00:19 +0: loading /app/app/test/blackboard/blackboard_item_read_by_users_list/user_view_test.dart                                                                                                      00:20 +0: loading /app/app/test/blackboard/blackboard_item_read_by_users_list/user_view_test.dart                                                                                                      00:21 +0: loading /app/app/test/blackboard/blackboard_item_read_by_users_list/user_view_test.dart                                                                                                      00:22 +0: loading /app/app/test/blackboard/blackboard_item_read_by_users_list/user_view_test.dart                                                                                                      00:23 +0: loading /app/app/test/blackboard/blackboard_item_read_by_users_list/user_view_test.dart                                                                                                      00:24 +0: loading /app/app/test/blackboard/blackboard_item_read_by_users_list/user_view_test.dart                                                                                                      00:25 +0: loading /app/app/test/blackboard/blackboard_item_read_by_users_list/user_view_test.dart                                                                                                      00:26 +0: loading /app/app/test/blackboard/blackboard_item_read_by_users_list/user_view_test.dart                                                                                                      00:27 +0: loading /app/app/test/blackboard/blackboard_item_read_by_users_list/user_view_test.dart                                                                                                      00:28 +0: loading /app/app/test/blackboard/blackboard_item_read_by_users_list/user_view_test.dart                                                                                                      00:29 +0: loading /app/app/test/blackboard/blackboard_item_read_by_users_list/user_view_test.dart                                                                                                      00:30 +0: loading /app/app/test/blackboard/blackboard_item_read_by_users_list/user_view_test.dart                                                                                                      00:31 +0: loading /app/app/test/blackboard/blackboard_item_read_by_users_list/user_view_test.dart                                                                                                      00:32 +0: loading /app/app/test/blackboard/blackboard_item_read_by_users_list/user_view_test.dart                                                                                                      00:33 +0: loading /app/app/test/blackboard/blackboard_item_read_by_users_list/user_view_test.dart                                                                                                      00:34 +0: loading /app/app/test/blackboard/blackboard_item_read_by_users_list/user_view_test.dart                                                                                                      00:35 +0: loading /app/app/test/blackboard/blackboard_item_read_by_users_list/user_view_test.dart                                                                                                      00:36 +0: loading /app/app/test/blackboard/blackboard_item_read_by_users_list/user_view_test.dart                                                                                                      00:37 +0: loading /app/app/test/blackboard/blackboard_item_read_by_users_list/user_view_test.dart                                                                                                      00:38 +0: loading /app/app/test/blackboard/blackboard_item_read_by_users_list/user_view_test.dart                                                                                                      00:38 +0: /app/app/test/blackboard/blackboard_item_read_by_users_list/user_view_test.dart: blackboard_item_read_by_users_list user_view get parent user views sorted alphabetically                    00:38 +1: /app/app/test/blackboard/blackboard_item_read_by_users_list/user_view_test.dart: blackboard_item_read_by_users_list user_view get parent user views sorted alphabetically                    00:38 +1: /app/app/test/blackboard/blackboard_item_read_by_users_list/user_view_test.dart: blackboard_item_read_by_users_list user_view get teacher user views sorted alphabetically                   00:38 +2: /app/app/test/blackboard/blackboard_item_read_by_users_list/user_view_test.dart: blackboard_item_read_by_users_list user_view get teacher user views sorted alphabetically                   00:38 +2: /app/app/test/blackboard/blackboard_item_read_by_users_list/user_view_test.dart: blackboard_item_read_by_users_list user_view get student user views sorted alphabetically                   00:38 +3: /app/app/test/blackboard/blackboard_item_read_by_users_list/user_view_test.dart: blackboard_item_read_by_users_list user_view get student user views sorted alphabetically                   00:38 +3: /app/app/test/blackboard/blackboard_item_read_by_users_list/user_view_test.dart: blackboard_item_read_by_users_list user_view Sort user views first by typeOfUser and second by alphabet     00:38 +4: /app/app/test/blackboard/blackboard_item_read_by_users_list/user_view_test.dart: blackboard_item_read_by_users_list user_view Sort user views first by typeOfUser and second by alphabet     00:39 +4: /app/app/test/blackboard/blackboard_item_read_by_users_list/user_view_test.dart: blackboard_item_read_by_users_list user_view Sort user views first by typeOfUser and second by alphabet     00:40 +4: /app/app/test/blackboard/blackboard_item_read_by_users_list/user_view_test.dart: blackboard_item_read_by_users_list user_view Sort user views first by typeOfUser and second by alphabet     00:40 +4: loading /app/app/test/groups/group_join_select_courses_bloc_test.dart                                                                                                                        00:40 +4: /app/app/test/groups/group_join_select_courses_bloc_test.dart: GroupJoinSelectCoursesBlocTest only sends new request with selected courses                                                   00:40 +5: /app/app/test/groups/group_join_select_courses_bloc_test.dart: GroupJoinSelectCoursesBlocTest only sends new request with selected courses                                                   00:40 +5: /app/app/test/groups/group_join_select_courses_bloc_test.dart: GroupJoinSelectCoursesBlocTest sorts courselist alphabetically                                                                00:40 +6: /app/app/test/groups/group_join_select_courses_bloc_test.dart: GroupJoinSelectCoursesBlocTest sorts courselist alphabetically                                                                00:40 +6: /app/app/test/groups/group_join_select_courses_bloc_test.dart: GroupJoinSelectCoursesBlocTest updates isSelected, when the selectionState was updated                                        00:40 +7: /app/app/test/groups/group_join_select_courses_bloc_test.dart: GroupJoinSelectCoursesBlocTest updates isSelected, when the selectionState was updated                                        00:40 +7: /app/app/test/groups/group_join_select_courses_bloc_test.dart: GroupJoinSelectCoursesBlocTest sends new request with all preselected courses, if users skips the selection                   00:40 +8: /app/app/test/groups/group_join_select_courses_bloc_test.dart: GroupJoinSelectCoursesBlocTest sends new request with all preselected courses, if users skips the selection                   00:40 +8: /app/app/test/groups/group_join_select_courses_bloc_test.dart: GroupJoinSelectCoursesBlocTest sends new Join Request to GroupJoinBloc                                                        00:40 +9: /app/app/test/groups/group_join_select_courses_bloc_test.dart: GroupJoinSelectCoursesBlocTest sends new Join Request to GroupJoinBloc                                                        00:41 +9: /app/app/test/groups/group_join_select_courses_bloc_test.dart: GroupJoinSelectCoursesBlocTest sends new Join Request to GroupJoinBloc                                                        00:41 +9: loading /app/app/test/groups/share_buttons/link_sharing_button_test.dart                                                                                                                     00:41 +9: /app/app/test/groups/share_buttons/link_sharing_button_test.dart: ... kopieren" if the group has not a join link and platform not supports share options (variant: Platform.windows)         00:41 +9: /app/app/test/groups/share_buttons/link_sharing_button_test.dart: LinkSharingButton should has the text "Sharecode kopieren" if the group has not a join link and platform not supports share options (variant: Platform.windows)
  Skip: We generate the share links locally now as a "temporary" solution. See: https://github.com/SharezoneApp/sharezone-app/pull/1914
00:41 +9 ~1: /app/app/test/groups/share_buttons/link_sharing_button_test.dart: ... kopieren" if the group has not a join link and platform not supports share options (variant: Platform.windows)      00:41 +9 ~1: /app/app/test/groups/share_buttons/link_sharing_button_test.dart: ... text "Link kopieren" if the group has a join link and platform not supports share options (variant: Platform.linux) 00:41 +9 ~1: /app/app/test/groups/share_buttons/link_sharing_button_test.dart: LinkSharingButton should has the text "Link kopieren" if the group has a join link and platform not supports share options (variant: Platform.linux)
  Skip: We generate the share links locally now as a "temporary" solution. See: https://github.com/SharezoneApp/sharezone-app/pull/1914
00:41 +9 ~2: /app/app/test/groups/share_buttons/link_sharing_button_test.dart: ... text "Link kopieren" if the group has a join link and platform not supports share options (variant: Platform.linux) 00:41 +9 ~2: /app/app/test/groups/share_buttons/link_sharing_button_test.dart: ... text "Link kopieren" if the group has a join link and platform not supports share options (variant: Platform.macOS) 00:41 +9 ~2: /app/app/test/groups/share_buttons/link_sharing_button_test.dart: LinkSharingButton should has the text "Link kopieren" if the group has a join link and platform not supports share options (variant: Platform.macOS)
  Skip: We generate the share links locally now as a "temporary" solution. See: https://github.com/SharezoneApp/sharezone-app/pull/1914
00:41 +9 ~3: /app/app/test/groups/share_buttons/link_sharing_button_test.dart: ... text "Link kopieren" if the group has a join link and platform not supports share options (variant: Platform.macOS) 00:41 +9 ~3: /app/app/test/groups/share_buttons/link_sharing_button_test.dart: ... text "Link verschicken" if the group has a join link and platform supports share options (variant: Platform.android)00:41 +9 ~3: /app/app/test/groups/share_buttons/link_sharing_button_test.dart: LinkSharingButton should has the text "Link verschicken" if the group has a join link and platform supports share options (variant: Platform.android)
  Skip: We generate the share links locally now as a "temporary" solution. See: https://github.com/SharezoneApp/sharezone-app/pull/1914
00:41 +9 ~4: /app/app/test/groups/share_buttons/link_sharing_button_test.dart: ... text "Link verschicken" if the group has a join link and platform supports share options (variant: Platform.android)00:41 +9 ~4: /app/app/test/groups/share_buttons/link_sharing_button_test.dart: ... "Link kopieren" if the group has a join link and platform not supports share options (variant: Platform.windows)    00:41 +9 ~4: /app/app/test/groups/share_buttons/link_sharing_button_test.dart: LinkSharingButton should has the text "Link kopieren" if the group has a join link and platform not supports share options (variant: Platform.windows)
  Skip: We generate the share links locally now as a "temporary" solution. See: https://github.com/SharezoneApp/sharezone-app/pull/1914
00:41 +9 ~5: /app/app/test/groups/share_buttons/link_sharing_button_test.dart: ... "Link kopieren" if the group has a join link and platform not supports share options (variant: Platform.windows)    00:41 +9 ~5: /app/app/test/groups/share_buttons/link_sharing_button_test.dart: ... kopieren" if the group has not a join link and platform not supports share options (variant: Platform.linux)        00:41 +9 ~5: /app/app/test/groups/share_buttons/link_sharing_button_test.dart: LinkSharingButton should has the text "Sharecode kopieren" if the group has not a join link and platform not supports share options (variant: Platform.linux)
  Skip: We generate the share links locally now as a "temporary" solution. See: https://github.com/SharezoneApp/sharezone-app/pull/1914
00:41 +9 ~6: /app/app/test/groups/share_buttons/link_sharing_button_test.dart: ... kopieren" if the group has not a join link and platform not supports share options (variant: Platform.linux)        00:41 +9 ~6: /app/app/test/groups/share_buttons/link_sharing_button_test.dart: ... verschicken" if the group has not a join link and platform supports share options (variant: Platform.android)       00:41 +9 ~6: /app/app/test/groups/share_buttons/link_sharing_button_test.dart: LinkSharingButton should has the text "Sharecode verschicken" if the group has not a join link and platform supports share options (variant: Platform.android)
  Skip: We generate the share links locally now as a "temporary" solution. See: https://github.com/SharezoneApp/sharezone-app/pull/1914
00:41 +9 ~7: /app/app/test/groups/share_buttons/link_sharing_button_test.dart: ... verschicken" if the group has not a join link and platform supports share options (variant: Platform.android)       00:41 +9 ~7: /app/app/test/groups/share_buttons/link_sharing_button_test.dart: ... kopieren" if the group has not a join link and platform not supports share options (variant: Platform.macOS)        00:41 +9 ~7: /app/app/test/groups/share_buttons/link_sharing_button_test.dart: LinkSharingButton should has the text "Sharecode kopieren" if the group has not a join link and platform not supports share options (variant: Platform.macOS)
  Skip: We generate the share links locally now as a "temporary" solution. See: https://github.com/SharezoneApp/sharezone-app/pull/1914
00:41 +9 ~8: /app/app/test/groups/share_buttons/link_sharing_button_test.dart: ... kopieren" if the group has not a join link and platform not supports share options (variant: Platform.macOS)        00:41 +9 ~8: /app/app/test/groups/share_buttons/link_sharing_button_test.dart: ... "Sharecode verschicken" if the group has not a join link and platform supports share options (variant: Platform.iOS)00:41 +9 ~8: /app/app/test/groups/share_buttons/link_sharing_button_test.dart: LinkSharingButton should has the text "Sharecode verschicken" if the group has not a join link and platform supports share options (variant: Platform.iOS)
  Skip: We generate the share links locally now as a "temporary" solution. See: https://github.com/SharezoneApp/sharezone-app/pull/1914
00:41 +9 ~9: /app/app/test/groups/share_buttons/link_sharing_button_test.dart: ... "Sharecode verschicken" if the group has not a join link and platform supports share options (variant: Platform.iOS)00:41 +9 ~9: /app/app/test/groups/share_buttons/link_sharing_button_test.dart: ... the text "Link verschicken" if the group has a join link and platform supports share options (variant: Platform.iOS)00:41 +9 ~9: /app/app/test/groups/share_buttons/link_sharing_button_test.dart: LinkSharingButton should has the text "Link verschicken" if the group has a join link and platform supports share options (variant: Platform.iOS)
  Skip: We generate the share links locally now as a "temporary" solution. See: https://github.com/SharezoneApp/sharezone-app/pull/1914
00:41 +9 ~10: /app/app/test/groups/share_buttons/link_sharing_button_test.dart: ... text "Link verschicken" if the group has a join link and platform supports share options (variant: Platform.iOS)   00:42 +9 ~10: /app/app/test/groups/share_buttons/link_sharing_button_test.dart: ... text "Link verschicken" if the group has a join link and platform supports share options (variant: Platform.iOS)   00:42 +9 ~10: loading /app/app/test/groups/sharecode_text_test.dart                                                                                                                                    00:42 +9 ~10: /app/app/test/groups/sharecode_text_test.dart: SharecodeText runs onCopied, if user presses long on SharecodeText                                                                        00:43 +10 ~10: /app/app/test/groups/sharecode_text_test.dart: SharecodeText runs onCopied, if user presses long on SharecodeText                                                                       00:43 +11 ~10: /app/app/test/groups/sharecode_text_test.dart: SharecodeText runs onCopied, if user presses long on SharecodeText                                                                       00:43 +11 ~10: /app/app/test/groups/sharecode_text_test.dart: SharecodeText shows copy confirmation SnackBar, if user taps on SharecodeText                                                            00:43 +12 ~10: /app/app/test/groups/sharecode_text_test.dart: SharecodeText shows copy confirmation SnackBar, if user taps on SharecodeText                                                            00:43 +12 ~10: /app/app/test/groups/sharecode_text_test.dart: SharecodeText runs onCopied, if user taps on SharecodeText                                                                               00:43 +13 ~10: /app/app/test/groups/sharecode_text_test.dart: SharecodeText runs onCopied, if user taps on SharecodeText                                                                               00:43 +13 ~10: /app/app/test/groups/sharecode_text_test.dart: SharecodeText spells out the sharecode for screen readers: Sharecode 00000 (numbers are not written out)                                 00:43 +14 ~10: /app/app/test/groups/sharecode_text_test.dart: SharecodeText spells out the sharecode for screen readers: Sharecode 00000 (numbers are not written out)                                 00:43 +14 ~10: /app/app/test/groups/sharecode_text_test.dart: SharecodeText spells out the sharecode for screen readers: Sharecode 123a4v                                                              00:43 +15 ~10: /app/app/test/groups/sharecode_text_test.dart: SharecodeText spells out the sharecode for screen readers: Sharecode 123a4v                                                              00:43 +15 ~10: /app/app/test/groups/sharecode_text_test.dart: SharecodeText spells out the sharecode for screen readers: Sharecode AdB23c                                                              00:43 +16 ~10: /app/app/test/groups/sharecode_text_test.dart: SharecodeText spells out the sharecode for screen readers: Sharecode AdB23c                                                              00:43 +16 ~10: /app/app/test/groups/sharecode_text_test.dart: SharecodeText shows copy confirmation SnackBar, if user presses long on SharecodeText                                                    00:43 +17 ~10: /app/app/test/groups/sharecode_text_test.dart: SharecodeText shows copy confirmation SnackBar, if user presses long on SharecodeText                                                    00:44 +17 ~10: /app/app/test/groups/sharecode_text_test.dart: SharecodeText shows copy confirmation SnackBar, if user presses long on SharecodeText                                                    00:44 +17 ~10: loading /app/app/test/analytics/analytics_test.dart                                                                                                                                     00:44 +17 ~10: /app/app/test/analytics/analytics_test.dart: analytics An Event can have optional simple data that will be logged                                                                       00:44 +18 ~10: /app/app/test/analytics/analytics_test.dart: analytics An Event can have optional simple data that will be logged                                                                       00:44 +18 ~10: /app/app/test/analytics/analytics_test.dart: analytics An Event a valid name gets logged                                                                                                00:44 +19 ~10: /app/app/test/analytics/analytics_test.dart: analytics An Event a valid name gets logged                                                                                                00:44 +19 ~10: /app/app/test/analytics/analytics_test.dart: analytics An Event with an empty name will be ignored                                                                                      00:44 +20 ~10: /app/app/test/analytics/analytics_test.dart: analytics An Event with an empty name will be ignored                                                                                      00:44 +20 ~10: /app/app/test/analytics/analytics_test.dart: analytics if an Event has null data it will be given as an empty map to the backend                                                        00:44 +21 ~10: /app/app/test/analytics/analytics_test.dart: analytics if an Event has null data it will be given as an empty map to the backend                                                        00:45 +21 ~10: /app/app/test/analytics/analytics_test.dart: analytics if an Event has null data it will be given as an empty map to the backend                                                        00:45 +21 ~10: loading /app/app/test/analytics/navigation/navigation_analytics_test.dart                                                                                                               00:45 +21 ~10: /app/app/test/analytics/navigation/navigation_analytics_test.dart: navigation analytics A navigation analytics logs a drawer tile click with the correct suffix                         00:45 +22 ~10: /app/app/test/analytics/navigation/navigation_analytics_test.dart: navigation analytics A navigation analytics logs a drawer tile click with the correct suffix                         00:45 +22 ~10: /app/app/test/analytics/navigation/navigation_analytics_test.dart: navigation analytics A navigation analytics logs a nav bottom bar click with the correct suffix                      00:45 +23 ~10: /app/app/test/analytics/navigation/navigation_analytics_test.dart: navigation analytics A navigation analytics logs a nav bottom bar click with the correct suffix                      00:46 +23 ~10: /app/app/test/analytics/navigation/navigation_analytics_test.dart: navigation analytics A navigation analytics logs a nav bottom bar click with the correct suffix                      00:46 +23 ~10: loading /app/app/test/bottom_navigation_bar/bnb_tutorial_bloc_test.dart                                                                                                                 00:46 +23 ~10: /app/app/test/bottom_navigation_bar/bnb_tutorial_bloc_test.dart: BnB tutorial bloc show tutorial if never showed in runtime and never completed                                         00:47 +23 ~10: /app/app/test/bottom_navigation_bar/bnb_tutorial_bloc_test.dart: BnB tutorial bloc show tutorial if never showed in runtime and never completed                                         00:47 +24 ~10: /app/app/test/bottom_navigation_bar/bnb_tutorial_bloc_test.dart: BnB tutorial bloc show tutorial if never showed in runtime and never completed                                         00:47 +24 ~10: /app/app/test/bottom_navigation_bar/bnb_tutorial_bloc_test.dart: BnB tutorial bloc loggs analytics if user skips the tutorial                                                           00:47 +25 ~10: /app/app/test/bottom_navigation_bar/bnb_tutorial_bloc_test.dart: BnB tutorial bloc loggs analytics if user skips the tutorial                                                           00:47 +25 ~10: /app/app/test/bottom_navigation_bar/bnb_tutorial_bloc_test.dart: BnB tutorial bloc loggs analytics if user complets the tutorial                                                        00:47 +26 ~10: /app/app/test/bottom_navigation_bar/bnb_tutorial_bloc_test.dart: BnB tutorial bloc loggs analytics if user complets the tutorial                                                        00:47 +26 ~10: /app/app/test/bottom_navigation_bar/bnb_tutorial_bloc_test.dart: BnB tutorial bloc don't show tutorial if never showed in runtime, but completed                                        00:47 +27 ~10: /app/app/test/bottom_navigation_bar/bnb_tutorial_bloc_test.dart: BnB tutorial bloc don't show tutorial if never showed in runtime, but completed                                        00:47 +27 ~10: /app/app/test/bottom_navigation_bar/bnb_tutorial_bloc_test.dart: BnB tutorial bloc don't show tutorial if already showed in runtime and already completed                               00:47 +28 ~10: /app/app/test/bottom_navigation_bar/bnb_tutorial_bloc_test.dart: BnB tutorial bloc don't show tutorial if already showed in runtime and already completed                               00:47 +28 ~10: /app/app/test/bottom_navigation_bar/bnb_tutorial_bloc_test.dart: BnB tutorial bloc don't show tutorial if showed already in runtime, but never completed                                00:47 +29 ~10: /app/app/test/bottom_navigation_bar/bnb_tutorial_bloc_test.dart: BnB tutorial bloc don't show tutorial if showed already in runtime, but never completed                                00:47 +29 ~10: /app/app/test/bottom_navigation_bar/bnb_tutorial_bloc_test.dart: BnB tutorial bloc don't show tutorial if user doesn't completed the group onboarding                                   00:47 +30 ~10: /app/app/test/bottom_navigation_bar/bnb_tutorial_bloc_test.dart: BnB tutorial bloc don't show tutorial if user doesn't completed the group onboarding                                   00:48 +30 ~10: /app/app/test/bottom_navigation_bar/bnb_tutorial_bloc_test.dart: BnB tutorial bloc don't show tutorial if user doesn't completed the group onboarding                                   00:48 +30 ~10: loading /app/app/test/bottom_navigation_bar/extendable_bottom_navigation_bar_test.dart                                                                                                  00:48 +30 ~10: /app/app/test/bottom_navigation_bar/extendable_bottom_navigation_bar_test.dart: ExtendableBottomNavigationBar should not be shown, if as navigation drawer + bnb is selected            00:48 +31 ~10: /app/app/test/bottom_navigation_bar/extendable_bottom_navigation_bar_test.dart: ExtendableBottomNavigationBar should not be shown, if as navigation drawer + bnb is selected            00:49 +31 ~10: /app/app/test/bottom_navigation_bar/extendable_bottom_navigation_bar_test.dart: ExtendableBottomNavigationBar should not be shown, if as navigation drawer + bnb is selected            00:49 +31 ~10: loading /app/app/test/holidays/to_state_or_throw_test.dart                                                                                                                              00:49 +31 ~10: /app/app/test/holidays/to_state_or_throw_test.dart: toStateOrThrow supports every state that maps to a country                                                                          00:49 +32 ~10: /app/app/test/holidays/to_state_or_throw_test.dart: toStateOrThrow supports every state that maps to a country                                                                          00:49 +32 ~10: /app/app/test/holidays/to_state_or_throw_test.dart: toStateOrThrow throws for unsupported states                                                                                        00:49 +33 ~10: /app/app/test/holidays/to_state_or_throw_test.dart: toStateOrThrow throws for unsupported states                                                                                        00:50 +33 ~10: /app/app/test/holidays/to_state_or_throw_test.dart: toStateOrThrow throws for unsupported states                                                                                        00:51 +33 ~10: /app/app/test/holidays/to_state_or_throw_test.dart: toStateOrThrow throws for unsupported states                                                                                        00:51 +33 ~10: loading /app/app/test/holidays/holiday_cache_test.dart                                                                                                                                  00:51 +33 ~10: /app/app/test/holidays/holiday_cache_test.dart: Can save and load Holidays from Cache                                                                                                   00:51 +34 ~10: /app/app/test/holidays/holiday_cache_test.dart: Can save and load Holidays from Cache                                                                                                   00:51 +34 ~10: /app/app/test/holidays/holiday_cache_test.dart: Correctly returns if Holidays are past valid duration Correctly returns true                                                            00:51 +35 ~10: /app/app/test/holidays/holiday_cache_test.dart: Correctly returns if Holidays are past valid duration Correctly returns true                                                            00:51 +35 ~10: /app/app/test/holidays/holiday_cache_test.dart: Correctly returns if Holidays are past valid duration Correctly returns false                                                           00:51 +36 ~10: /app/app/test/holidays/holiday_cache_test.dart: Correctly returns if Holidays are past valid duration Correctly returns false                                                           00:51 +36 ~10: /app/app/test/holidays/holiday_cache_test.dart: Does not return holidays which are over/in the past.                                                                                    00:51 +37 ~10: /app/app/test/holidays/holiday_cache_test.dart: Does not return holidays which are over/in the past.                                                                                    00:52 +37 ~10: /app/app/test/holidays/holiday_cache_test.dart: Does not return holidays which are over/in the past.                                                                                    00:52 +37 ~10: loading /app/app/test/holidays/holiday_bloc_unit_test.dart                                                                                                                              00:52 +37 ~10: /app/app/test/holidays/holiday_bloc_unit_test.dart: When holidays can not be saved the api still returns as usual                                                                       00:52 +38 ~10: /app/app/test/holidays/holiday_bloc_unit_test.dart: When holidays can not be saved the api still returns as usual                                                                       00:52 +38 ~10: /app/app/test/holidays/holiday_bloc_unit_test.dart: If Cache can not load Holidays the API will be invoked and will save the data to cache again                                        00:52 +39 ~10: /app/app/test/holidays/holiday_bloc_unit_test.dart: If Cache can not load Holidays the API will be invoked and will save the data to cache again                                        00:52 +39 ~10: /app/app/test/holidays/holiday_bloc_unit_test.dart: If cached Holidays are not valid anymore, then the API will get called, but will still return cached data when API call is failing  00:52 +40 ~10: /app/app/test/holidays/holiday_bloc_unit_test.dart: If cached Holidays are not valid anymore, then the API will get called, but will still return cached data when API call is failing  00:52 +40 ~10: /app/app/test/holidays/holiday_bloc_unit_test.dart: If cached Holidays are not valid anymore, then the API will get called and if successfull return                                    00:52 +41 ~10: /app/app/test/holidays/holiday_bloc_unit_test.dart: If cached Holidays are not valid anymore, then the API will get called and if successfull return                                    00:52 +41 ~10: /app/app/test/holidays/holiday_bloc_unit_test.dart: If Cache returns valid data then the API does not get called                                                                        00:52 +42 ~10: /app/app/test/holidays/holiday_bloc_unit_test.dart: If Cache returns valid data then the API does not get called                                                                        00:52 +42 ~10: /app/app/test/holidays/holiday_bloc_unit_test.dart: When giving wrong state an Exception is given back to the stream                                                                    00:52 +43 ~10: /app/app/test/holidays/holiday_bloc_unit_test.dart: When giving wrong state an Exception is given back to the stream                                                                    00:52 +43 ~10: /app/app/test/holidays/holiday_bloc_unit_test.dart: Changing states from Stream yields correct holidays from stream                                                                     00:52 +44 ~10: /app/app/test/holidays/holiday_bloc_unit_test.dart: Changing states from Stream yields correct holidays from stream                                                                     00:52 +44 ~10: /app/app/test/holidays/holiday_bloc_unit_test.dart: bloc can be disposed                                                                                                                00:52 +45 ~10: /app/app/test/holidays/holiday_bloc_unit_test.dart: bloc can be disposed                                                                                                                00:53 +45 ~10: /app/app/test/holidays/holiday_bloc_unit_test.dart: bloc can be disposed                                                                                                                00:53 +45 ~10: loading /app/app/test/holidays/integration_test.dart                                                                                                                                    00:53 +45 ~10: /app/app/test/holidays/integration_test.dart: Cache loads from API after empty cache and then from Cache                                                                                00:53 +46 ~10: /app/app/test/holidays/integration_test.dart: Cache loads from API after empty cache and then from Cache                                                                                00:54 +46 ~10: /app/app/test/holidays/integration_test.dart: Cache loads from API after empty cache and then from Cache                                                                                00:55 +46 ~10: /app/app/test/holidays/integration_test.dart: Cache loads from API after empty cache and then from Cache                                                                                00:55 +46 ~10: loading /app/app/test/timetable/timetable_dialog_test.dart                                                                                                                              00:55 +46 ~10: /app/app/test/timetable/timetable_dialog_test.dart: event add dialog shows course error message if save is pressed and no course is chosen                                              00:56 +46 ~10: /app/app/test/timetable/timetable_dialog_test.dart: event add dialog shows course error message if save is pressed and no course is chosen                                              00:56 +47 ~10: /app/app/test/timetable/timetable_dialog_test.dart: event add dialog shows course error message if save is pressed and no course is chosen                                              00:56 +48 ~10: /app/app/test/timetable/timetable_dialog_test.dart: event add dialog shows course error message if save is pressed and no course is chosen                                              00:56 +49 ~10: /app/app/test/timetable/timetable_dialog_test.dart: event add dialog shows course error message if save is pressed and no course is chosen                                              00:56 +50 ~10: /app/app/test/timetable/timetable_dialog_test.dart: event add dialog shows course error message if save is pressed and no course is chosen                                              00:56 +51 ~10: /app/app/test/timetable/timetable_dialog_test.dart: event add dialog shows course error message if save is pressed and no course is chosen                                              00:56 +52 ~10: /app/app/test/timetable/timetable_dialog_test.dart: event add dialog shows course error message if save is pressed and no course is chosen                                              00:56 +53 ~10: /app/app/test/timetable/timetable_dialog_test.dart: event add dialog shows course error message if save is pressed and no course is chosen                                              00:56 +54 ~10: /app/app/test/timetable/timetable_dialog_test.dart: event add dialog shows course error message if save is pressed and no course is chosen                                              00:56 +55 ~10: /app/app/test/timetable/timetable_dialog_test.dart: event add dialog shows course error message if save is pressed and no course is chosen                                              00:56 +56 ~10: /app/app/test/timetable/timetable_dialog_test.dart: event add dialog shows course error message if save is pressed and no course is chosen                                              00:56 +57 ~10: /app/app/test/timetable/timetable_dialog_test.dart: event add dialog shows course error message if save is pressed and no course is chosen                                              00:57 +57 ~10: /app/app/test/timetable/timetable_dialog_test.dart: event add dialog shows course error message if save is pressed and no course is chosen                                              00:57 +58 ~10: /app/app/test/timetable/timetable_dialog_test.dart: event add dialog shows course error message if save is pressed and no course is chosen                                              00:57 +58 ~10: /app/app/test/timetable/timetable_dialog_test.dart: event add dialog saves exam                                                                                                         00:58 +58 ~10: /app/app/test/timetable/timetable_dialog_test.dart: event add dialog saves exam                                                                                                         00:58 +59 ~10: /app/app/test/timetable/timetable_dialog_test.dart: event add dialog saves exam                                                                                                         00:59 +59 ~10: /app/app/test/timetable/timetable_dialog_test.dart: event add dialog saves exam                                                                                                         00:59 +60 ~10: /app/app/test/timetable/timetable_dialog_test.dart: event add dialog saves exam                                                                                                         00:59 +60 ~10: /app/app/test/timetable/timetable_dialog_test.dart: event add dialog doesnt show "are you sure" dialog if the user tries to close the dialog with no changes                            00:59 +61 ~10: /app/app/test/timetable/timetable_dialog_test.dart: event add dialog doesnt show "are you sure" dialog if the user tries to close the dialog with no changes                            00:59 +61 ~10: /app/app/test/timetable/timetable_dialog_test.dart: event add dialog focuses title field when opening page                                                                              00:59 +62 ~10: /app/app/test/timetable/timetable_dialog_test.dart: event add dialog focuses title field when opening page                                                                              00:59 +62 ~10: /app/app/test/timetable/timetable_dialog_test.dart: event add dialog doesnt show "end time not after start time" error message when save was not pressed                                00:59 +63 ~10: /app/app/test/timetable/timetable_dialog_test.dart: event add dialog doesnt show "end time not after start time" error message when save was not pressed                                00:59 +63 ~10: /app/app/test/timetable/timetable_dialog_test.dart: event add dialog shows "are you sure" dialog if the user tries to close the dialog with unsaved changes (title)                     01:00 +63 ~10: /app/app/test/timetable/timetable_dialog_test.dart: event add dialog shows "are you sure" dialog if the user tries to close the dialog with unsaved changes (title)                     01:00 +64 ~10: /app/app/test/timetable/timetable_dialog_test.dart: event add dialog shows "are you sure" dialog if the user tries to close the dialog with unsaved changes (title)                     01:00 +64 ~10: /app/app/test/timetable/timetable_dialog_test.dart: event add dialog doesnt show title error message if save is not pressed and the title is empty                                      01:00 +65 ~10: /app/app/test/timetable/timetable_dialog_test.dart: event add dialog doesnt show title error message if save is not pressed and the title is empty                                      01:00 +65 ~10: /app/app/test/timetable/timetable_dialog_test.dart: event add dialog removes course error message if a course is chosen                                                                 01:00 +66 ~10: /app/app/test/timetable/teacher_field_test.dart: TeacherField show allow interactions when unlocked                                                                                     01:01 +66 ~10: /app/app/test/timetable/teacher_field_test.dart: TeacherField show allow interactions when unlocked                                                                                     01:01 +67 ~10: /app/app/test/timetable/teacher_field_test.dart: TeacherField show allow interactions when unlocked                                                                                     01:01 +68 ~10: /app/app/test/timetable/teacher_field_test.dart: TeacherField show allow interactions when unlocked                                                                                     01:01 +69 ~10: /app/app/test/timetable/teacher_field_test.dart: TeacherField show allow interactions when unlocked                                                                                     01:01 +70 ~10: /app/app/test/timetable/timetable_dialog_test.dart: event add dialog shows "end time not after start time" error message when save was pressed                                          01:01 +71 ~10: /app/app/test/timetable/teacher_field_test.dart: TeacherField should show showTeachersInTimetablePlusDialog when non plus user taps on teacher field                                    01:01 +72 ~10: /app/app/test/timetable/timetable_dialog_test.dart: event add dialog saves event                                                                                                        01:01 +73 ~10: /app/app/test/timetable/timetable_dialog_test.dart: event add dialog saves event                                                                                                        01:02 +73 ~10: /app/app/test/timetable/timetable_dialog_test.dart: event add dialog saves event                                                                                                        01:02 +74 ~10: /app/app/test/timetable/timetable_dialog_test.dart: event add dialog saves event                                                                                                        01:02 +75 ~10: /app/app/test/timetable/teacher_field_test.dart: TeacherField should related teachers in autocomplete menu                                                                              01:02 +76 ~10: /app/app/test/timetable/timetable_dialog_test.dart: event add dialog shows "are you sure" dialog if the user tries to close the dialog with unsaved changes (description/details)       01:02 +77 ~10: /app/app/test/timetable/timetable_dialog_test.dart: event add dialog shows "are you sure" dialog if the user tries to close the dialog with unsaved changes (description/details)       01:02 +78 ~10: /app/app/test/timetable/timetable_dialog_test.dart: event add dialog shows "are you sure" dialog if the user tries to close the dialog with unsaved changes (description/details)       01:02 +79 ~10: /app/app/test/timetable/timetable_dialog_test.dart: event add dialog shows "are you sure" dialog if the user tries to close the dialog with unsaved changes (description/details)       01:02 +79 ~10: /app/app/test/timetable/timetable_dialog_test.dart: event add dialog changes both dates (start and end) on screen if the date is changed                                                01:03 +79 ~10: /app/app/test/timetable/timetable_dialog_test.dart: event add dialog changes both dates (start and end) on screen if the date is changed                                                01:03 +80 ~10: /app/app/test/timetable/timetable_dialog_test.dart: event add dialog changes both dates (start and end) on screen if the date is changed                                                01:03 +80 ~10: /app/app/test/timetable/timetable_dialog_test.dart: event add dialog doesnt show "end time not after start time" error message when end time is after start time                        01:03 +81 ~10: /app/app/test/timetable/timetable_dialog_test.dart: event add dialog doesnt show "end time not after start time" error message when end time is after start time                        01:03 +81 ~10: /app/app/test/timetable/timetable_dialog_test.dart: event add dialog shows "are you sure" dialog if the user tries to close the dialog with unsaved changes (description/details)       01:03 +82 ~10: /app/app/test/timetable/timetable_dialog_test.dart: event add dialog shows "are you sure" dialog if the user tries to close the dialog with unsaved changes (description/details)       01:03 +82 ~10: /app/app/test/timetable/timetable_dialog_test.dart: event add dialog opens a dialog when pressing end-date saying multi-day events are not possible yet                                 01:03 +83 ~10: /app/app/test/timetable/timetable_dialog_test.dart: event add dialog opens a dialog when pressing end-date saying multi-day events are not possible yet                                 01:03 +83 ~10: /app/app/test/timetable/timetable_dialog_test.dart: event add dialog doesnt show "are you sure" dialog if the user tries to close the dialog with no changes                            01:03 +84 ~10: /app/app/test/timetable/timetable_dialog_test.dart: event add dialog doesnt show "are you sure" dialog if the user tries to close the dialog with no changes                            01:03 +84 ~10: /app/app/test/timetable/timetable_dialog_test.dart: event add dialog removes title error message if save is pressed with an empty title but text is entered afterwards                  01:04 +84 ~10: /app/app/test/timetable/timetable_dialog_test.dart: event add dialog removes title error message if save is pressed with an empty title but text is entered afterwards                  01:04 +85 ~10: /app/app/test/timetable/timetable_dialog_test.dart: event add dialog removes title error message if save is pressed with an empty title but text is entered afterwards                  01:04 +85 ~10: loading /app/app/test/timetable/timetable_bloc_test.dart                                                                                                                                01:04 +85 ~10: /app/app/test/timetable/timetable_bloc_test.dart: TimetableBloc SchoolClassSelection If the user has not selected a specific school class, the lessons of all groups should be shown    01:04 +86 ~10: /app/app/test/timetable/timetable_bloc_test.dart: TimetableBloc SchoolClassSelection If the user has not selected a specific school class, the lessons of all groups should be shown    01:04 +86 ~10: /app/app/test/timetable/timetable_bloc_test.dart: TimetableBloc SchoolClassSelection analytics Log analyitcs, if the user selects a specific school class.                              01:04 +87 ~10: /app/app/test/timetable/timetable_bloc_test.dart: TimetableBloc SchoolClassSelection analytics Log analyitcs, if the user selects a specific school class.                              01:04 +88 ~10: /app/app/test/timetable/timetable_bloc_test.dart: TimetableBloc SchoolClassSelection analytics Log analyitcs, if the user selects a specific school class.                              01:04 +88 ~10: /app/app/test/timetable/timetable_bloc_test.dart: TimetableBloc SchoolClassSelection If the user has not selected a specific school class, the events of all groups should be shown     01:04 +89 ~10: /app/app/test/timetable/timetable_bloc_test.dart: TimetableBloc SchoolClassSelection If the user has not selected a specific school class, the events of all groups should be shown     01:04 +89 ~10: /app/app/test/timetable/timetable_bloc_test.dart: TimetableBloc SchoolClassSelection If the user has selected a specific school class, the school class view should be selected         01:04 +90 ~10: /app/app/test/timetable/timetable_bloc_test.dart: TimetableBloc SchoolClassSelection If the user has selected a specific school class, the school class view should be selected         01:04 +90 ~10: /app/app/test/timetable/timetable_bloc_test.dart: TimetableBloc SchoolClassSelection If the user has not selected a specific school class, the events of all groups should be shown     01:04 +91 ~10: /app/app/test/timetable/timetable_bloc_test.dart: TimetableBloc SchoolClassSelection If the user has not selected a specific school class, the events of all groups should be shown     01:04 +91 ~10: /app/app/test/timetable/timetable_bloc_test.dart: TimetableBloc SchoolClassSelection If "show all groups" is selected then no specific class should be selected                         01:04 +92 ~10: /app/app/test/timetable/timetable_bloc_test.dart: TimetableBloc SchoolClassSelection If "show all groups" is selected then no specific class should be selected                         01:04 +92 ~10: /app/app/test/timetable/timetable_bloc_test.dart: TimetableBloc SchoolClassSelection As a default value all groups should be shown                                                      01:04 +93 ~10: /app/app/test/timetable/timetable_bloc_test.dart: TimetableBloc SchoolClassSelection As a default value all groups should be shown                                                      01:04 +93 ~10: /app/app/test/timetable/timetable_bloc_test.dart: TimetableBloc SchoolClassSelection If the user has selected a specific school class, only the lessons of this group should be shown   01:04 +94 ~10: /app/app/test/timetable/timetable_bloc_test.dart: TimetableBloc SchoolClassSelection If the user has selected a specific school class, only the lessons of this group should be shown   01:04 +94 ~10: /app/app/test/timetable/timetable_bloc_test.dart: TimetableBloc SchoolClassSelection The school classes in the view should be sorted alphabetically                                     01:04 +95 ~10: /app/app/test/timetable/timetable_bloc_test.dart: TimetableBloc SchoolClassSelection The school classes in the view should be sorted alphabetically                                     01:05 +95 ~10: /app/app/test/timetable/timetable_bloc_test.dart: TimetableBloc SchoolClassSelection The school classes in the view should be sorted alphabetically                                     01:06 +95 ~10: /app/app/test/timetable/timetable_bloc_test.dart: TimetableBloc SchoolClassSelection The school classes in the view should be sorted alphabetically                                     01:06 +95 ~10: loading /app/app/test/timetable/timetable_page_test.dart                                                                                                                                01:06 +95 ~10: /app/app/test/timetable/timetable_page_test.dart: TimetablePage SchoolClassFilter If the user selects a school class, this school class should be passed to the bloc                    01:06 +96 ~10: /app/app/test/timetable/timetable_page_test.dart: TimetablePage SchoolClassFilter If the user selects a school class, this school class should be passed to the bloc                    01:07 +96 ~10: /app/app/test/timetable/timetable_page_test.dart: TimetablePage SchoolClassFilter If the user selects a school class, this school class should be passed to the bloc                    01:07 +97 ~10: /app/app/test/timetable/timetable_page_test.dart: TimetablePage SchoolClassFilter If the user selects a school class, this school class should be passed to the bloc                    01:07 +97 ~10: /app/app/test/timetable/timetable_page_test.dart: ... SchoolClassFilter If the user is member of one or zero school classes, the school class selection widget should not be shown      01:07 +98 ~10: /app/app/test/timetable/timetable_page_test.dart: ... SchoolClassFilter If the user is member of one or zero school classes, the school class selection widget should not be shown      01:07 +98 ~10: /app/app/test/timetable/timetable_page_test.dart: ... SchoolClassFilter If the user has not selected a school class, the word "Alle" should be used as the current school class         01:07 +99 ~10: /app/app/test/timetable/timetable_page_test.dart: ... SchoolClassFilter If the user has not selected a school class, the word "Alle" should be used as the current school class         01:07 +99 ~10: /app/app/test/timetable/timetable_page_test.dart: TimetablePage SchoolClassFilter If a user opens school class menu, all school classes should be shown                                 01:07 +100 ~10: /app/app/test/timetable/timetable_page_test.dart: TimetablePage SchoolClassFilter If a user opens school class menu, all school classes should be shown                                01:07 +100 ~10: /app/app/test/timetable/timetable_page_test.dart: ... SchoolClassFilter If the user is member of two or more school classes, the school class selection widget should be shown         01:07 +101 ~10: /app/app/test/timetable/timetable_page_test.dart: ... SchoolClassFilter If the user is member of two or more school classes, the school class selection widget should be shown         01:08 +101 ~10: /app/app/test/timetable/timetable_page_test.dart: ... SchoolClassFilter If the user is member of two or more school classes, the school class selection widget should be shown         01:08 +101 ~10: loading /app/app/test/sharezone_plus/sharezone_plus_page_test.dart                                                                                                                     01:08 +101 ~10: /app/app/test/sharezone_plus/sharezone_plus_page_test.dart: SharezonePlusPage shows price to pay if not subscribed                                                                     01:09 +101 ~10: /app/app/test/sharezone_plus/sharezone_plus_page_test.dart: SharezonePlusPage shows price to pay if not subscribed                                                                     01:10 +101 ~10: /app/app/test/sharezone_plus/sharezone_plus_page_test.dart: SharezonePlusPage shows price to pay if not subscribed                                                                     01:10 +102 ~10: /app/app/test/sharezone_plus/sharezone_plus_page_test.dart: SharezonePlusPage shows price to pay if not subscribed                                                                     01:10 +103 ~10: /app/app/test/sharezone_plus/sharezone_plus_page_test.dart: SharezonePlusPage shows price to pay if not subscribed                                                                     01:10 +104 ~10: /app/app/test/sharezone_plus/sharezone_plus_page_test.dart: SharezonePlusPage shows price to pay if not subscribed                                                                     01:10 +105 ~10: /app/app/test/sharezone_plus/sharezone_plus_page_test.dart: SharezonePlusPage shows price to pay if not subscribed                                                                     01:10 +106 ~10: /app/app/test/sharezone_plus/sharezone_plus_page_test.dart: SharezonePlusPage shows price to pay if not subscribed                                                                     01:10 +106 ~10: /app/app/test/sharezone_plus/sharezone_plus_page_test.dart: SharezonePlusPage calls cancelSubscription() when "cancel" is pressed                                                      01:11 +106 ~10: /app/app/test/sharezone_plus/sharezone_plus_page_test.dart: SharezonePlusPage calls cancelSubscription() when "cancel" is pressed                                                      01:11 +107 ~10: /app/app/test/sharezone_plus/sharezone_plus_page_test.dart: SharezonePlusPage calls cancelSubscription() when "cancel" is pressed                                                      01:11 +107 ~10: /app/app/test/sharezone_plus/sharezone_plus_page_test.dart: SharezonePlusPage shows "cancel" button if subscribed                                                                      01:11 +108 ~10: /app/app/test/sharezone_plus/sharezone_plus_page_test.dart: SharezonePlusPage shows "cancel" button if subscribed                                                                      01:11 +108 ~10: /app/app/test/sharezone_plus/sharezone_plus_page_test.dart: SharezonePlusPage calls buySubscription() when "subscribe" is pressed                                                      01:11 +109 ~10: /app/app/test/sharezone_plus/sharezone_plus_page_test.dart: SharezonePlusPage calls buySubscription() when "subscribe" is pressed                                                      01:11 +109 ~10: /app/app/test/sharezone_plus/sharezone_plus_page_test.dart: SharezonePlusPage if loading then GrayShimmer is shown                                                                     01:12 +109 ~10: /app/app/test/sharezone_plus/sharezone_plus_page_test.dart: SharezonePlusPage if loading then GrayShimmer is shown                                                                     01:12 +110 ~10: /app/app/test/feedback/feedback_bloc_test.dart: Feedback tests submits Feedback if at least one of the text fields was filled out                                                      01:12 +111 ~10: /app/app/test/sharezone_plus/sharezone_plus_page_test.dart: SharezonePlusPage if loading then the "subscribe" button is disabled                                                       01:12 +112 ~10: /app/app/test/sharezone_plus/sharezone_plus_page_test.dart: SharezonePlusPage if loading then the "subscribe" button is disabled                                                       01:12 +113 ~10: /app/app/test/sharezone_plus/sharezone_plus_page_test.dart: SharezonePlusPage if loading then the "subscribe" button is disabled                                                       01:12 +114 ~10: /app/app/test/sharezone_plus/sharezone_plus_page_test.dart: SharezonePlusPage if loading then the "subscribe" button is disabled                                                       01:12 +115 ~10: /app/app/test/sharezone_plus/sharezone_plus_page_test.dart: SharezonePlusPage if loading then the "subscribe" button is disabled                                                       01:12 +116 ~10: /app/app/test/sharezone_plus/sharezone_plus_page_test.dart: SharezonePlusPage if loading then the "subscribe" button is disabled                                                       01:12 +117 ~10: /app/app/test/sharezone_plus/sharezone_plus_page_test.dart: SharezonePlusPage if loading then the "subscribe" button is disabled                                                       01:12 +118 ~10: /app/app/test/sharezone_plus/sharezone_plus_page_test.dart: SharezonePlusPage if loading then the "subscribe" button is disabled                                                       01:13 +118 ~10: /app/app/test/sharezone_plus/sharezone_plus_page_test.dart: SharezonePlusPage if loading then the "subscribe" button is disabled                                                       01:14 +118 ~10: /app/app/test/sharezone_plus/sharezone_plus_page_test.dart: SharezonePlusPage if loading then the "subscribe" button is disabled                                                       01:14 +118 ~10: loading /app/app/test/feedback/feedback_page_test.dart                                                                                                                                 01:14 +118 ~10: /app/app/test/feedback/feedback_page_test.dart: Feedback tests submit does call API if user is not on cooldown                                                                         01:14 +119 ~10: /app/app/test/feedback/feedback_page_test.dart: Feedback tests submit does call API if user is not on cooldown                                                                         01:14 +119 ~10: /app/app/test/feedback/feedback_page_test.dart: Feedback tests submit does not call API if user is on cooldown                                                                         01:14 +120 ~10: /app/app/test/feedback/feedback_page_test.dart: Feedback tests submit does not call API if user is on cooldown                                                                         01:14 +120 ~10: /app/app/test/feedback/feedback_page_test.dart: Feedback tests Feedback is send with uid and device information                                                                        01:14 +121 ~10: /app/app/test/feedback/feedback_page_test.dart: Feedback tests Feedback is send with uid and device information                                                                        01:14 +121 ~10: /app/app/test/feedback/feedback_page_test.dart: Feedback tests prefills the textfields from last draft                                                                                 01:15 +121 ~10: /app/app/test/feedback/feedback_page_test.dart: Feedback tests prefills the textfields from last draft                                                                                 01:15 +122 ~10: /app/app/test/feedback/feedback_page_test.dart: Feedback tests prefills the textfields from last draft                                                                                 01:15 +123 ~10: /app/app/test/feedback/feedback_page_test.dart: Feedback tests prefills the textfields from last draft                                                                                 01:15 +124 ~10: /app/app/test/feedback/feedback_page_test.dart: Feedback tests prefills the textfields from last draft                                                                                 01:15 +125 ~10: /app/app/test/feedback/feedback_page_test.dart: Feedback tests prefills the textfields from last draft                                                                                 01:16 +125 ~10: /app/app/test/feedback/feedback_page_test.dart: Feedback tests prefills the textfields from last draft                                                                                 01:17 +125 ~10: /app/app/test/feedback/feedback_page_test.dart: Feedback tests prefills the textfields from last draft                                                                                 01:17 +125 ~10: loading /app/app/test/course/course_create_bloc_test.dart                                                                                                                              01:17 +125 ~10: /app/app/test/course/course_create_bloc_test.dart: Input isValid == true if every validator is valid                                                                                   01:17 +126 ~10: /app/app/test/course/course_create_bloc_test.dart: Input isValid == true if every validator is valid                                                                                   01:17 +126 ~10: /app/app/test/course/course_create_bloc_test.dart: If a course subject is given then the same value should be emitted with no error                                                    01:17 +127 ~10: /app/app/test/course/course_create_bloc_test.dart: If a course subject is given then the same value should be emitted with no error                                                    01:17 +127 ~10: /app/app/test/course/course_create_bloc_test.dart: When no subject is initially given then no Exception is emitted                                                                     01:17 +128 ~10: /app/app/test/course/course_create_bloc_test.dart: When no subject is initially given then no Exception is emitted                                                                     01:17 +128 ~10: /app/app/test/course/course_create_bloc_test.dart: If a user specifies and then deletes the course subject an validation error should be emitted                                       01:17 +129 ~10: /app/app/test/course/course_create_bloc_test.dart: If a user specifies and then deletes the course subject an validation error should be emitted                                       01:17 +129 ~10: /app/app/test/course/course_create_bloc_test.dart: If submit is called then the CourseCreateApi is used                                                                                01:17 +130 ~10: /app/app/test/course/course_create_bloc_test.dart: If submit is called then the CourseCreateApi is used                                                                                01:17 +130 ~10: /app/app/test/course/course_create_bloc_test.dart: If the user doesn't give a course name then the subjec will be used as course name                                                  01:17 +131 ~10: /app/app/test/course/course_create_bloc_test.dart: If the user doesn't give a course name then the subjec will be used as course name                                                  01:17 +131 ~10: /app/app/test/course/course_create_bloc_test.dart: If the user gives a course name then it will be used                                                                                01:17 +132 ~10: /app/app/test/course/course_create_bloc_test.dart: If the user gives a course name then it will be used                                                                                01:17 +132 ~10: /app/app/test/course/course_create_bloc_test.dart: Input isValid == false if one validator isn't valid                                                                                 01:17 +133 ~10: /app/app/test/course/course_create_bloc_test.dart: Input isValid == false if one validator isn't valid                                                                                 01:18 +133 ~10: /app/app/test/course/course_create_bloc_test.dart: Input isValid == false if one validator isn't valid                                                                                 01:18 +133 ~10: loading /app/app/test/privacy_policy/table_of_contents/toc_section_expansion_test.dart                                                                                                 01:18 +133 ~10: /app/app/test/privacy_policy/table_of_contents/toc_section_expansion_test.dart: Table of Contents section expansion Expandable sections are collapsed by default                       01:18 +134 ~10: /app/app/test/privacy_policy/table_of_contents/toc_section_expansion_test.dart: Table of Contents section expansion Expandable sections are collapsed by default                       01:18 +134 ~10: /app/app/test/privacy_policy/table_of_contents/toc_section_expansion_test.dart: ... expansion When manually expanding a section it stays open even if it the user finishes reading it  01:18 +135 ~10: /app/app/test/privacy_policy/table_of_contents/toc_section_expansion_test.dart: ... expansion When manually expanding a section it stays open even if it the user finishes reading it  01:18 +135 ~10: /app/app/test/privacy_policy/table_of_contents/toc_section_expansion_test.dart: ... read and scrolling in and out of then it will expand automatically again (default behavior)        01:18 +136 ~10: /app/app/test/privacy_policy/table_of_contents/toc_section_expansion_test.dart: ... read and scrolling in and out of then it will expand automatically again (default behavior)        01:18 +136 ~10: /app/app/test/privacy_policy/table_of_contents/toc_section_expansion_test.dart: ... section expansion A section in which a subsection is currently read is expanded automatically.     01:18 +137 ~10: /app/app/test/privacy_policy/table_of_contents/toc_section_expansion_test.dart: ... section expansion A section in which a subsection is currently read is expanded automatically.     01:18 +137 ~10: /app/app/test/privacy_policy/table_of_contents/toc_section_expansion_test.dart: Table of Contents section expansion A section that is currently read is expanded automatically.        01:18 +138 ~10: /app/app/test/privacy_policy/table_of_contents/toc_section_expansion_test.dart: Table of Contents section expansion A section that is currently read is expanded automatically.        01:18 +138 ~10: /app/app/test/privacy_policy/table_of_contents/toc_section_expansion_test.dart: ... When manually toggling the expansion state on a collapsed section (currently not read) it expands  01:18 +139 ~10: /app/app/test/privacy_policy/table_of_contents/toc_section_expansion_test.dart: ... When manually toggling the expansion state on a collapsed section (currently not read) it expands  01:18 +139 ~10: /app/app/test/privacy_policy/table_of_contents/toc_section_expansion_test.dart: ... toggling the expansion state on a manually expanded section (currently not read) it collapses      01:18 +140 ~10: /app/app/test/privacy_policy/table_of_contents/toc_section_expansion_test.dart: ... toggling the expansion state on a manually expanded section (currently not read) it collapses      01:18 +140 ~10: /app/app/test/privacy_policy/table_of_contents/toc_section_expansion_test.dart: ... read and scrolling in and out of then it will expand automatically again (default behavior)        01:18 +141 ~10: /app/app/test/privacy_policy/table_of_contents/toc_section_expansion_test.dart: ... read and scrolling in and out of then it will expand automatically again (default behavior)        01:18 +141 ~10: /app/app/test/privacy_policy/table_of_contents/toc_section_expansion_test.dart: Table of Contents section expansion Regression test: Changing the expansion behavior works             01:18 +142 ~10: /app/app/test/privacy_policy/table_of_contents/toc_section_expansion_test.dart: Table of Contents section expansion Regression test: Changing the expansion behavior works             01:18 +142 ~10: /app/app/test/privacy_policy/table_of_contents/toc_section_expansion_test.dart: ... a section that is currently read it will stay closed when switching between its subchapters        01:18 +143 ~10: /app/app/test/privacy_policy/table_of_contents/toc_section_expansion_test.dart: ... a section that is currently read it will stay closed when switching between its subchapters        01:18 +143 ~10: /app/app/test/privacy_policy/table_of_contents/toc_section_expansion_test.dart: Table of Contents section expansion Regression test: Changing the expansion behavior works 2           01:18 +144 ~10: /app/app/test/privacy_policy/table_of_contents/toc_section_expansion_test.dart: Table of Contents section expansion Regression test: Changing the expansion behavior works 2           01:18 +144 ~10: /app/app/test/privacy_policy/table_of_contents/toc_section_expansion_test.dart: ... expansion regression test: manually collapsing and expanding a section that is currently read      01:18 +145 ~10: /app/app/test/privacy_policy/table_of_contents/toc_section_expansion_test.dart: ... expansion regression test: manually collapsing and expanding a section that is currently read      01:18 +145 ~10: /app/app/test/privacy_policy/table_of_contents/toc_section_expansion_test.dart: Table of Contents section expansion Collapsing and Expanding multiple sections works                   01:18 +146 ~10: /app/app/test/privacy_policy/table_of_contents/toc_section_expansion_test.dart: Table of Contents section expansion Collapsing and Expanding multiple sections works                   01:19 +146 ~10: /app/app/test/privacy_policy/table_of_contents/toc_section_expansion_test.dart: Table of Contents section expansion Collapsing and Expanding multiple sections works                   01:19 +146 ~10: loading /app/app/test/privacy_policy/table_of_contents/toc_currently_reading_test.dart                                                                                                 01:19 +146 ~10: /app/app/test/privacy_policy/table_of_contents/toc_currently_reading_test.dart: ... out two headings at once out the bottom will mark the section "above" both sections as active      01:19 +147 ~10: /app/app/test/privacy_policy/table_of_contents/toc_currently_reading_test.dart: ... out two headings at once out the bottom will mark the section "above" both sections as active      01:19 +147 ~10: /app/app/test/privacy_policy/table_of_contents/toc_currently_reading_test.dart: ... Doesnt mark a section as currently read when the top of the section is located before the threshold01:19 +148 ~10: /app/app/test/privacy_policy/table_of_contents/toc_currently_reading_test.dart: ... Doesnt mark a section as currently read when the top of the section is located before the threshold01:19 +148 ~10: /app/app/test/privacy_policy/table_of_contents/toc_currently_reading_test.dart: ... some to none then it returns the section that comes before the current position inside the document01:19 +149 ~10: /app/app/test/privacy_policy/table_of_contents/toc_currently_reading_test.dart: ... some to none then it returns the section that comes before the current position inside the document01:19 +149 ~10: /app/app/test/privacy_policy/table_of_contents/toc_currently_reading_test.dart: the table of contents regression test: ignores end section if it is not fully scrolled in              01:19 +150 ~10: /app/app/test/privacy_policy/table_of_contents/toc_currently_reading_test.dart: the table of contents regression test: ignores end section if it is not fully scrolled in              01:19 +150 ~10: /app/app/test/privacy_policy/table_of_contents/toc_currently_reading_test.dart: the table of contents regression test: Being inbetween two sections (both headings not visible)        01:19 +151 ~10: /app/app/test/privacy_policy/table_of_contents/toc_currently_reading_test.dart: the table of contents regression test: Being inbetween two sections (both headings not visible)        01:19 +151 ~10: /app/app/test/privacy_policy/table_of_contents/toc_currently_reading_test.dart: ... one thats past/intersects with the threshold as currently read when several sections are on screen 01:19 +152 ~10: /app/app/test/privacy_policy/table_of_contents/toc_currently_reading_test.dart: ... one thats past/intersects with the threshold as currently read when several sections are on screen 01:19 +152 ~10: /app/app/test/privacy_policy/table_of_contents/toc_currently_reading_test.dart: the table of contents edge case: scrolling above first section                                         01:19 +153 ~10: /app/app/test/privacy_policy/table_of_contents/toc_currently_reading_test.dart: the table of contents edge case: scrolling above first section                                         01:19 +153 ~10: /app/app/test/privacy_policy/table_of_contents/toc_currently_reading_test.dart: the table of contents A subsection is marked as currently read correctly                               01:19 +154 ~10: /app/app/test/privacy_policy/table_of_contents/toc_currently_reading_test.dart: the table of contents A subsection is marked as currently read correctly                               01:19 +154 ~10: /app/app/test/privacy_policy/table_of_contents/toc_currently_reading_test.dart: the table of contents When "last heading" is visible then the last toc section is highlighted          01:19 +155 ~10: /app/app/test/privacy_policy/table_of_contents/toc_currently_reading_test.dart: the table of contents When "last heading" is visible then the last toc section is highlighted          01:19 +155 ~10: /app/app/test/privacy_policy/table_of_contents/toc_currently_reading_test.dart: the table of contents Marks a section as currently read when the the section intersects the threshold  01:19 +156 ~10: /app/app/test/privacy_policy/table_of_contents/toc_currently_reading_test.dart: the table of contents Marks a section as currently read when the the section intersects the threshold  01:19 +156 ~10: /app/app/test/privacy_policy/table_of_contents/toc_currently_reading_test.dart: the table of contents edge case: scrolling below the last section (special case section)               01:19 +157 ~10: /app/app/test/privacy_policy/table_of_contents/toc_currently_reading_test.dart: the table of contents edge case: scrolling below the last section (special case section)               01:19 +157 ~10: /app/app/test/privacy_policy/table_of_contents/toc_currently_reading_test.dart: ... scroll in and out of view (always at least one visible) then the right section is currently read   01:19 +158 ~10: /app/app/test/privacy_policy/table_of_contents/toc_currently_reading_test.dart: ... scroll in and out of view (always at least one visible) then the right section is currently read   01:19 +158 ~10: /app/app/test/privacy_policy/table_of_contents/toc_currently_reading_test.dart: ... of contents doesnt mark any section as currently read if none are or have been visible on the page 01:19 +159 ~10: /app/app/test/privacy_policy/table_of_contents/toc_currently_reading_test.dart: ... of contents doesnt mark any section as currently read if none are or have been visible on the page 01:19 +159 ~10: /app/app/test/privacy_policy/table_of_contents/toc_currently_reading_test.dart: ... of contents Marks a section as currently read when the the section is located past the threshold   01:19 +160 ~10: /app/app/test/privacy_policy/table_of_contents/toc_currently_reading_test.dart: ... of contents Marks a section as currently read when the the section is located past the threshold   01:19 +160 ~10: /app/app/test/privacy_policy/table_of_contents/toc_currently_reading_test.dart: ... of contents Marks a section as currently read when the top of the section touches the threshold    01:19 +161 ~10: /app/app/test/privacy_policy/table_of_contents/toc_currently_reading_test.dart: ... of contents Marks a section as currently read when the top of the section touches the threshold    01:19 +161 ~10: /app/app/test/privacy_policy/table_of_contents/toc_currently_reading_test.dart: the table of contents ignores unknwon heading                                                          01:19 +162 ~10: /app/app/test/privacy_policy/table_of_contents/toc_currently_reading_test.dart: the table of contents ignores unknwon heading                                                          01:19 +162 ~10: /app/app/test/privacy_policy/table_of_contents/toc_currently_reading_test.dart: ... the viewport (at the bottom) it should mark the one scrolled out of the viewport as currently read 01:19 +163 ~10: /app/app/test/privacy_policy/table_of_contents/toc_currently_reading_test.dart: ... the viewport (at the bottom) it should mark the one scrolled out of the viewport as currently read 01:19 +163 ~10: /app/app/test/privacy_policy/table_of_contents/toc_currently_reading_test.dart: the table of contents regression test: scroll back up into only text area from end section             01:19 +164 ~10: /app/app/test/privacy_policy/table_of_contents/toc_currently_reading_test.dart: the table of contents regression test: scroll back up into only text area from end section             01:19 +164 ~10: /app/app/test/privacy_policy/table_of_contents/toc_currently_reading_test.dart: ... contents marks the section "above" as currently read when scrolling back up from a previous section01:19 +165 ~10: /app/app/test/privacy_policy/table_of_contents/toc_currently_reading_test.dart: ... contents marks the section "above" as currently read when scrolling back up from a previous section01:19 +165 ~10: /app/app/test/privacy_policy/table_of_contents/toc_currently_reading_test.dart: ... of contents Scrolling out two headings at once out the top will mark the "lower" one as active     01:19 +166 ~10: /app/app/test/privacy_policy/table_of_contents/toc_currently_reading_test.dart: ... of contents Scrolling out two headings at once out the top will mark the "lower" one as active     01:20 +166 ~10: /app/app/test/privacy_policy/table_of_contents/toc_currently_reading_test.dart: ... of contents Scrolling out two headings at once out the top will mark the "lower" one as active     01:21 +166 ~10: /app/app/test/privacy_policy/table_of_contents/toc_currently_reading_test.dart: ... of contents Scrolling out two headings at once out the top will mark the "lower" one as active     01:21 +166 ~10: loading /app/app/test/privacy_policy/privacy_policy_widget_test.dart                                                                                                                   01:21 +166 ~10: /app/app/test/privacy_policy/privacy_policy_widget_test.dart: ... page table of contents regression test: changing the layout from desktop to tablet will change the expansion behavior01:22 +166 ~10: /app/app/test/privacy_policy/privacy_policy_widget_test.dart: ... page table of contents regression test: changing the layout from desktop to tablet will change the expansion behavior01:23 +166 ~10: /app/app/test/privacy_policy/privacy_policy_widget_test.dart: ... page table of contents regression test: changing the layout from desktop to tablet will change the expansion behavior01:23 +167 ~10: /app/app/test/privacy_policy/privacy_policy_widget_test.dart: ... page table of contents regression test: changing the layout from desktop to tablet will change the expansion behavior01:23 +168 ~10: /app/app/test/privacy_policy/privacy_policy_widget_test.dart: ... page table of contents regression test: changing the layout from desktop to tablet will change the expansion behavior01:23 +169 ~10: /app/app/test/privacy_policy/privacy_policy_widget_test.dart: ... page table of contents regression test: changing the layout from desktop to tablet will change the expansion behavior01:23 +170 ~10: /app/app/test/privacy_policy/privacy_policy_widget_test.dart: ... page table of contents regression test: changing the layout from desktop to tablet will change the expansion behavior01:23 +171 ~10: /app/app/test/privacy_policy/privacy_policy_widget_test.dart: ... page table of contents regression test: changing the layout from desktop to tablet will change the expansion behavior01:23 +172 ~10: /app/app/test/privacy_policy/privacy_policy_widget_test.dart: ... page table of contents regression test: changing the layout from desktop to tablet will change the expansion behavior01:23 +173 ~10: /app/app/test/privacy_policy/privacy_policy_widget_test.dart: ... page table of contents regression test: changing the layout from desktop to tablet will change the expansion behavior01:24 +173 ~10: /app/app/test/privacy_policy/privacy_policy_widget_test.dart: ... page table of contents regression test: changing the layout from desktop to tablet will change the expansion behavior01:25 +173 ~10: /app/app/test/privacy_policy/privacy_policy_widget_test.dart: ... page table of contents regression test: changing the layout from desktop to tablet will change the expansion behavior01:26 +173 ~10: /app/app/test/privacy_policy/privacy_policy_widget_test.dart: ... page table of contents regression test: changing the layout from desktop to tablet will change the expansion behavior01:26 +174 ~10: /app/app/test/privacy_policy/privacy_policy_widget_test.dart: ... page table of contents regression test: changing the layout from desktop to tablet will change the expansion behavior01:26 +175 ~10: /app/app/test/privacy_policy/privacy_policy_widget_test.dart: ... page table of contents regression test: changing the layout from desktop to tablet will change the expansion behavior01:26 +176 ~10: /app/app/test/privacy_policy/privacy_policy_widget_test.dart: ... page table of contents regression test: changing the layout from desktop to tablet will change the expansion behavior01:26 +177 ~10: /app/app/test/privacy_policy/privacy_policy_widget_test.dart: ... page table of contents regression test: changing the layout from desktop to tablet will change the expansion behavior01:26 +178 ~10: /app/app/test/privacy_policy/privacy_policy_widget_test.dart: ... page table of contents regression test: changing the layout from desktop to tablet will change the expansion behavior01:26 +179 ~10: /app/app/test/privacy_policy/privacy_policy_widget_test.dart: ... page table of contents regression test: changing the layout from desktop to tablet will change the expansion behavior01:26 +180 ~10: /app/app/test/privacy_policy/privacy_policy_widget_test.dart: ... page table of contents regression test: changing the layout from desktop to tablet will change the expansion behavior01:27 +180 ~10: /app/app/test/privacy_policy/privacy_policy_widget_test.dart: ... page table of contents regression test: changing the layout from desktop to tablet will change the expansion behavior01:28 +180 ~10: /app/app/test/privacy_policy/privacy_policy_widget_test.dart: ... page table of contents regression test: changing the layout from desktop to tablet will change the expansion behavior01:28 +181 ~10: /app/app/test/privacy_policy/privacy_policy_widget_test.dart: ... page table of contents regression test: changing the layout from desktop to tablet will change the expansion behavior01:28 +181 ~10: /app/app/test/privacy_policy/privacy_policy_widget_test.dart: privacy policy page table of contents highlights no section if we havent crossed any yet                                 01:28 +182 ~10: /app/app/test/privacy_policy/privacy_policy_widget_test.dart: privacy policy page table of contents highlights no section if we havent crossed any yet                                 01:28 +182 ~10: /app/app/test/privacy_policy/privacy_policy_widget_test.dart: privacy policy page table of contents scrolls a section heading always into the threshold                                01:29 +182 ~10: /app/app/test/privacy_policy/privacy_policy_widget_test.dart: privacy policy page table of contents scrolls a section heading always into the threshold                                01:29 +183 ~10: /app/app/test/privacy_policy/privacy_policy_widget_test.dart: privacy policy page table of contents scrolls a section heading always into the threshold                                01:29 +183 ~10: /app/app/test/privacy_policy/privacy_policy_widget_test.dart: ... table of contents highlights the last section in the table of contents if we scroll to the very end of the document  01:30 +183 ~10: /app/app/test/privacy_policy/privacy_policy_widget_test.dart: ... table of contents highlights the last section in the table of contents if we scroll to the very end of the document  01:30 +184 ~10: /app/app/test/privacy_policy/privacy_policy_widget_test.dart: ... table of contents highlights the last section in the table of contents if we scroll to the very end of the document  01:30 +184 ~10: /app/app/test/privacy_policy/privacy_policy_widget_test.dart: privacy policy page table of contents highlights section if we have scrolled past it                                     01:30 +185 ~10: /app/app/test/dashboard/update_reminder_test.dart: Update-Reminder Card is shown when user should be reminded of update and the current platform is anything other than web            01:31 +185 ~10: /app/app/test/dashboard/update_reminder_test.dart: Update-Reminder Card is shown when user should be reminded of update and the current platform is anything other than web            01:32 +185 ~10: /app/app/test/dashboard/update_reminder_test.dart: Update-Reminder Card is shown when user should be reminded of update and the current platform is anything other than web            01:32 +186 ~10: /app/app/test/dashboard/update_reminder_test.dart: Update-Reminder Card is shown when user should be reminded of update and the current platform is anything other than web            01:32 +186 ~10: /app/app/test/dashboard/update_reminder_test.dart: Update-Reminder Card is not shown when user should not be reminded of update                                                        01:32 +187 ~10: /app/app/test/dashboard/update_reminder_test.dart: Update-Reminder Card is not shown when user should not be reminded of update                                                        01:32 +187 ~10: /app/app/test/dashboard/update_reminder_test.dart: ... cant manually update web and therefore just has to wait until we push an update. This means an update reminder would be useless.01:32 +188 ~10: /app/app/test/dashboard/update_reminder_test.dart: ... cant manually update web and therefore just has to wait until we push an update. This means an update reminder would be useless.01:33 +188 ~10: /app/app/test/dashboard/update_reminder_test.dart: ... cant manually update web and therefore just has to wait until we push an update. This means an update reminder would be useless.01:33 +188 ~10: loading /app/app/test/dashboard/update_reminder_bloc_test.dart                                                                                                                         01:33 +188 ~10: /app/app/test/dashboard/update_reminder_bloc_test.dart: UpdateReminderBloc should not prompt for Update if current version is newest                                                   01:33 +189 ~10: /app/app/test/dashboard/update_reminder_bloc_test.dart: UpdateReminderBloc should not prompt for Update if current version is newest                                                   01:33 +189 ~10: /app/app/test/dashboard/update_reminder_bloc_test.dart: UpdateReminderBloc should prompt for Update if current version is old and not in the grace period                              01:33 +190 ~10: /app/app/test/dashboard/update_reminder_bloc_test.dart: UpdateReminderBloc should prompt for Update if current version is old and not in the grace period                              01:33 +190 ~10: /app/app/test/dashboard/update_reminder_bloc_test.dart: ... newer than latest release loaded (can happen if update is not manually to DB added before releasing via app and playstore) 01:33 +191 ~10: /app/app/test/dashboard/update_reminder_bloc_test.dart: ... newer than latest release loaded (can happen if update is not manually to DB added before releasing via app and playstore) 01:33 +191 ~10: /app/app/test/dashboard/update_reminder_bloc_test.dart: UpdateReminderBloc should not prompt if latest Release cant be loaded                                                          01:33 +192 ~10: /app/app/test/dashboard/update_reminder_bloc_test.dart: UpdateReminderBloc should not prompt if latest Release cant be loaded                                                          01:33 +192 ~10: /app/app/test/dashboard/update_reminder_bloc_test.dart: ... should not prompt for Update if current version is old but the release date is still within the given grace period         01:33 +193 ~10: /app/app/test/dashboard/update_reminder_bloc_test.dart: ... should not prompt for Update if current version is old but the release date is still within the given grace period         01:34 +193 ~10: /app/app/test/dashboard/update_reminder_bloc_test.dart: ... should not prompt for Update if current version is old but the release date is still within the given grace period         01:35 +193 ~10: /app/app/test/dashboard/update_reminder_bloc_test.dart: ... should not prompt for Update if current version is old but the release date is still within the given grace period         01:35 +193 ~10: loading /app/app/test/account/select_state_dialog_test.dart                                                                                                                            01:35 +193 ~10: /app/app/test/account/select_state_dialog_test.dart: selectStateDialog goes back to country selection when pressing back                                                               01:36 +193 ~10: /app/app/test/account/select_state_dialog_test.dart: selectStateDialog goes back to country selection when pressing back                                                               01:36 +194 ~10: /app/app/test/account/select_state_dialog_test.dart: selectStateDialog goes back to country selection when pressing back                                                               01:36 +195 ~10: /app/app/test/account/select_state_dialog_test.dart: selectStateDialog goes back to country selection when pressing back                                                               01:36 +196 ~10: /app/app/test/list_with_bottom_threshold_test.dart: ListWithBottomThreshold scrolling tests: The size of the loading indicator does not effect the position of the threshold           01:37 +196 ~10: /app/app/test/list_with_bottom_threshold_test.dart: ListWithBottomThreshold scrolling tests: The size of the loading indicator does not effect the position of the threshold           01:37 +197 ~10: /app/app/test/account/select_state_dialog_test.dart: selectStateDialog shows a confirmation snackbar after selecting a state                                                           01:37 +198 ~10: /app/app/test/account/select_state_dialog_test.dart: selectStateDialog shows a confirmation snackbar after selecting a state                                                           01:37 +199 ~10: /app/app/test/account/select_state_dialog_test.dart: selectStateDialog shows a confirmation snackbar after selecting a state                                                           01:37 +200 ~10: /app/app/test/list_with_bottom_threshold_test.dart: ListWithBottomThreshold scrolling tests: should fire only once                                                                     01:37 +201 ~10: /app/app/test/account/select_state_dialog_test.dart: selectStateDialog does not change something when pressing cancel                                                                  01:37 +202 ~10: /app/app/test/account/select_state_dialog_test.dart: selectStateDialog does not change something when pressing cancel                                                                  01:37 +203 ~10: /app/app/test/list_with_bottom_threshold_test.dart: ListWithBottomThreshold scrolling tests: Should not throw if no callback was passed                                                01:37 +204 ~10: /app/app/test/account/select_state_dialog_test.dart: selectStateDialog passes 'stay anonymous' to business logic when selected                                                         01:37 +205 ~10: /app/app/test/account/select_state_dialog_test.dart: selectStateDialog passes 'stay anonymous' to business logic when selected                                                         01:37 +206 ~10: /app/app/test/account/select_state_dialog_test.dart: selectStateDialog passes 'stay anonymous' to business logic when selected                                                         01:37 +207 ~10: /app/app/test/account/select_state_dialog_test.dart: selectStateDialog passes 'stay anonymous' to business logic when selected                                                         01:37 +208 ~10: /app/app/test/account/select_state_dialog_test.dart: selectStateDialog passes 'stay anonymous' to business logic when selected                                                         01:37 +208 ~10: /app/app/test/account/select_state_dialog_test.dart: selectStateDialog shows states for selected country only                                                                          01:37 +209 ~10: /app/app/test/account/select_state_dialog_test.dart: selectStateDialog shows states for selected country only                                                                          01:37 +209 ~10: /app/app/test/account/select_state_dialog_test.dart: selectStateDialog passes selected state to business logic                                                                         01:37 +210 ~10: /app/app/test/account/select_state_dialog_test.dart: selectStateDialog passes selected state to business logic                                                                         01:38 +210 ~10: /app/app/test/account/select_state_dialog_test.dart: selectStateDialog passes selected state to business logic                                                                         01:39 +210 ~10: /app/app/test/account/select_state_dialog_test.dart: selectStateDialog passes selected state to business logic                                                                         01:39 +210 ~10: loading /app/app/test/homework/homework_dialog_bloc_test.dart                                                                                                                          01:39 +210 ~10: /app/app/test/homework/homework_dialog_bloc_test.dart: HomeworkDialogBloc does not emit uploading attachments presentation event when adding homework without attachment               01:39 +211 ~10: /app/app/test/homework/homework_dialog_bloc_test.dart: HomeworkDialogBloc does not emit uploading attachments presentation event when adding homework without attachment               01:39 +211 ~10: /app/app/test/homework/homework_dialog_bloc_test.dart: HomeworkDialogBloc Removes error if due date is changed to a valid value                                                        01:39 +212 ~10: /app/app/test/homework/homework_dialog_bloc_test.dart: HomeworkDialogBloc Removes error if due date is changed to a valid value                                                        01:39 +212 ~10: /app/app/test/homework/homework_dialog_bloc_test.dart: HomeworkDialogBloc emits started saving uploading attachments presentation event when adding homework                           01:39 +213 ~10: /app/app/test/homework/homework_dialog_bloc_test.dart: HomeworkDialogBloc emits started saving uploading attachments presentation event when adding homework                           01:39 +213 ~10: /app/app/test/homework/homework_dialog_bloc_test.dart: ... Shows error and emits presentation event if course is not selected out when creating a new homework and Save is called      01:39 +214 ~10: /app/app/test/homework/homework_dialog_bloc_test.dart: ... Shows error and emits presentation event if course is not selected out when creating a new homework and Save is called      01:39 +214 ~10: /app/app/test/homework/homework_dialog_bloc_test.dart: HomeworkDialogBloc Returns empty dialog when called for creating a new homework                                                 01:39 +215 ~10: /app/app/test/homework/homework_dialog_bloc_test.dart: HomeworkDialogBloc Returns empty dialog when called for creating a new homework                                                 01:39 +215 ~10: /app/app/test/homework/homework_dialog_bloc_test.dart: ... does not emit started saving uploading attachments presentation event when editing homework without new attachment          01:39 +216 ~10: /app/app/test/homework/homework_dialog_bloc_test.dart: ... does not emit started saving uploading attachments presentation event when editing homework without new attachment          01:39 +216 ~10: /app/app/test/homework/homework_dialog_bloc_test.dart: HomeworkDialogBloc Regression Test: Sets submission time to null when submission is disabled                                    01:39 +217 ~10: /app/app/test/homework/homework_dialog_bloc_test.dart: HomeworkDialogBloc Regression Test: Sets submission time to null when submission is disabled                                    01:39 +217 ~10: /app/app/test/homework/homework_dialog_bloc_test.dart: HomeworkDialogBloc Sucessfully add private homework with files                                                                  01:39 +218 ~10: /app/app/test/homework/homework_dialog_bloc_test.dart: HomeworkDialogBloc Sucessfully add private homework with files                                                                  01:39 +218 ~10: /app/app/test/homework/homework_dialog_bloc_test.dart: HomeworkDialogBloc Removes error if title is changed to a valid value (editing homework)                                        01:39 +219 ~10: /app/app/test/homework/homework_dialog_bloc_test.dart: HomeworkDialogBloc Removes error if title is changed to a valid value (editing homework)                                        01:39 +219 ~10: /app/app/test/homework/homework_dialog_bloc_test.dart: HomeworkDialogBloc Shows error if title is not filled out when creating a new homework and Save is called                       01:39 +220 ~10: /app/app/test/homework/homework_dialog_bloc_test.dart: HomeworkDialogBloc Shows error if title is not filled out when creating a new homework and Save is called                       01:39 +220 ~10: /app/app/test/homework/homework_dialog_bloc_test.dart: HomeworkDialogBloc Analytics is called when a homework is successfully added                                                    01:39 +221 ~10: /app/app/test/homework/homework_dialog_bloc_test.dart: HomeworkDialogBloc Analytics is called when a homework is successfully added                                                    01:39 +221 ~10: /app/app/test/homework/homework_dialog_bloc_test.dart: HomeworkDialogBloc Sucessfully add homework with submissions                                                                    01:39 +222 ~10: /app/app/test/homework/homework_dialog_bloc_test.dart: HomeworkDialogBloc Sucessfully add homework with submissions                                                                    01:39 +222 ~10: /app/app/test/homework/homework_dialog_bloc_test.dart: HomeworkDialogBloc Removes error if title is changed to a valid value                                                           01:39 +223 ~10: /app/app/test/homework/homework_dialog_bloc_test.dart: HomeworkDialogBloc Removes error if title is changed to a valid value                                                           01:39 +223 ~10: /app/app/test/homework/homework_dialog_bloc_test.dart: HomeworkDialogBloc emits started saving uploading attachments presentation event when editing homework                          01:39 +224 ~10: /app/app/test/homework/homework_dialog_bloc_test.dart: HomeworkDialogBloc emits started saving uploading attachments presentation event when editing homework                          01:39 +224 ~10: /app/app/test/homework/homework_dialog_bloc_test.dart: HomeworkDialogBloc regression test: No due date is automatically set when starting to change data                               01:39 +225 ~10: /app/app/test/homework/homework_dialog_bloc_test.dart: HomeworkDialogBloc regression test: No due date is automatically set when starting to change data                               01:39 +225 ~10: /app/app/test/homework/homework_dialog_bloc_test.dart: HomeworkDialogBloc Sucessfully displays and edits existing homework                                                             01:39 +226 ~10: /app/app/test/homework/homework_dialog_bloc_test.dart: HomeworkDialogBloc Sucessfully displays and edits existing homework                                                             01:39 +226 ~10: /app/app/test/homework/homework_dialog_bloc_test.dart: HomeworkDialogBloc Returns loading state when called for an existing homework                                                   01:39 +227 ~10: /app/app/test/homework/homework_dialog_bloc_test.dart: HomeworkDialogBloc Returns loading state when called for an existing homework                                                   01:39 +227 ~10: /app/app/test/homework/homework_dialog_bloc_test.dart: HomeworkDialogBloc Sucessfully displays and edits existing homework 2                                                           01:39 +228 ~10: /app/app/test/homework/homework_dialog_bloc_test.dart: HomeworkDialogBloc Sucessfully displays and edits existing homework 2                                                           01:39 +228 ~10: /app/app/test/homework/homework_dialog_bloc_test.dart: HomeworkDialogBloc emits presentation event if saving the homework fails                                                        01:39 +229 ~10: /app/app/test/homework/homework_dialog_bloc_test.dart: HomeworkDialogBloc emits presentation event if saving the homework fails                                                        01:39 +229 ~10: /app/app/test/homework/homework_dialog_bloc_test.dart: ... Shows error and emits presentation event if due date is not selected when creating a new homework and Save is called        01:39 +230 ~10: /app/app/test/homework/homework_dialog_bloc_test.dart: ... Shows error and emits presentation event if due date is not selected when creating a new homework and Save is called        01:39 +230 ~10: /app/app/test/homework/homework_dialog_bloc_test.dart: HomeworkDialogBloc If no next lesson date is found the next weekday will be taken                                               01:39 +231 ~10: /app/app/test/homework/homework_dialog_bloc_test.dart: HomeworkDialogBloc If no next lesson date is found the next weekday will be taken                                               01:39 +231 ~10: /app/app/test/homework/homework_dialog_bloc_test.dart: HomeworkDialogBloc Regression test: When choosing due date then the submission time should not reset to 00:00                   01:39 +232 ~10: /app/app/test/homework/homework_dialog_bloc_test.dart: HomeworkDialogBloc Regression test: When choosing due date then the submission time should not reset to 00:00                   01:39 +232 ~10: /app/app/test/homework/homework_dialog_bloc_test.dart: HomeworkDialogBloc Analytics is called when a homework is successfully edited                                                   01:39 +233 ~10: /app/app/test/homework/homework_dialog_bloc_test.dart: HomeworkDialogBloc Analytics is called when a homework is successfully edited                                                   01:39 +233 ~10: /app/app/test/homework/homework_dialog_bloc_test.dart: HomeworkDialogBloc Shows error and emits presentation event if title is set to blank when editing a homework and Save is called 01:39 +234 ~10: /app/app/test/homework/homework_dialog_bloc_test.dart: HomeworkDialogBloc Shows error and emits presentation event if title is set to blank when editing a homework and Save is called 01:39 +234 ~10: /app/app/test/homework/homework_dialog_bloc_test.dart: HomeworkDialogBloc when submissions are toggled 23:59 is used as the default value                                              01:39 +235 ~10: /app/app/test/homework/homework_dialog_bloc_test.dart: HomeworkDialogBloc when submissions are toggled 23:59 is used as the default value                                              01:39 +235 ~10: /app/app/test/homework/homework_dialog_bloc_test.dart: HomeworkDialogBloc Picks the next lesson as due date when a course is selected                                                  01:39 +236 ~10: /app/app/test/homework/homework_dialog_bloc_test.dart: HomeworkDialogBloc Picks the next lesson as due date when a course is selected                                                  01:39 +236 ~10: /app/app/test/homework/homework_dialog_bloc_test.dart: HomeworkDialogBloc emits presentation event if saving an edited homework fails                                                  01:39 +237 ~10: /app/app/test/homework/homework_dialog_bloc_test.dart: HomeworkDialogBloc emits presentation event if saving an edited homework fails                                                  01:39 +237 ~10: /app/app/test/homework/homework_dialog_bloc_test.dart: HomeworkDialogBloc if a date has been manually set it wont be overridden by next lesson date                                    01:39 +238 ~10: /app/app/test/homework/homework_dialog_bloc_test.dart: HomeworkDialogBloc if a date has been manually set it wont be overridden by next lesson date                                    01:40 +238 ~10: /app/app/test/homework/homework_dialog_bloc_test.dart: HomeworkDialogBloc if a date has been manually set it wont be overridden by next lesson date                                    01:40 +238 ~10: loading /app/app/test/homework/teacher/teacher_and_parent_homework_page_widget_test.dart                                                                                               01:40 +238 ~10: /app/app/test/homework/teacher/teacher_and_parent_homework_page_widget_test.dart: ... placeholder is shown in archived homework page when no homework is archived                      01:41 +238 ~10: /app/app/test/homework/teacher/teacher_and_parent_homework_page_widget_test.dart: ... placeholder is shown in archived homework page when no homework is archived                      01:41 +239 ~10: /app/app/test/homework/teacher/teacher_and_parent_homework_page_widget_test.dart: ... placeholder is shown in archived homework page when no homework is archived                      01:41 +239 ~10: /app/app/test/homework/teacher/teacher_and_parent_homework_page_widget_test.dart: TeacherAndParentHomeworkPage placeholder is shown on open homework page when no homeworks are to do  01:41 +240 ~10: /app/app/test/homework/teacher/teacher_and_parent_homework_page_widget_test.dart: TeacherAndParentHomeworkPage placeholder is shown on open homework page when no homeworks are to do  01:41 +240 ~10: /app/app/test/homework/teacher/teacher_and_parent_homework_page_widget_test.dart: TeacherAndParentHomeworkPage lazy-loads archived homeworks                                           01:42 +240 ~10: /app/app/test/homework/teacher/teacher_and_parent_homework_page_widget_test.dart: TeacherAndParentHomeworkPage lazy-loads archived homeworks                                           01:43 +240 ~10: /app/app/test/homework/teacher/teacher_and_parent_homework_page_widget_test.dart: TeacherAndParentHomeworkPage lazy-loads archived homeworks                                           01:43 +241 ~10: /app/app/test/homework/homework_dialog_test.dart: ... chip for a course with lessons and then changing to a course without lessons should display the custom chip as not selectable    01:43 +242 ~10: /app/app/test/homework/homework_dialog_test.dart: ... chip for a course with lessons and then changing to a course without lessons should display the custom chip as not selectable    01:43 +243 ~10: /app/app/test/homework/homework_dialog_test.dart: ... chip for a course with lessons and then changing to a course without lessons should display the custom chip as not selectable    01:44 +243 ~10: /app/app/test/homework/homework_dialog_test.dart: ... chip for a course with lessons and then changing to a course without lessons should display the custom chip as not selectable    01:44 +244 ~10: /app/app/test/homework/homework_dialog_test.dart: ... chip for a course with lessons and then changing to a course without lessons should display the custom chip as not selectable    01:44 +245 ~10: /app/app/test/homework/homework_dialog_test.dart: ... chip for a course with lessons and then changing to a course without lessons should display the custom chip as not selectable    01:44 +246 ~10: /app/app/test/homework/homework_dialog_test.dart: ... chip for a course with lessons and then changing to a course without lessons should display the custom chip as not selectable    01:44 +247 ~10: /app/app/test/homework/homework_dialog_test.dart: ... chip for a course with lessons and then changing to a course without lessons should display the custom chip as not selectable    01:44 +248 ~10: /app/app/test/homework/homework_dialog_test.dart: ... chip for a course with lessons and then changing to a course without lessons should display the custom chip as not selectable    01:44 +249 ~10: /app/app/test/homework/homework_dialog_test.dart: ... chip for a course with lessons and then changing to a course without lessons should display the custom chip as not selectable    01:45 +249 ~10: /app/app/test/homework/homework_dialog_test.dart: ... chip for a course with lessons and then changing to a course without lessons should display the custom chip as not selectable    01:45 +250 ~10: /app/app/test/homework/homework_dialog_test.dart: ... chip for a course with lessons and then changing to a course without lessons should display the custom chip as not selectable    01:45 +250 ~10: /app/app/test/homework/homework_dialog_test.dart: HomeworkDialog when pressing "Übernächste Stunde" the lesson after next lesson will be selected                                      01:45 +251 ~10: /app/app/test/homework/homework_dialog_test.dart: HomeworkDialog when pressing "Übernächste Stunde" the lesson after next lesson will be selected                                      01:45 +251 ~10: /app/app/test/homework/homework_dialog_test.dart: ... lesson for a course and changing to a course without any lessons the date should stay but the lesson chip should be deselected   01:46 +251 ~10: /app/app/test/homework/homework_dialog_test.dart: ... lesson for a course and changing to a course without any lessons the date should stay but the lesson chip should be deselected   01:46 +252 ~10: /app/app/test/homework/homework_dialog_test.dart: ... lesson for a course and changing to a course without any lessons the date should stay but the lesson chip should be deselected   01:46 +252 ~10: /app/app/test/homework/homework_dialog_test.dart: HomeworkDialog homework lesson chips are not visible if the function is deactivated                                                  01:46 +253 ~10: /app/app/test/grades/grades_repository_test.dart: GradesRepository deserializes expected state from data map                                                                           01:46 +254 ~10: /app/app/test/homework/homework_dialog_test.dart: ... test: When creating a "in 1 lesson" custom chip the "Nächste Stunde" chip will be selected and no custom chip will be created    01:46 +255 ~10: /app/app/test/homework/homework_dialog_test.dart: ... test: When creating a "in 1 lesson" custom chip the "Nächste Stunde" chip will be selected and no custom chip will be created    01:46 +256 ~10: /app/app/test/homework/homework_dialog_test.dart: ... test: When creating a "in 1 lesson" custom chip the "Nächste Stunde" chip will be selected and no custom chip will be created    01:46 +257 ~10: /app/app/test/homework/homework_dialog_test.dart: ... test: When creating a "in 1 lesson" custom chip the "Nächste Stunde" chip will be selected and no custom chip will be created    01:46 +258 ~10: /app/app/test/homework/homework_dialog_test.dart: ... test: When creating a "in 1 lesson" custom chip the "Nächste Stunde" chip will be selected and no custom chip will be created    01:46 +259 ~10: /app/app/test/homework/homework_dialog_test.dart: ... test: When creating a "in 1 lesson" custom chip the "Nächste Stunde" chip will be selected and no custom chip will be created    01:46 +260 ~10: /app/app/test/homework/homework_dialog_test.dart: ... test: When creating a "in 1 lesson" custom chip the "Nächste Stunde" chip will be selected and no custom chip will be created    01:46 +261 ~10: /app/app/test/homework/homework_dialog_test.dart: ... test: When creating a "in 1 lesson" custom chip the "Nächste Stunde" chip will be selected and no custom chip will be created    01:46 +262 ~10: /app/app/test/homework/homework_dialog_test.dart: ... test: When creating a "in 1 lesson" custom chip the "Nächste Stunde" chip will be selected and no custom chip will be created    01:46 +263 ~10: /app/app/test/homework/homework_dialog_test.dart: ... test: When creating a "in 1 lesson" custom chip the "Nächste Stunde" chip will be selected and no custom chip will be created    01:46 +264 ~10: /app/app/test/homework/homework_dialog_test.dart: ... test: When creating a "in 1 lesson" custom chip the "Nächste Stunde" chip will be selected and no custom chip will be created    01:46 +264 ~10: /app/app/test/homework/homework_dialog_test.dart: HomeworkDialog when a course without lessons is selected then "Nächster Schultag" should be automatically selected                   01:47 +264 ~10: /app/app/test/homework/homework_dialog_test.dart: HomeworkDialog when a course without lessons is selected then "Nächster Schultag" should be automatically selected                   01:47 +265 ~10: /app/app/test/homework/homework_dialog_test.dart: HomeworkDialog when a course without lessons is selected then "Nächster Schultag" should be automatically selected                   01:47 +265 ~10: /app/app/test/homework/homework_dialog_test.dart: HomeworkDialog when the date is manually selected that equals the date of a lesson chip then the lesson chip will NOT be selected    01:47 +266 ~10: /app/app/test/homework/homework_dialog_test.dart: HomeworkDialog when the date is manually selected that equals the date of a lesson chip then the lesson chip will NOT be selected    01:47 +266 ~10: /app/app/test/homework/homework_dialog_test.dart: HomeworkDialog when pressing the "next schoolday" chip the next schoolday will be selected                                           01:47 +267 ~10: /app/app/test/homework/homework_dialog_test.dart: HomeworkDialog when pressing the "next schoolday" chip the next schoolday will be selected                                           01:47 +267 ~10: /app/app/test/homework/homework_dialog_test.dart: HomeworkDialog homework lesson chips are visible if the function is activated                                                        01:48 +267 ~10: /app/app/test/homework/homework_dialog_test.dart: HomeworkDialog homework lesson chips are visible if the function is activated                                                        01:48 +268 ~10: /app/app/test/homework/homework_dialog_test.dart: HomeworkDialog homework lesson chips are visible if the function is activated                                                        01:48 +268 ~10: /app/app/test/homework/homework_dialog_test.dart: HomeworkDialog wants to create the correct homework                                                                                  01:48 +269 ~10: /app/app/test/grades/grading_systems_test.dart: Grading Systems Basic grades test for 1+ to 6 grading system.                                                                          01:48 +270 ~10: /app/app/test/homework/homework_dialog_test.dart: HomeworkDialog when first selecting a course with lessons then the "Nächste Stunde" chip will be selected                            01:48 +271 ~10: /app/app/test/homework/homework_dialog_test.dart: HomeworkDialog when first selecting a course with lessons then the "Nächste Stunde" chip will be selected                            01:48 +272 ~10: /app/app/test/homework/homework_dialog_test.dart: HomeworkDialog when first selecting a course with lessons then the "Nächste Stunde" chip will be selected                            01:48 +273 ~10: /app/app/test/homework/homework_dialog_test.dart: HomeworkDialog when first selecting a course with lessons then the "Nächste Stunde" chip will be selected                            01:48 +274 ~10: /app/app/test/homework/homework_dialog_test.dart: HomeworkDialog when first selecting a course with lessons then the "Nächste Stunde" chip will be selected                            01:48 +275 ~10: /app/app/test/homework/homework_dialog_test.dart: HomeworkDialog when first selecting a course with lessons then the "Nächste Stunde" chip will be selected                            01:48 +276 ~10: /app/app/test/homework/homework_dialog_test.dart: HomeworkDialog when first selecting a course with lessons then the "Nächste Stunde" chip will be selected                            01:48 +277 ~10: /app/app/test/homework/homework_dialog_test.dart: HomeworkDialog when first selecting a course with lessons then the "Nächste Stunde" chip will be selected                            01:48 +278 ~10: /app/app/test/homework/homework_dialog_test.dart: HomeworkDialog when first selecting a course with lessons then the "Nächste Stunde" chip will be selected                            01:48 +279 ~10: /app/app/test/homework/homework_dialog_test.dart: HomeworkDialog when first selecting a course with lessons then the "Nächste Stunde" chip will be selected                            01:48 +280 ~10: /app/app/test/homework/homework_dialog_test.dart: HomeworkDialog when first selecting a course with lessons then the "Nächste Stunde" chip will be selected                            01:48 +281 ~10: /app/app/test/homework/homework_dialog_test.dart: HomeworkDialog when first selecting a course with lessons then the "Nächste Stunde" chip will be selected                            01:48 +282 ~10: /app/app/test/homework/homework_dialog_test.dart: HomeworkDialog when first selecting a course with lessons then the "Nächste Stunde" chip will be selected                            01:48 +283 ~10: /app/app/test/homework/homework_dialog_test.dart: HomeworkDialog when first selecting a course with lessons then the "Nächste Stunde" chip will be selected                            01:48 +284 ~10: /app/app/test/homework/homework_dialog_test.dart: HomeworkDialog when first selecting a course with lessons then the "Nächste Stunde" chip will be selected                            01:48 +285 ~10: /app/app/test/homework/homework_dialog_test.dart: HomeworkDialog when first selecting a course with lessons then the "Nächste Stunde" chip will be selected                            01:48 +286 ~10: /app/app/test/homework/homework_dialog_test.dart: HomeworkDialog when first selecting a course with lessons then the "Nächste Stunde" chip will be selected                            01:48 +287 ~10: /app/app/test/homework/homework_dialog_test.dart: HomeworkDialog when first selecting a course with lessons then the "Nächste Stunde" chip will be selected                            01:48 +288 ~10: /app/app/test/homework/homework_dialog_test.dart: HomeworkDialog when first selecting a course with lessons then the "Nächste Stunde" chip will be selected                            01:48 +289 ~10: /app/app/test/homework/homework_dialog_test.dart: HomeworkDialog when first selecting a course with lessons then the "Nächste Stunde" chip will be selected                            01:48 +290 ~10: /app/app/test/homework/homework_dialog_test.dart: HomeworkDialog when first selecting a course with lessons then the "Nächste Stunde" chip will be selected                            01:48 +291 ~10: /app/app/test/homework/homework_dialog_test.dart: HomeworkDialog when first selecting a course with lessons then the "Nächste Stunde" chip will be selected                            01:48 +292 ~10: /app/app/test/grades/grading_systems_test.dart: Grading Systems GradingSystem.oneToSixWithPlusAndMinus special values sanity test                                                      01:48 +293 ~10: /app/app/test/homework/homework_dialog_test.dart: HomeworkDialog custom schooldays get accounted for                                                                                   01:48 +294 ~10: /app/app/test/homework/homework_dialog_test.dart: HomeworkDialog custom schooldays get accounted for                                                                                   01:48 +295 ~10: /app/app/test/homework/homework_dialog_test.dart: HomeworkDialog custom schooldays get accounted for                                                                                   01:48 +296 ~10: /app/app/test/homework/homework_dialog_test.dart: HomeworkDialog custom schooldays get accounted for                                                                                   01:48 +297 ~10: /app/app/test/homework/homework_dialog_test.dart: HomeworkDialog custom schooldays get accounted for                                                                                   01:48 +298 ~10: /app/app/test/homework/homework_dialog_test.dart: HomeworkDialog custom schooldays get accounted for                                                                                   01:48 +299 ~10: /app/app/test/homework/homework_dialog_test.dart: HomeworkDialog custom schooldays get accounted for                                                                                   01:48 +300 ~10: /app/app/test/homework/homework_dialog_test.dart: HomeworkDialog custom schooldays get accounted for                                                                                   01:48 +301 ~10: /app/app/test/homework/homework_dialog_test.dart: HomeworkDialog custom schooldays get accounted for                                                                                   01:48 +302 ~10: /app/app/test/homework/homework_dialog_test.dart: HomeworkDialog custom schooldays get accounted for                                                                                   01:48 +303 ~10: /app/app/test/homework/homework_dialog_test.dart: HomeworkDialog custom schooldays get accounted for                                                                                   01:48 +304 ~10: /app/app/test/homework/homework_dialog_test.dart: HomeworkDialog custom schooldays get accounted for                                                                                   01:48 +305 ~10: /app/app/test/homework/homework_dialog_test.dart: HomeworkDialog custom schooldays get accounted for                                                                                   01:48 +306 ~10: /app/app/test/homework/homework_dialog_test.dart: HomeworkDialog custom schooldays get accounted for                                                                                   01:48 +307 ~10: /app/app/test/homework/homework_dialog_test.dart: HomeworkDialog custom schooldays get accounted for                                                                                   01:48 +308 ~10: /app/app/test/homework/homework_dialog_test.dart: HomeworkDialog custom schooldays get accounted for                                                                                   01:48 +309 ~10: /app/app/test/homework/homework_dialog_test.dart: HomeworkDialog custom schooldays get accounted for                                                                                   01:48 +310 ~10: /app/app/test/homework/homework_dialog_test.dart: HomeworkDialog custom schooldays get accounted for                                                                                   01:48 +311 ~10: /app/app/test/homework/homework_dialog_test.dart: HomeworkDialog custom schooldays get accounted for                                                                                   01:48 +312 ~10: /app/app/test/homework/homework_dialog_test.dart: HomeworkDialog custom schooldays get accounted for                                                                                   01:48 +312 ~10: /app/app/test/homework/homework_dialog_test.dart: HomeworkDialog should display an empty dialog when no homework is passed                                                             01:49 +312 ~10: /app/app/test/homework/homework_dialog_test.dart: HomeworkDialog should display an empty dialog when no homework is passed                                                             01:49 +312 ~10: /app/app/test/homework/homework_dialog_test.dart: HomeworkDialog should display an empty dialog when no homework is passed
══╡ EXCEPTION CAUGHT BY FLUTTER TEST FRAMEWORK ╞════════════════════════════════════════════════════
The following TestFailure was thrown running a test:
Expected: exactly one matching candidate
  Actual: _TextWidgetFinder:<Found 0 widgets with text "Keinen Kurs ausgewählt": []>
   Which: means none were found but one was expected

When the exception was thrown, this was the stack:
#4      main.<anonymous closure>.<anonymous closure> (file:///app/app/test/homework/homework_dialog_test.dart:587:7)
<asynchronous suspension>
#5      testWidgets.<anonymous closure>.<anonymous closure> (package:flutter_test/src/widget_tester.dart:192:15)
<asynchronous suspension>
#6      TestWidgetsFlutterBinding._runTestBody (package:flutter_test/src/binding.dart:1059:5)
<asynchronous suspension>
<asynchronous suspension>
(elided one frame from package:stack_trace)

This was caught by the test expectation on the following line:
  file:///app/app/test/homework/homework_dialog_test.dart line 587
The test description was:
  should display an empty dialog when no homework is passed
════════════════════════════════════════════════════════════════════════════════════════════════════
01:49 +312 ~10 -1: /app/app/test/homework/homework_dialog_test.dart: HomeworkDialog should display an empty dialog when no homework is passed [E]
  Test failed. See exception logs above.
  The test description was: should display an empty dialog when no homework is passed


To run this test again: /home/jules/fvm/versions/3.35.3/bin/cache/dart-sdk/bin/dart test /app/app/test/homework/homework_dialog_test.dart -p vm --plain-name 'HomeworkDialog should display an empty dialog when no homework is passed'
01:49 +312 ~10 -1: /app/app/test/homework/homework_dialog_test.dart: ... when selecting "Nächster Schultag", then selecting a course with lessons, the old "Nächster Schultag" selection should be kept01:50 +312 ~10 -1: /app/app/test/homework/homework_dialog_test.dart: ... when selecting "Nächster Schultag", then selecting a course with lessons, the old "Nächster Schultag" selection should be kept01:50 +313 ~10 -1: /app/app/test/homework/homework_dialog_test.dart: ... when selecting "Nächster Schultag", then selecting a course with lessons, the old "Nächster Schultag" selection should be kept01:50 +313 ~10 -1: /app/app/test/homework/homework_dialog_test.dart: HomeworkDialog when no course is chosen then no chip should be selected                                                           01:50 +314 ~10 -1: /app/app/test/homework/homework_dialog_test.dart: HomeworkDialog when no course is chosen then no chip should be selected                                                           01:50 +314 ~10 -1: /app/app/test/homework/homework_dialog_test.dart: HomeworkDialog when choosing and then deleting a custom lesson chip then the date will stay the same when selecting another course01:51 +314 ~10 -1: /app/app/test/homework/homework_dialog_test.dart: HomeworkDialog when choosing and then deleting a custom lesson chip then the date will stay the same when selecting another course01:51 +315 ~10 -1: /app/app/test/grades/grades_service_test.dart: GradesService GradeRef.get does not throw if not existing                                                                            01:51 +316 ~10 -1: /app/app/test/homework/homework_dialog_test.dart: HomeworkDialog if user has schooldays set to empty, tomorrow will be returned for the next school day                             01:51 +317 ~10 -1: /app/app/test/homework/homework_dialog_test.dart: HomeworkDialog if user has schooldays set to empty, tomorrow will be returned for the next school day                             01:51 +317 ~10 -1: /app/app/test/homework/homework_dialog_test.dart: HomeworkDialog shows hint when presses disabled course tile                                                                       01:51 +318 ~10 -1: /app/app/test/homework/homework_dialog_test.dart: HomeworkDialog shows hint when presses disabled course tile                                                                       01:51 +318 ~10 -1: /app/app/test/homework/homework_dialog_test.dart: HomeworkDialog regression test: when trying to create a custom "in 0 lessons" chip no chip will be added                          01:51 +319 ~10 -1: /app/app/test/homework/homework_dialog_test.dart: HomeworkDialog regression test: when trying to create a custom "in 0 lessons" chip no chip will be added                          01:51 +319 ~10 -1: /app/app/test/homework/homework_dialog_test.dart: HomeworkDialog homework lesson chips are not visible in edit mode                                                                 01:52 +319 ~10 -1: /app/app/test/homework/homework_dialog_test.dart: HomeworkDialog homework lesson chips are not visible in edit mode                                                                 01:52 +320 ~10 -1: /app/app/test/homework/homework_dialog_test.dart: HomeworkDialog homework lesson chips are not visible in edit mode                                                                 01:52 +320 ~10 -1: /app/app/test/homework/homework_dialog_test.dart: HomeworkDialog edits homework correctly                                                                                           01:52 +321 ~10 -1: /app/app/test/homework/homework_dialog_test.dart: HomeworkDialog edits homework correctly                                                                                           01:52 +321 ~10 -1: /app/app/test/homework/homework_dialog_test.dart: ... when the date is manually selected that equals the date of the next schoolday then the corresponding chip will be selected    01:52 +322 ~10 -1: /app/app/test/homework/homework_dialog_test.dart: ... when the date is manually selected that equals the date of the next schoolday then the corresponding chip will be selected    01:52 +322 ~10 -1: /app/app/test/homework/homework_dialog_test.dart: ... and then selecting another course with also lessons then the lesson chip should be kept active but the date should be updated 01:53 +322 ~10 -1: /app/app/test/homework/homework_dialog_test.dart: ... and then selecting another course with also lessons then the lesson chip should be kept active but the date should be updated 01:53 +323 ~10 -1: /app/app/test/homework/homework_dialog_test.dart: ... and then selecting another course with also lessons then the lesson chip should be kept active but the date should be updated 01:53 +324 ~10 -1: /app/app/test/homework/homework_dialog_test.dart: ... and then selecting another course with also lessons then the lesson chip should be kept active but the date should be updated 01:53 +325 ~10 -1: /app/app/test/homework/homework_dialog_test.dart: ... and then selecting another course with also lessons then the lesson chip should be kept active but the date should be updated 01:53 +326 ~10 -1: /app/app/test/homework/homework_dialog_test.dart: ... and then selecting another course with also lessons then the lesson chip should be kept active but the date should be updated 01:53 +327 ~10 -1: /app/app/test/homework/homework_dialog_test.dart: ... and then selecting another course with also lessons then the lesson chip should be kept active but the date should be updated 01:53 +328 ~10 -1: /app/app/test/homework/homework_dialog_test.dart: ... and then selecting another course with also lessons then the lesson chip should be kept active but the date should be updated 01:53 +329 ~10 -1: /app/app/test/homework/homework_dialog_test.dart: ... and then selecting another course with also lessons then the lesson chip should be kept active but the date should be updated 01:53 +330 ~10 -1: /app/app/test/homework/homework_dialog_test.dart: ... and then selecting another course with also lessons then the lesson chip should be kept active but the date should be updated 01:53 +331 ~10 -1: /app/app/test/homework/homework_dialog_test.dart: ... and then selecting another course with also lessons then the lesson chip should be kept active but the date should be updated 01:53 +332 ~10 -1: /app/app/test/homework/homework_dialog_test.dart: ... and then selecting another course with also lessons then the lesson chip should be kept active but the date should be updated 01:53 +333 ~10 -1: /app/app/test/homework/homework_dialog_test.dart: ... and then selecting another course with also lessons then the lesson chip should be kept active but the date should be updated 01:53 +334 ~10 -1: /app/app/test/homework/homework_dialog_test.dart: ... and then selecting another course with also lessons then the lesson chip should be kept active but the date should be updated 01:53 +335 ~10 -1: /app/app/test/homework/homework_dialog_test.dart: ... and then selecting another course with also lessons then the lesson chip should be kept active but the date should be updated 01:53 +336 ~10 -1: /app/app/test/homework/homework_dialog_test.dart: ... and then selecting another course with also lessons then the lesson chip should be kept active but the date should be updated 01:53 +337 ~10 -1: /app/app/test/homework/homework_dialog_test.dart: ... and then selecting another course with also lessons then the lesson chip should be kept active but the date should be updated 01:53 +338 ~10 -1: /app/app/test/homework/homework_dialog_test.dart: ... and then selecting another course with also lessons then the lesson chip should be kept active but the date should be updated 01:53 +339 ~10 -1: /app/app/test/homework/homework_dialog_test.dart: ... and then selecting another course with also lessons then the lesson chip should be kept active but the date should be updated 01:53 +340 ~10 -1: /app/app/test/homework/homework_dialog_test.dart: ... and then selecting another course with also lessons then the lesson chip should be kept active but the date should be updated 01:53 +340 ~10 -1: /app/app/test/homework/homework_dialog_test.dart: HomeworkDialog should display a prefilled dialog if homework is passed                                                            01:53 +340 ~10 -1: /app/app/test/homework/homework_dialog_test.dart: HomeworkDialog should display a prefilled dialog if homework is passed
══╡ EXCEPTION CAUGHT BY FLUTTER TEST FRAMEWORK ╞════════════════════════════════════════════════════
The following TestFailure was thrown running a test:
Expected: exactly one matching candidate
  Actual: _TextWidgetFinder:<Found 0 widgets with text "16:30": []>
   Which: means none were found but one was expected

When the exception was thrown, this was the stack:
#4      main.<anonymous closure>.<anonymous closure> (file:///app/app/test/homework/homework_dialog_test.dart:650:7)
<asynchronous suspension>
#5      testWidgets.<anonymous closure>.<anonymous closure> (package:flutter_test/src/widget_tester.dart:192:15)
<asynchronous suspension>
#6      TestWidgetsFlutterBinding._runTestBody (package:flutter_test/src/binding.dart:1059:5)
<asynchronous suspension>
<asynchronous suspension>
(elided one frame from package:stack_trace)

This was caught by the test expectation on the following line:
  file:///app/app/test/homework/homework_dialog_test.dart line 650
The test description was:
  should display a prefilled dialog if homework is passed
════════════════════════════════════════════════════════════════════════════════════════════════════
01:53 +340 ~10 -2: /app/app/test/homework/homework_dialog_test.dart: HomeworkDialog should display a prefilled dialog if homework is passed [E]
  Test failed. See exception logs above.
  The test description was: should display a prefilled dialog if homework is passed


To run this test again: /home/jules/fvm/versions/3.35.3/bin/cache/dart-sdk/bin/dart test /app/app/test/homework/homework_dialog_test.dart -p vm --plain-name 'HomeworkDialog should display a prefilled dialog if homework is passed'
01:53 +340 ~10 -2: /app/app/test/homework/homework_dialog_test.dart: HomeworkDialog when no course is selected then the lesson chips are disabled                                                      01:54 +340 ~10 -2: /app/app/test/homework/homework_dialog_test.dart: HomeworkDialog when no course is selected then the lesson chips are disabled                                                      01:54 +341 ~10 -2: /app/app/test/homework/homework_dialog_test.dart: HomeworkDialog when no course is selected then the lesson chips are disabled                                                      01:54 +341 ~10 -2: /app/app/test/homework/homework_dialog_test.dart: ... When creating a "in 2 lesson" custom chip the "übernächste Stunde" chip will be selected and no custom chip will be created   01:54 +342 ~10 -2: /app/app/test/homework/homework_dialog_test.dart: ... When creating a "in 2 lesson" custom chip the "übernächste Stunde" chip will be selected and no custom chip will be created   01:54 +342 ~10 -2: /app/app/test/homework/homework_dialog_test.dart: HomeworkDialog when creating a "in 5 lessons" custom chip it will be selected and the correct date will be selected               01:54 +343 ~10 -2: /app/app/test/homework/homework_dialog_test.dart: HomeworkDialog when creating a "in 5 lessons" custom chip it will be selected and the correct date will be selected               01:54 +343 ~10 -2: /app/app/test/homework/homework_dialog_test.dart: HomeworkDialog when pressing "Nächste Stunde" the next lesson will be selected                                                    01:55 +343 ~10 -2: /app/app/test/homework/homework_dialog_test.dart: HomeworkDialog when pressing "Nächste Stunde" the next lesson will be selected                                                    01:55 +344 ~10 -2: /app/app/test/homework/homework_dialog_test.dart: HomeworkDialog when pressing "Nächste Stunde" the next lesson will be selected                                                    01:55 +345 ~10 -2: /app/app/test/grades/grades_test.dart: grades When trying to add a grade with the same id as an existing grade then a DuplicateGradeIdException is thrown                           01:55 +346 ~10 -2: /app/app/test/grades/grades_test.dart: grades When trying to add a grade with the same id as an existing grade then a DuplicateGradeIdException is thrown                           01:55 +346 ~10 -2: /app/app/test/grades/grades_test.dart: grades If the final grade type of a term is edited to a unknown grade type then a GradeTypeNotFoundException will be thrown                  01:55 +347 ~10 -2: /app/app/test/grades/grades_test.dart: grades If the final grade type of a term is edited to a unknown grade type then a GradeTypeNotFoundException will be thrown                  01:55 +347 ~10 -2: /app/app/test/grades/grades_test.dart: grades Setting a grade type weight for a subject to a negative number throws an ArgumentError                                                01:55 +348 ~10 -2: /app/app/test/grades/grades_test.dart: grades Setting a grade type weight for a subject to a negative number throws an ArgumentError                                                01:55 +348 ~10 -2: /app/app/test/grades/grades_test.dart: grades grades that are marked as "Nicht in den Schnitt einbeziehen" should not be included in the calculation of the subject and term grade  01:55 +349 ~10 -2: /app/app/test/grades/grades_test.dart: grades grades that are marked as "Nicht in den Schnitt einbeziehen" should not be included in the calculation of the subject and term grade  01:55 +349 ~10 -2: /app/app/test/grades/grades_test.dart: grades subjects can have custom weights per grade type 2 (e.g. presentation)                                                                 01:55 +350 ~10 -2: /app/app/test/grades/grades_test.dart: grades subjects can have custom weights per grade type 2 (e.g. presentation)                                                                 01:55 +350 ~10 -2: /app/app/test/grades/grades_test.dart: grades A subject can have a custom "Endnote" that overrides the terms "Endnote"                                                              01:55 +351 ~10 -2: /app/app/test/grades/grades_test.dart: grades A subject can have a custom "Endnote" that overrides the terms "Endnote"                                                              01:55 +351 ~10 -2: /app/app/test/grades/grades_test.dart: grades a grade type weight can be remove from term                                                                                           01:55 +352 ~10 -2: /app/app/test/grades/grades_test.dart: grades a grade type weight can be remove from term                                                                                           01:55 +352 ~10 -2: /app/app/test/grades/grades_test.dart: grades If the grading system of the term is edited then the new value will be used for the term.                                             01:55 +353 ~10 -2: /app/app/test/grades/grades_test.dart: grades If the grading system of the term is edited then the new value will be used for the term.                                             01:55 +353 ~10 -2: /app/app/test/grades/grades_test.dart: grades If a term is added with an unknown final grade type then an GradeTypeNotFoundException is thrown                                      01:55 +354 ~10 -2: /app/app/test/grades/grades_test.dart: grades If a term is added with an unknown final grade type then an GradeTypeNotFoundException is thrown                                      01:55 +354 ~10 -2: /app/app/test/grades/grades_test.dart: grades A user can have several terms                                                                                                         01:55 +355 ~10 -2: /app/app/test/grades/grades_test.dart: grades A user can have several terms                                                                                                         01:55 +355 ~10 -2: /app/app/test/grades/grades_test.dart: grades subjects can have custom weights per grade type (e.g. presentation)                                                                   01:55 +356 ~10 -2: /app/app/test/grades/grades_test.dart: grades subjects can have custom weights per grade type (e.g. presentation)                                                                   01:55 +356 ~10 -2: /app/app/test/grades/grades_test.dart: grades If a term is edited with "Aktuelles Halbjahr" set to true, then terms with "Aktuelles Halbjahr" set to true will be set to false.     01:55 +357 ~10 -2: /app/app/test/grades/grades_test.dart: grades If a term is edited with "Aktuelles Halbjahr" set to true, then terms with "Aktuelles Halbjahr" set to true will be set to false.     01:55 +357 ~10 -2: /app/app/test/grades/grades_test.dart: grades A grade and GradeValue has a gradingSystem                                                                                            01:55 +358 ~10 -2: /app/app/test/grades/grades_test.dart: grades A grade and GradeValue has a gradingSystem                                                                                            01:55 +358 ~10 -2: /app/app/test/grades/grades_test.dart: grades The calculated grade of the term is the average of subject grades by default                                                          01:55 +359 ~10 -2: /app/app/test/grades/grades_test.dart: grades The calculated grade of the term is the average of subject grades by default                                                          01:55 +359 ~10 -2: /app/app/test/grades/grades_test.dart: grades subjects can have custom weights per grade                                                                                            01:55 +360 ~10 -2: /app/app/test/grades/grades_test.dart: grades subjects can have custom weights per grade                                                                                            01:55 +360 ~10 -2: /app/app/test/grades/grades_test.dart: grades A term can have a name.                                                                                                               01:55 +361 ~10 -2: /app/app/test/grades/grades_test.dart: grades A term can have a name.                                                                                                               01:55 +361 ~10 -2: /app/app/test/grades/grades_test.dart: grades A term has WeightDisplayType.factor as a default weight display type                                                                  01:55 +362 ~10 -2: /app/app/test/grades/grades_test.dart: grades A term has WeightDisplayType.factor as a default weight display type                                                                  01:55 +362 ~10 -2: /app/app/test/grades/grades_test.dart: grades A grade has details                                                                                                                   01:55 +363 ~10 -2: /app/app/test/grades/grades_test.dart: grades A grade has details                                                                                                                   01:55 +363 ~10 -2: /app/app/test/grades/grades_test.dart: grades If a term is edited with "Aktuelles Halbjahr" set to false, then "Aktuelles Halbjahr" will be set to false.                           01:55 +364 ~10 -2: /app/app/test/grades/grades_test.dart: grades If a term is edited with "Aktuelles Halbjahr" set to false, then "Aktuelles Halbjahr" will be set to false.                           01:55 +364 ~10 -2: /app/app/test/grades/grades_test.dart: grades If the edited grade has an invalid grade value a InvalidGradeValueException is thrown                                                 01:55 +365 ~10 -2: /app/app/test/grades/grades_test.dart: grades If the edited grade has an invalid grade value a InvalidGradeValueException is thrown                                                 01:55 +365 ~10 -2: /app/app/test/grades/grades_test.dart: grades a subjects gradeType weights are saved even when they are deactivated                                                                 01:55 +366 ~10 -2: /app/app/test/grades/grades_test.dart: grades a subjects gradeType weights are saved even when they are deactivated                                                                 01:55 +366 ~10 -2: /app/app/test/grades/grades_test.dart: grades If a grade with an unknown subject id was added then a SubjectNotFoundException is thrown                                             01:55 +367 ~10 -2: /app/app/test/grades/grades_test.dart: grades If a grade with an unknown subject id was added then a SubjectNotFoundException is thrown                                             01:55 +367 ~10 -2: /app/app/test/grades/grades_test.dart: grades "Nicht in den Schnitt einbeziehen" will be deactivated if the weight of the specific grade is set to non-zero                         01:55 +368 ~10 -2: /app/app/test/grades/grades_test.dart: grades "Nicht in den Schnitt einbeziehen" will be deactivated if the weight of the specific grade is set to non-zero                         01:55 +368 ~10 -2: /app/app/test/grades/grades_test.dart: grades The name of the term can be edited                                                                                                    01:55 +369 ~10 -2: /app/app/test/grades/grades_test.dart: grades The name of the term can be edited                                                                                                    01:55 +369 ~10 -2: /app/app/test/grades/grades_test.dart: ... subject with the same id is already existing a SubjectAlreadyExistsException exception will be thrown and the subject will not be added. 01:55 +370 ~10 -2: /app/app/test/grades/grades_test.dart: ... subject with the same id is already existing a SubjectAlreadyExistsException exception will be thrown and the subject will not be added. 01:55 +370 ~10 -2: /app/app/test/grades/grades_test.dart: grades Deleting an unknown term will throw an ArgumentError                                                                                  01:55 +371 ~10 -2: /app/app/test/grades/grades_test.dart: grades Deleting an unknown term will throw an ArgumentError                                                                                  01:55 +371 ~10 -2: /app/app/test/grades/grades_test.dart: grades Setting a subject weight for a term to a negative number throws an ArgumentError                                                      01:55 +372 ~10 -2: /app/app/test/grades/grades_test.dart: grades Setting a subject weight for a term to a negative number throws an ArgumentError                                                      01:55 +372 ~10 -2: /app/app/test/grades/grades_test.dart: grades term weights can be overridden by a subject                                                                                           01:55 +373 ~10 -2: /app/app/test/grades/grades_test.dart: grades term weights can be overridden by a subject                                                                                           01:55 +373 ~10 -2: /app/app/test/grades/grades_test.dart: grades If the edited grade has an unknown grade type a GradeTypeNotFoundException is thrown                                                  01:55 +374 ~10 -2: /app/app/test/grades/grades_test.dart: grades If the edited grade has an unknown grade type a GradeTypeNotFoundException is thrown                                                  01:55 +374 ~10 -2: /app/app/test/grades/grades_test.dart: grades Nothing happens if a term is edited with blank values                                                                                 01:55 +375 ~10 -2: /app/app/test/grades/grades_test.dart: grades Nothing happens if a term is edited with blank values                                                                                 01:55 +375 ~10 -2: /app/app/test/grades/grades_test.dart: grades Setting a grade type weight for a term to a negative number throws an ArgumentError                                                   01:55 +376 ~10 -2: /app/app/test/grades/grades_test.dart: grades Setting a grade type weight for a term to a negative number throws an ArgumentError                                                   01:55 +376 ~10 -2: /app/app/test/grades/grades_test.dart: grades If an unknown grade is to be deleted then an GradeNotFoundException will be thrown                                                    01:55 +377 ~10 -2: /app/app/test/grades/grades_test.dart: grades If an unknown grade is to be deleted then an GradeNotFoundException will be thrown                                                    01:55 +377 ~10 -2: /app/app/test/grades/grades_test.dart: grades If the final grade type of the term is edited then the new value will be used.                                                        01:55 +378 ~10 -2: /app/app/test/grades/grades_test.dart: grades If the final grade type of the term is edited then the new value will be used.                                                        01:55 +378 ~10 -2: /app/app/test/grades/grades_test.dart: grades the term grade should equal the average of the average grades of every subject taking weights into account                            01:55 +379 ~10 -2: /app/app/test/grades/grades_test.dart: grades the term grade should equal the average of the average grades of every subject taking weights into account                            01:55 +379 ~10 -2: /app/app/test/grades/grades_test.dart: grades grades for a subject will be weighted by the settings in term by default                                                              01:55 +380 ~10 -2: /app/app/test/grades/grades_test.dart: grades grades for a subject will be weighted by the settings in term by default                                                              01:55 +380 ~10 -2: /app/app/test/grades/grades_test.dart: grades A subject has connected courses                                                                                                       01:55 +381 ~10 -2: /app/app/test/grades/grades_test.dart: grades A subject has connected courses                                                                                                       01:55 +381 ~10 -2: /app/app/test/grades/grades_test.dart: grades Setting "Aktuelles Halbjahr" false on a term where "Aktuelles Halbjahr" is already to false won't alter the other terms.              01:55 +382 ~10 -2: /app/app/test/grades/grades_test.dart: grades Setting "Aktuelles Halbjahr" false on a term where "Aktuelles Halbjahr" is already to false won't alter the other terms.              01:55 +382 ~10 -2: /app/app/test/grades/grades_test.dart: grades If a term is created with "Aktuelles Halbjahr" set to true, then terms with "Aktuelles Halbjahr" set to true will be set to false.    01:55 +383 ~10 -2: /app/app/test/grades/grades_test.dart: grades If a term is created with "Aktuelles Halbjahr" set to true, then terms with "Aktuelles Halbjahr" set to true will be set to false.    01:55 +383 ~10 -2: /app/app/test/grades/grades_test.dart: grades Deleting a term will delete all grades inside it, but no subjects                                                                     01:55 +384 ~10 -2: /app/app/test/grades/grades_test.dart: grades Deleting a term will delete all grades inside it, but no subjects                                                                     01:55 +384 ~10 -2: /app/app/test/grades/grades_test.dart: grades The weight display type of a term can be changed                                                                                      01:55 +385 ~10 -2: /app/app/test/grades/grades_test.dart: grades The weight display type of a term can be changed                                                                                      01:55 +385 ~10 -2: /app/app/test/grades/grades_test.dart: grades a subject will be added automatically to the term when setting the weight of a subject for a term                                     01:55 +386 ~10 -2: /app/app/test/grades/grades_test.dart: grades a subject will be added automatically to the term when setting the weight of a subject for a term                                     01:55 +386 ~10 -2: /app/app/test/grades/grades_test.dart: grades A grade saves the original input                                                                                                      01:55 +387 ~10 -2: /app/app/test/grades/grades_test.dart: grades A grade saves the original input                                                                                                      01:55 +387 ~10 -2: /app/app/test/grades/grades_test.dart: grades Setting a grade weight to a negative number throws an ArgumentError                                                                   01:55 +388 ~10 -2: /app/app/test/grades/grades_test.dart: grades Setting a grade weight to a negative number throws an ArgumentError                                                                   01:55 +388 ~10 -2: /app/app/test/grades/grades_test.dart: grades A grade can be edited                                                                                                                 01:55 +389 ~10 -2: /app/app/test/grades/grades_test.dart: grades A grade can be edited                                                                                                                 01:55 +389 ~10 -2: /app/app/test/grades/grades_test.dart: grades The calculated grade of a subject is the average of the grades by default                                                             01:55 +390 ~10 -2: /app/app/test/grades/grades_test.dart: grades The calculated grade of a subject is the average of the grades by default                                                             01:55 +390 ~10 -2: /app/app/test/grades/grades_test.dart: grades The "Endnote" grade type overrides the subject grade                                                                                  01:55 +391 ~10 -2: /app/app/test/grades/grades_test.dart: grades The "Endnote" grade type overrides the subject grade                                                                                  01:55 +391 ~10 -2: /app/app/test/grades/grades_test.dart: grades A subject has a name and abbreviation                                                                                                 01:55 +392 ~10 -2: /app/app/test/grades/grades_test.dart: grades A subject has a name and abbreviation                                                                                                 01:55 +392 ~10 -2: /app/app/test/grades/grades_test.dart: grades When changing weight display type for one term then it doesnt affect the type of the other terms                                      01:55 +393 ~10 -2: /app/app/test/grades/grades_test.dart: grades When changing weight display type for one term then it doesnt affect the type of the other terms                                      01:55 +393 ~10 -2: /app/app/test/grades/grades_test.dart: grades Trying to edit a grade with an unknown Id will throw GradeNotFoundException                                                           01:55 +394 ~10 -2: /app/app/test/grades/grades_test.dart: grades Trying to edit a grade with an unknown Id will throw GradeNotFoundException                                                           01:55 +394 ~10 -2: /app/app/test/grades/grades_test.dart: grades a subject grade type can be removed from weighting                                                                                    01:55 +395 ~10 -2: /app/app/test/grades/grades_test.dart: grades a subject grade type can be removed from weighting                                                                                    01:55 +395 ~10 -2: /app/app/test/grades/grades_test.dart: grades A subject has a Design                                                                                                                01:55 +396 ~10 -2: /app/app/test/grades/grades_test.dart: grades A subject has a Design                                                                                                                01:55 +396 ~10 -2: /app/app/test/grades/grades_test.dart: grades A grade has a title                                                                                                                   01:55 +397 ~10 -2: /app/app/test/grades/grades_test.dart: grades A grade has a title                                                                                                                   01:55 +397 ~10 -2: /app/app/test/grades/grades_test.dart: grades A grade has a Date                                                                                                                    01:55 +398 ~10 -2: /app/app/test/grades/grades_test.dart: grades A grade has a Date                                                                                                                    01:55 +398 ~10 -2: /app/app/test/grades/grades_test.dart: grades A grade can be deleted                                                                                                                01:55 +399 ~10 -2: /app/app/test/grades/grades_test.dart: grades A grade can be deleted                                                                                                                01:55 +399 ~10 -2: /app/app/test/grades/grades_test.dart: Regression test: Changing the final grade type of a term shouldnt delete any subjects                                                        01:55 +400 ~10 -2: /app/app/test/grades/grades_test.dart: Regression test: Changing the final grade type of a term shouldnt delete any subjects                                                        01:56 +400 ~10 -2: /app/app/test/grades/grades_test.dart: Regression test: Changing the final grade type of a term shouldnt delete any subjects                                                        01:57 +400 ~10 -2: /app/app/test/grades/grades_test.dart: Regression test: Changing the final grade type of a term shouldnt delete any subjects                                                        01:57 +400 ~10 -2: loading /app/app/test/grades/pages/term_settings_page/term_settings_page_test.dart                                                                                                  01:57 +400 ~10 -2: /app/app/test/grades/pages/term_settings_page/term_settings_page_test.dart: ... is WeightDisplayType.factor the factor dialog will be shown when tapping subject weight             01:58 +400 ~10 -2: /app/app/test/grades/pages/term_settings_page/term_settings_page_test.dart: ... is WeightDisplayType.factor the factor dialog will be shown when tapping subject weight             01:58 +401 ~10 -2: /app/app/test/grades/pages/term_settings_page/term_settings_page_test.dart: ... is WeightDisplayType.factor the factor dialog will be shown when tapping subject weight             01:58 +402 ~10 -2: /app/app/test/grades/pages/term_settings_page/term_settings_page_test.dart: ... is WeightDisplayType.factor the factor dialog will be shown when tapping subject weight             01:58 +403 ~10 -2: /app/app/test/grades/pages/term_settings_page/term_settings_page_test.dart: ... is WeightDisplayType.factor the factor dialog will be shown when tapping subject weight             01:58 +404 ~10 -2: /app/app/test/grades/pages/term_settings_page/term_settings_page_test.dart: ... is WeightDisplayType.factor the factor dialog will be shown when tapping subject weight             01:58 +405 ~10 -2: /app/app/test/grades/pages/term_settings_page/term_settings_page_test.dart: ... is WeightDisplayType.factor the factor dialog will be shown when tapping subject weight             01:58 +406 ~10 -2: /app/app/test/grades/pages/term_settings_page/term_settings_page_test.dart: ... is WeightDisplayType.factor the factor dialog will be shown when tapping subject weight             01:58 +407 ~10 -2: /app/app/test/grades/pages/term_settings_page/term_settings_page_test.dart: ... is WeightDisplayType.factor the factor dialog will be shown when tapping subject weight             01:58 +408 ~10 -2: /app/app/test/grades/pages/term_settings_page/term_settings_page_test.dart: ... is WeightDisplayType.factor the factor dialog will be shown when tapping subject weight             01:58 +409 ~10 -2: /app/app/test/grades/pages/term_settings_page/term_settings_page_test.dart: ... is WeightDisplayType.factor the factor dialog will be shown when tapping subject weight             01:58 +410 ~10 -2: /app/app/test/grades/pages/term_settings_page/term_settings_page_test.dart: ... is WeightDisplayType.factor the factor dialog will be shown when tapping subject weight             01:58 +411 ~10 -2: /app/app/test/grades/pages/term_settings_page/term_settings_page_test.dart: ... is WeightDisplayType.factor the factor dialog will be shown when tapping subject weight             01:58 +412 ~10 -2: /app/app/test/grades/pages/term_settings_page/term_settings_page_test.dart: ... is WeightDisplayType.factor the factor dialog will be shown when tapping subject weight             01:58 +413 ~10 -2: /app/app/test/grades/pages/term_settings_page/term_settings_page_test.dart: ... is WeightDisplayType.factor the factor dialog will be shown when tapping subject weight             01:58 +414 ~10 -2: /app/app/test/grades/pages/term_settings_page/term_settings_page_test.dart: ... is WeightDisplayType.factor the factor dialog will be shown when tapping subject weight             01:58 +415 ~10 -2: /app/app/test/grades/pages/term_settings_page/term_settings_page_test.dart: ... is WeightDisplayType.factor the factor dialog will be shown when tapping subject weight             01:58 +416 ~10 -2: /app/app/test/grades/pages/term_settings_page/term_settings_page_test.dart: ... is WeightDisplayType.factor the factor dialog will be shown when tapping subject weight             01:58 +417 ~10 -2: /app/app/test/grades/pages/term_settings_page/term_settings_page_test.dart: ... is WeightDisplayType.factor the factor dialog will be shown when tapping subject weight             01:58 +418 ~10 -2: /app/app/test/grades/pages/term_settings_page/term_settings_page_test.dart: ... is WeightDisplayType.factor the factor dialog will be shown when tapping subject weight             01:58 +419 ~10 -2: /app/app/test/grades/pages/term_settings_page/term_settings_page_test.dart: ... is WeightDisplayType.factor the factor dialog will be shown when tapping subject weight             01:58 +420 ~10 -2: /app/app/test/grades/pages/term_settings_page/term_settings_page_test.dart: ... is WeightDisplayType.factor the factor dialog will be shown when tapping subject weight             01:58 +421 ~10 -2: /app/app/test/grades/pages/term_settings_page/term_settings_page_test.dart: ... is WeightDisplayType.factor the factor dialog will be shown when tapping subject weight             01:58 +422 ~10 -2: /app/app/test/grades/pages/term_settings_page/term_settings_page_test.dart: ... is WeightDisplayType.factor the factor dialog will be shown when tapping subject weight             01:58 +423 ~10 -2: /app/app/test/grades/pages/term_settings_page/term_settings_page_test.dart: ... is WeightDisplayType.factor the factor dialog will be shown when tapping subject weight             01:58 +424 ~10 -2: /app/app/test/grades/pages/term_settings_page/term_settings_page_test.dart: ... is WeightDisplayType.factor the factor dialog will be shown when tapping subject weight             01:58 +425 ~10 -2: /app/app/test/grades/pages/term_settings_page/term_settings_page_test.dart: ... is WeightDisplayType.factor the factor dialog will be shown when tapping subject weight             01:58 +426 ~10 -2: /app/app/test/grades/pages/term_settings_page/term_settings_page_test.dart: ... is WeightDisplayType.factor the factor dialog will be shown when tapping subject weight             01:58 +427 ~10 -2: /app/app/test/grades/pages/term_settings_page/term_settings_page_test.dart: ... is WeightDisplayType.factor the factor dialog will be shown when tapping subject weight             01:58 +428 ~10 -2: /app/app/test/grades/pages/term_settings_page/term_settings_page_test.dart: ... is WeightDisplayType.factor the factor dialog will be shown when tapping subject weight             01:58 +429 ~10 -2: /app/app/test/grades/pages/term_settings_page/term_settings_page_test.dart: ... is WeightDisplayType.factor the factor dialog will be shown when tapping subject weight             01:58 +430 ~10 -2: /app/app/test/grades/pages/term_settings_page/term_settings_page_test.dart: ... is WeightDisplayType.factor the factor dialog will be shown when tapping subject weight             01:58 +431 ~10 -2: /app/app/test/grades/pages/term_settings_page/term_settings_page_test.dart: ... is WeightDisplayType.factor the factor dialog will be shown when tapping subject weight             01:59 +431 ~10 -2: /app/app/test/grades/pages/term_settings_page/term_settings_page_test.dart: ... is WeightDisplayType.factor the factor dialog will be shown when tapping subject weight             01:59 +432 ~10 -2: /app/app/test/grades/pages/term_settings_page/term_settings_page_test.dart: ... is WeightDisplayType.factor the factor dialog will be shown when tapping subject weight             01:59 +432 ~10 -2: /app/app/test/grades/pages/term_settings_page/term_settings_page_test.dart: ... is WeightDisplayType.percent the percent dialog will be shown when tapping subject weight           01:59 +433 ~10 -2: /app/app/test/grades/pages/term_settings_page/term_settings_page_test.dart: ... is WeightDisplayType.percent the percent dialog will be shown when tapping subject weight           02:00 +433 ~10 -2: /app/app/test/grades/pages/term_settings_page/term_settings_page_test.dart: ... is WeightDisplayType.percent the percent dialog will be shown when tapping subject weight           02:00 +433 ~10 -2: loading /app/app/test/grades/pages/subject_settings_page/subject_settings_page_controller_test.dart                                                                                 02:00 +433 ~10 -2: /app/app/test/grades/pages/subject_settings_page/subject_settings_page_controller_test.dart: ... returns subject weights if subjects WeightType is WeightType.perGradeType          02:00 +434 ~10 -2: /app/app/test/grades/pages/subject_settings_page/subject_settings_page_controller_test.dart: ... returns subject weights if subjects WeightType is WeightType.perGradeType          02:00 +434 ~10 -2: /app/app/test/grades/pages/subject_settings_page/subject_settings_page_controller_test.dart: ... adds weights / overrides weights from term                                         02:00 +435 ~10 -2: /app/app/test/grades/pages/subject_settings_page/subject_settings_page_controller_test.dart: ... adds weights / overrides weights from term                                         02:00 +435 ~10 -2: /app/app/test/grades/pages/subject_settings_page/subject_settings_page_controller_test.dart: ... returns final grade type from term if it is not overridden by subject              02:00 +436 ~10 -2: /app/app/test/grades/pages/subject_settings_page/subject_settings_page_controller_test.dart: ... returns final grade type from term if it is not overridden by subject              02:00 +436 ~10 -2: /app/app/test/grades/pages/subject_settings_page/subject_settings_page_controller_test.dart: ... returns final grade type from subject if it overrides terms final grade type       02:00 +437 ~10 -2: /app/app/test/grades/pages/subject_settings_page/subject_settings_page_controller_test.dart: ... returns final grade type from subject if it overrides terms final grade type       02:00 +437 ~10 -2: /app/app/test/grades/pages/subject_settings_page/subject_settings_page_controller_test.dart: SubjectSettingsPageController Correctly adds weights                                   02:01 +437 ~10 -2: /app/app/test/grades/pages/subject_settings_page/subject_settings_page_controller_test.dart: SubjectSettingsPageController Correctly adds weights                                   02:01 +438 ~10 -2: /app/app/test/grades/pages/subject_settings_page/subject_settings_page_controller_test.dart: SubjectSettingsPageController Correctly adds weights                                   02:01 +438 ~10 -2: /app/app/test/grades/pages/subject_settings_page/subject_settings_page_controller_test.dart: ... returns term weights if subjects WeightType is WeightType.inheritFromTerm          02:01 +439 ~10 -2: /app/app/test/grades/pages/subject_settings_page/subject_settings_page_controller_test.dart: ... returns term weights if subjects WeightType is WeightType.inheritFromTerm          02:01 +439 ~10 -2: /app/app/test/grades/pages/subject_settings_page/subject_settings_page_controller_test.dart: ... returns no weights if term has no default weights and subject has no weights       02:01 +440 ~10 -2: /app/app/test/grades/pages/subject_settings_page/subject_settings_page_controller_test.dart: ... returns no weights if term has no default weights and subject has no weights       02:01 +440 ~10 -2: /app/app/test/grades/pages/subject_settings_page/subject_settings_page_controller_test.dart: ... throws if subjects WeightType is WeightType.perGrade as we dont support it yet     02:01 +441 ~10 -2: /app/app/test/grades/pages/subject_settings_page/subject_settings_page_controller_test.dart: ... throws if subjects WeightType is WeightType.perGrade as we dont support it yet     02:01 +441 ~10 -2: loading /app/app/test/grades/pages/create_term_page/create_term_page_controller_test.dart                                                                                           02:01 +441 ~10 -2: /app/app/test/grades/pages/create_term_page/create_term_page_controller_test.dart: CreateTermPageController saves term with custom grading system                                   02:01 +442 ~10 -2: /app/app/test/grades/pages/create_term_page/create_term_page_controller_test.dart: CreateTermPageController saves term with custom grading system                                   02:01 +442 ~10 -2: /app/app/test/grades/pages/create_term_page/create_term_page_controller_test.dart: CreateTermPageController saves term successfully with default values                             02:01 +443 ~10 -2: /app/app/test/grades/pages/create_term_page/create_term_page_controller_test.dart: CreateTermPageController saves term successfully with default values                             02:01 +443 ~10 -2: /app/app/test/grades/pages/create_term_page/create_term_page_controller_test.dart: CreateTermPageController throws InvalidTermNameException when saving a term without a name       02:01 +444 ~10 -2: /app/app/test/grades/pages/create_term_page/create_term_page_controller_test.dart: CreateTermPageController throws InvalidTermNameException when saving a term without a name       02:01 +444 ~10 -2: /app/app/test/grades/pages/create_term_page/create_term_page_controller_test.dart: CreateTermPageController saves term that is not active                                           02:01 +445 ~10 -2: /app/app/test/grades/pages/create_term_page/create_term_page_controller_test.dart: CreateTermPageController saves term that is not active                                           02:02 +445 ~10 -2: /app/app/test/grades/pages/create_term_page/create_term_page_controller_test.dart: CreateTermPageController saves term that is not active                                           02:03 +445 ~10 -2: /app/app/test/grades/pages/create_term_page/create_term_page_controller_test.dart: CreateTermPageController saves term that is not active                                           02:03 +445 ~10 -2: loading /app/app/test/grades/pages/grade_details_page/grade_details_page_test.dart                                                                                                  02:03 +445 ~10 -2: /app/app/test/grades/pages/grade_details_page/grade_details_page_test.dart: GradeDetailsPage should delete grade when confirmed                                                     02:03 +446 ~10 -2: /app/app/test/grades/pages/grade_details_page/grade_details_page_test.dart: GradeDetailsPage should delete grade when confirmed                                                     02:03 +447 ~10 -2: /app/app/test/grades/pages/grade_details_page/grade_details_page_test.dart: GradeDetailsPage should delete grade when confirmed                                                     02:03 +448 ~10 -2: /app/app/test/grades/pages/grade_details_page/grade_details_page_test.dart: GradeDetailsPage should delete grade when confirmed                                                     02:04 +448 ~10 -2: /app/app/test/grades/pages/grade_details_page/grade_details_page_test.dart: GradeDetailsPage should delete grade when confirmed                                                     02:04 +449 ~10 -2: /app/app/test/grades/pages/grade_details_page/grade_details_page_test.dart: GradeDetailsPage should delete grade when confirmed                                                     02:04 +450 ~10 -2: /app/app/test/grades/pages/grade_details_page/grade_details_page_test.dart: GradeDetailsPage should delete grade when confirmed                                                     02:04 +450 ~10 -2: /app/app/test/grades/pages/grade_details_page/grade_details_page_test.dart: GradeDetailsPage should not delete grade when canceled                                                  02:04 +451 ~10 -2: /app/app/test/grades/pages/grade_details_page/grade_details_page_test.dart: GradeDetailsPage should not delete grade when canceled                                                  02:05 +451 ~10 -2: /app/app/test/grades/pages/grade_details_page/grade_details_page_test.dart: GradeDetailsPage should not delete grade when canceled                                                  02:06 +451 ~10 -2: /app/app/test/grades/pages/grade_details_page/grade_details_page_test.dart: GradeDetailsPage should not delete grade when canceled                                                  02:06 +451 ~10 -2: loading /app/app/test/settings/support/support_page_test.dart                                                                                                                       02:06 +451 ~10 -2: /app/app/test/settings/support/support_page_test.dart: SupportPage does show plus advertising when user is not in group onboarding                                                  02:07 +451 ~10 -2: /app/app/test/settings/support/support_page_test.dart: SupportPage does show plus advertising when user is not in group onboarding                                                  02:07 +452 ~10 -2: /app/app/test/settings/support/support_page_test.dart: SupportPage does show plus advertising when user is not in group onboarding                                                  02:07 +453 ~10 -2: /app/app/test/settings/support/support_page_test.dart: SupportPage does show plus advertising when user is not in group onboarding                                                  02:07 +454 ~10 -2: /app/app/test/settings/support/support_page_test.dart: SupportPage does show plus advertising when user is not in group onboarding                                                  02:07 +455 ~10 -2: /app/app/test/settings/support/support_page_test.dart: SupportPage does show plus advertising when user is not in group onboarding                                                  02:07 +456 ~10 -2: /app/app/test/settings/support/support_page_test.dart: SupportPage does show plus advertising when user is not in group onboarding                                                  02:07 +457 ~10 -2: /app/app/test/settings/support/support_page_test.dart: SupportPage does show plus advertising when user is not in group onboarding                                                  02:07 +458 ~10 -2: /app/app/test/settings/support/support_page_test.dart: SupportPage does show plus advertising when user is not in group onboarding                                                  02:07 +459 ~10 -2: /app/app/test/settings/support/support_page_test.dart: SupportPage does show plus advertising when user is not in group onboarding                                                  02:08 +459 ~10 -2: /app/app/test/settings/support/support_page_test.dart: SupportPage does show plus advertising when user is not in group onboarding                                                  02:08 +460 ~10 -2: /app/app/test/settings/support/support_page_test.dart: SupportPage does show plus advertising when user is not in group onboarding                                                  02:08 +460 ~10 -2: /app/app/test/settings/support/support_page_test.dart: SupportPage does not show plus support section when user has no plus                                                         02:08 +461 ~10 -2: /app/app/test/settings/support/support_page_test.dart: SupportPage does not show plus support section when user has no plus                                                         02:08 +461 ~10 -2: /app/app/test/settings/support/support_page_test.dart: SupportPage does not show plus advertising when user is in group onboarding                                                  02:08 +462 ~10 -2: /app/app/test/settings/support/support_page_test.dart: SupportPage does not show plus advertising when user is in group onboarding                                                  02:08 +462 ~10 -2: /app/app/test/settings/support/support_page_test.dart: SupportPage shows free support section when user has no plus                                                                 02:08 +463 ~10 -2: /app/app/test/settings/support/support_page_test.dart: SupportPage shows free support section when user has no plus                                                                 02:08 +463 ~10 -2: /app/app/test/settings/support/support_page_test.dart: SupportPage shows plus support section when user has plus                                                                    02:08 +464 ~10 -2: /app/app/test/settings/support/support_page_test.dart: SupportPage shows plus support section when user has plus                                                                    02:08 +464 ~10 -2: /app/app/test/settings/support/support_page_test.dart: SupportPage does not show free support section when user has plus                                                            02:08 +465 ~10 -2: /app/app/test/settings/support/support_page_test.dart: SupportPage does not show free support section when user has plus                                                            02:09 +465 ~10 -2: /app/app/test/settings/support/support_page_test.dart: SupportPage does not show free support section when user has plus                                                            02:09 +465 ~10 -2: loading /app/app/test/settings/changelog/changelog_test.dart                                                                                                                        02:09 +465 ~10 -2: /app/app/test/settings/changelog/changelog_test.dart: paginated loading                                                                                                             02:09 +466 ~10 -2: /app/app/test/settings/changelog/changelog_test.dart: paginated loading                                                                                                             02:09 +466 ~10 -2: /app/app/test/settings/changelog/changelog_test.dart: version                                                                                                                       02:09 +467 ~10 -2: /app/app/test/settings/changelog/changelog_test.dart: version                                                                                                                       02:10 +467 ~10 -2: /app/app/test/settings/changelog/changelog_test.dart: version                                                                                                                       02:10 +467 ~10 -2: loading /app/app/test/settings/notifications/notification_test.dart                                                                                                                 02:10 +467 ~10 -2: /app/app/test/settings/notifications/notification_test.dart: NotificationBloc should not call api if timeOfDay is same as before                                                    02:10 +468 ~10 -2: /app/app/test/settings/notifications/notification_test.dart: NotificationBloc should not call api if timeOfDay is same as before                                                    02:10 +468 ~10 -2: /app/app/test/settings/notifications/notification_test.dart: NotificationBloc should call the api and change reminder status when messaging status gets turned off                  02:10 +469 ~10 -2: /app/app/test/settings/notifications/notification_test.dart: NotificationBloc should call the api and change reminder status when messaging status gets turned off                  02:10 +469 ~10 -2: /app/app/test/settings/notifications/notification_test.dart: NotificationBloc .convertReminderTimeToTimeOfDay convertes correctly                                                   02:10 +470 ~10 -2: /app/app/test/settings/notifications/notification_test.dart: NotificationBloc .convertReminderTimeToTimeOfDay convertes correctly                                                   02:10 +470 ~10 -2: /app/app/test/settings/notifications/notification_test.dart: NotificationBloc should call the api when the reminderTime is changed                                                  02:10 +471 ~10 -2: /app/app/test/settings/notifications/notification_test.dart: NotificationBloc should call the api when the reminderTime is changed                                                  02:10 +471 ~10 -2: /app/app/test/settings/notifications/notification_test.dart: NotificationBloc should emit that messaging is enabled if the api stream gives back a user with reminder time          02:10 +472 ~10 -2: /app/app/test/settings/notifications/notification_test.dart: NotificationBloc should emit that messaging is enabled if the api stream gives back a user with reminder time          02:10 +472 ~10 -2: /app/app/test/settings/notifications/notification_test.dart: NotificationBloc should emit that messaging is disabled if the api stream gives back a user with no reminder time      02:10 +473 ~10 -2: /app/app/test/settings/notifications/notification_test.dart: NotificationBloc should emit that messaging is disabled if the api stream gives back a user with no reminder time      02:10 +473 ~10 -2: /app/app/test/settings/notifications/notification_test.dart: TimeOfDay returns correct short String                                                                                 02:10 +474 ~10 -2: /app/app/test/settings/notifications/notification_test.dart: TimeOfDay returns correct short String                                                                                 02:11 +474 ~10 -2: /app/app/test/settings/notifications/notification_test.dart: TimeOfDay returns correct short String                                                                                 02:11 +474 ~10 -2: loading /app/app/test/notifications/notification_permission_test.dart                                                                                                               02:11 +474 ~10 -2: /app/app/test/notifications/notification_permission_test.dart: NotificationPermission returns true when checking if web requires to request permission                              02:11 +475 ~10 -2: /app/app/test/notifications/notification_permission_test.dart: NotificationPermission returns true when checking if web requires to request permission                              02:11 +475 ~10 -2: /app/app/test/notifications/notification_permission_test.dart: NotificationPermission returns true when checking if iOS requires to request permission                              02:11 +476 ~10 -2: /app/app/test/notifications/notification_permission_test.dart: NotificationPermission returns true when checking if iOS requires to request permission                              02:11 +476 ~10 -2: /app/app/test/notifications/notification_permission_test.dart: NotificationPermission requests permission for notifications                                                         02:11 +477 ~10 -2: /app/app/test/notifications/notification_permission_test.dart: NotificationPermission requests permission for notifications                                                         02:11 +477 ~10 -2: /app/app/test/notifications/notification_permission_test.dart: NotificationPermission returns true when checking if macOS requires to request permission                            02:11 +478 ~10 -2: /app/app/test/notifications/notification_permission_test.dart: NotificationPermission returns true when checking if macOS requires to request permission                            02:11 +478 ~10 -2: /app/app/test/notifications/notification_permission_test.dart: NotificationPermission returns false when checking if Android 12 requires to request permission                      02:11 +479 ~10 -2: /app/app/test/notifications/notification_permission_test.dart: NotificationPermission returns false when checking if Android 12 requires to request permission                      02:11 +479 ~10 -2: /app/app/test/notifications/notification_permission_test.dart: NotificationPermission returns true when checking if Android 13 requires to request permission                       02:11 +480 ~10 -2: /app/app/test/notifications/notification_permission_test.dart: NotificationPermission returns true when checking if Android 13 requires to request permission                       02:12 +480 ~10 -2: /app/app/test/notifications/notification_permission_test.dart: NotificationPermission returns true when checking if Android 13 requires to request permission                       02:12 +480 ~10 -2: loading /app/app/test/notifications/push_notification_action_handler/push_notification_action_handler_test.dart                                                                     02:12 +480 ~10 -2: /app/app/test/notifications/push_notification_action_handler/push_notification_action_handler_test.dart: generateNotificationMutations docs example                                 02:12 +481 ~10 -2: /app/app/test/notifications/push_notification_action_handler/push_notification_action_handler_test.dart: generateNotificationMutations docs example                                 02:12 +481 ~10 -2: /app/app/test/notifications/push_notification_action_handler/push_notification_action_handler_test.dart: ... error if several registrations have registered for the same action type02:12 +482 ~10 -2: /app/app/test/notifications/push_notification_action_handler/push_notification_action_handler_test.dart: ... error if several registrations have registered for the same action type02:12 +482 ~10 -2: /app/app/test/notifications/push_notification_action_handler/push_notification_action_handler_test.dart: ... returns a OpenLinkRequest if actionData is a non-empty string          02:12 +483 ~10 -2: /app/app/test/notifications/push_notification_action_handler/push_notification_action_handler_test.dart: ... returns a OpenLinkRequest if actionData is a non-empty string          02:12 +483 ~10 -2: /app/app/test/notifications/push_notification_action_handler/push_notification_action_handler_test.dart: ... results in parsing error when receiving empty or invalid actionData    02:12 +484 ~10 -2: /app/app/test/notifications/push_notification_action_handler/push_notification_action_handler_test.dart: ... results in parsing error when receiving empty or invalid actionData    02:12 +484 ~10 -2: /app/app/test/notifications/push_notification_action_handler/push_notification_action_handler_test.dart: ... a NavigateToLocationRequest when actionData is a non-empty string.     02:12 +485 ~10 -2: /app/app/test/notifications/push_notification_action_handler/push_notification_action_handler_test.dart: ... a NavigateToLocationRequest when actionData is a non-empty string.     02:12 +485 ~10 -2: /app/app/test/notifications/push_notification_action_handler/push_notification_action_handler_test.dart: ... results in parsing error when receiving empty or invalid actionData    02:12 +486 ~10 -2: /app/app/test/notifications/push_notification_action_handler/push_notification_action_handler_test.dart: ... results in parsing error when receiving empty or invalid actionData    02:12 +486 ~10 -2: /app/app/test/notifications/push_notification_action_handler/push_notification_action_handler_test.dart: ... notifies of non-fatal parsing error when action data cant be parsed    02:12 +487 ~10 -2: /app/app/test/notifications/push_notification_action_handler/push_notification_action_handler_test.dart: ... notifies of non-fatal parsing error when action data cant be parsed    02:12 +487 ~10 -2: /app/app/test/notifications/push_notification_action_handler/push_notification_action_handler_test.dart: ... with answerSupport set false if no actionData is given                 02:12 +488 ~10 -2: /app/app/test/notifications/push_notification_action_handler/push_notification_action_handler_test.dart: ... with answerSupport set false if no actionData is given                 02:12 +488 ~10 -2: /app/app/test/notifications/push_notification_action_handler/push_notification_action_handler_test.dart: ... with answerSupport set false if actionData says false                  02:12 +489 ~10 -2: /app/app/test/notifications/push_notification_action_handler/push_notification_action_handler_test.dart: ... with answerSupport set false if actionData says false                  02:12 +489 ~10 -2: /app/app/test/notifications/push_notification_action_handler/push_notification_action_handler_test.dart: ... with answerSupport set false if actionData cant be parsed / is invalid 02:12 +490 ~10 -2: /app/app/test/notifications/push_notification_action_handler/push_notification_action_handler_test.dart: ... with answerSupport set false if actionData cant be parsed / is invalid 02:12 +490 ~10 -2: /app/app/test/notifications/push_notification_action_handler/push_notification_action_handler_test.dart: ... with answerSupport set true if actionData says true                    02:12 +491 ~10 -2: /app/app/test/notifications/push_notification_action_handler/push_notification_action_handler_test.dart: ... with answerSupport set true if actionData says true                    02:12 +491 ~10 -2: /app/app/test/notifications/push_notification_action_handler/push_notification_action_handler_test.dart: ... {}]: throws Error if there is no content that could be displayed       02:12 +492 ~10 -2: /app/app/test/notifications/push_notification_action_handler/push_notification_action_handler_test.dart: ... {}]: throws Error if there is no content that could be displayed       02:12 +492 ~10 -2: /app/app/test/notifications/push_notification_action_handler/push_notification_action_handler_test.dart: ... when there is no action type but a title or body that can be displayed 02:12 +493 ~10 -2: /app/app/test/notifications/push_notification_action_handler/push_notification_action_handler_test.dart: ... when there is no action type but a title or body that can be displayed 02:12 +493 ~10 -2: /app/app/test/notifications/push_notification_action_handler/push_notification_action_handler_test.dart: ... notify of non fatal parsing error if the value is null / just not given02:12 +494 ~10 -2: /app/app/test/notifications/push_notification_action_handler/push_notification_action_handler_test.dart: ... notify of non fatal parsing error if the value is null / just not given02:12 +494 ~10 -2: /app/app/test/notifications/push_notification_action_handler/push_notification_action_handler_test.dart: ... notify instrumentation when failing because of an unknown action type  02:12 +495 ~10 -2: /app/app/test/notifications/push_notification_action_handler/push_notification_action_handler_test.dart: ... notify instrumentation when failing because of an unknown action type  02:12 +495 ~10 -2: /app/app/test/notifications/push_notification_action_handler/push_notification_action_handler_test.dart: ... if conversion of notification to actionRequest throws exception/error  02:12 +496 ~10 -2: /app/app/test/notifications/push_notification_action_handler/push_notification_action_handler_test.dart: ... if conversion of notification to actionRequest throws exception/error  02:12 +496 ~10 -2: /app/app/test/notifications/push_notification_action_handler/push_notification_action_handler_test.dart: ... with reason:  "Unknown action type" when receiving unknown action type 02:12 +497 ~10 -2: /app/app/test/notifications/push_notification_action_handler/push_notification_action_handler_test.dart: ... with reason:  "Unknown action type" when receiving unknown action type 02:12 +497 ~10 -2: /app/app/test/notifications/push_notification_action_handler/push_notification_action_handler_test.dart: ... returns a ShowHomeworkRequest if actionData is a non-empty string      02:12 +498 ~10 -2: /app/app/test/notifications/push_notification_action_handler/push_notification_action_handler_test.dart: ... returns a ShowHomeworkRequest if actionData is a non-empty string      02:12 +498 ~10 -2: /app/app/test/notifications/push_notification_action_handler/push_notification_action_handler_test.dart: ... results in parsing error when receiving empty or invalid actionData    02:12 +499 ~10 -2: /app/app/test/notifications/push_notification_action_handler/push_notification_action_handler_test.dart: ... results in parsing error when receiving empty or invalid actionData    02:12 +499 ~10 -2: /app/app/test/notifications/push_notification_action_handler/push_notification_action_handler_test.dart: ... correct instrumentation methods when successful handling notification  02:12 +500 ~10 -2: /app/app/test/notifications/push_notification_action_handler/push_notification_action_handler_test.dart: ... correct instrumentation methods when successful handling notification  02:12 +500 ~10 -2: /app/app/test/notifications/push_notification_action_handler/push_notification_action_handler_test.dart: ... returns a ShowBlackboardItemRequest if actionData is a non-empty string02:12 +501 ~10 -2: /app/app/test/notifications/push_notification_action_handler/push_notification_action_handler_test.dart: ... returns a ShowBlackboardItemRequest if actionData is a non-empty string02:12 +501 ~10 -2: /app/app/test/notifications/push_notification_action_handler/push_notification_action_handler_test.dart: ... results in parsing error when receiving empty or invalid actionData    02:12 +502 ~10 -2: /app/app/test/notifications/push_notification_action_handler/push_notification_action_handler_test.dart: ... results in parsing error when receiving empty or invalid actionData    02:12 +502 ~10 -2: /app/app/test/notifications/push_notification_action_handler/push_notification_action_handler_test.dart: ... returns a ShowTimetableEventRequest if actionData is a non-empty string02:12 +503 ~10 -2: /app/app/test/notifications/push_notification_action_handler/push_notification_action_handler_test.dart: ... returns a ShowTimetableEventRequest if actionData is a non-empty string02:12 +503 ~10 -2: /app/app/test/notifications/push_notification_action_handler/push_notification_action_handler_test.dart: ... parsing error when when receiving receiving empty or invalid actionData02:12 +504 ~10 -2: /app/app/test/notifications/push_notification_action_handler/push_notification_action_handler_test.dart: ... parsing error when when receiving receiving empty or invalid actionData02:13 +504 ~10 -2: /app/app/test/notifications/push_notification_action_handler/push_notification_action_handler_test.dart: ... parsing error when when receiving receiving empty or invalid actionData02:13 +504 ~10 -2: loading /app/app/test/notifications/fcm_notification_test.dart                                                                                                                      02:13 +504 ~10 -2: /app/app/test/notifications/fcm_notification_test.dart: If existing token is the same as the token from fcm then it will not be updated                                             02:13 +505 ~10 -2: /app/app/test/notifications/fcm_notification_test.dart: If existing token is the same as the token from fcm then it will not be updated                                             02:13 +505 ~10 -2: /app/app/test/notifications/fcm_notification_test.dart: If retrieved token from api is not in passed users tokens it will be added                                                  02:13 +506 ~10 -2: /app/app/test/notifications/fcm_notification_test.dart: If retrieved token from api is not in passed users tokens it will be added                                                  02:13 +506 ~10 -2: /app/app/test/notifications/fcm_notification_test.dart: The token will not be added to the database if it is null                                                                   02:13 +507 ~10 -2: /app/app/test/notifications/fcm_notification_test.dart: The token will not be added to the database if it is null                                                                   02:13 +507 ~10 -2: /app/app/test/notifications/fcm_notification_test.dart: The token will not be added to the database if it is empty String                                                           02:13 +508 ~10 -2: /app/app/test/notifications/fcm_notification_test.dart: The token will not be added to the database if it is empty String                                                           02:13 +508 ~10 -2: /app/app/test/notifications/fcm_notification_test.dart: if token will still be added if api throws an error when loading tokens from database                                       02:13 +509 ~10 -2: /app/app/test/notifications/fcm_notification_test.dart: if token will still be added if api throws an error when loading tokens from database                                       02:14 +509 ~10 -2: /app/app/test/notifications/fcm_notification_test.dart: if token will still be added if api throws an error when loading tokens from database                                       02:14 +509 ~10 -2: loading /app/app/test/download_app_tip/download_app_tip_bloc_test.dart                                                                                                              02:14 +509 ~10 -2: /app/app/test/download_app_tip/download_app_tip_bloc_test.dart: DownloadTip tests logs if user call tip action                                                                      02:14 +510 ~10 -2: /app/app/test/download_app_tip/download_app_tip_bloc_test.dart: DownloadTip tests logs if user call tip action                                                                      02:14 +510 ~10 -2: /app/app/test/download_app_tip/download_app_tip_bloc_test.dart: DownloadTip tests logs if user closes tip                                                                           02:14 +511 ~10 -2: /app/app/test/download_app_tip/download_app_tip_bloc_test.dart: DownloadTip tests logs if user closes tip                                                                           02:14 +511 ~10 -2: /app/app/test/download_app_tip/download_app_tip_bloc_test.dart: DownloadTip tests Platform is web TargetPlatform.macOS bloc returns MacOsTip, if defaultTargetPlatform is macOS     02:14 +512 ~10 -2: /app/app/test/download_app_tip/download_app_tip_bloc_test.dart: DownloadTip tests Platform is web TargetPlatform.macOS bloc returns MacOsTip, if defaultTargetPlatform is macOS     02:14 +512 ~10 -2: /app/app/test/download_app_tip/download_app_tip_bloc_test.dart: ... is web TargetPlatform.macOS bloc returns null, if defaultTargetPlatform is macOS and already showed macos tip   02:14 +513 ~10 -2: /app/app/test/download_app_tip/download_app_tip_bloc_test.dart: ... is web TargetPlatform.macOS bloc returns null, if defaultTargetPlatform is macOS and already showed macos tip   02:14 +513 ~10 -2: /app/app/test/download_app_tip/download_app_tip_bloc_test.dart: DownloadTip tests Platform is web TargetPlatform.iOS bloc returns iOsTip, if defaultTargetPlatform is iOS           02:14 +514 ~10 -2: /app/app/test/download_app_tip/download_app_tip_bloc_test.dart: DownloadTip tests Platform is web TargetPlatform.iOS bloc returns iOsTip, if defaultTargetPlatform is iOS           02:14 +514 ~10 -2: /app/app/test/download_app_tip/download_app_tip_bloc_test.dart: ... is web TargetPlatform.iOS bloc returns null, if defaultTargetPlatform is iOS and already showed macos tip       02:14 +515 ~10 -2: /app/app/test/download_app_tip/download_app_tip_bloc_test.dart: ... is web TargetPlatform.iOS bloc returns null, if defaultTargetPlatform is iOS and already showed macos tip       02:14 +515 ~10 -2: /app/app/test/download_app_tip/download_app_tip_bloc_test.dart: ... tests Platform is web TargetPlatform.android bloc returns AndroidTip, if defaultTargetPlatform is android       02:14 +515 ~10 -2: /app/app/test/download_app_tip/download_app_tip_bloc_test.dart: DownloadTip tests Platform is web TargetPlatform.android bloc returns AndroidTip, if defaultTargetPlatform is android
  Skip: Aktuell erkennt [TargetPlatform] das Betriebssystem über Flutter Web nur von macOS, iPhone und iPad korrekt. Bei Windows & Linux wird immer [TargetPlatform.android] als Fallback zurückgegeben. Sobald Flutter die Erkennung für Windows & Linux eingebaut hat, kann der Code wieder auskommentiert werden. Ticket: https://github.com/flutter/flutter/issues/60271
02:14 +515 ~11 -2: /app/app/test/download_app_tip/download_app_tip_bloc_test.dart: ... tests Platform is web TargetPlatform.android bloc returns AndroidTip, if defaultTargetPlatform is android       02:14 +515 ~11 -2: /app/app/test/download_app_tip/download_app_tip_bloc_test.dart: ... web TargetPlatform.android bloc returns null, if defaultTargetPlatform is android and already showed macos tip  02:14 +515 ~11 -2: /app/app/test/download_app_tip/download_app_tip_bloc_test.dart: DownloadTip tests Platform is web TargetPlatform.android bloc returns null, if defaultTargetPlatform is android and already showed macos tip
  Skip: Aktuell erkennt [TargetPlatform] das Betriebssystem über Flutter Web nur von macOS, iPhone und iPad korrekt. Bei Windows & Linux wird immer [TargetPlatform.android] als Fallback zurückgegeben. Sobald Flutter die Erkennung für Windows & Linux eingebaut hat, kann der Code wieder auskommentiert werden. Ticket: https://github.com/flutter/flutter/issues/60271
02:14 +515 ~12 -2: /app/app/test/download_app_tip/download_app_tip_bloc_test.dart: ... web TargetPlatform.android bloc returns null, if defaultTargetPlatform is android and already showed macos tip  02:14 +515 ~12 -2: /app/app/test/download_app_tip/download_app_tip_bloc_test.dart: DownloadTip tests bloc returns null, if PlatformCheck is not web                                                    02:14 +516 ~12 -2: /app/app/test/download_app_tip/download_app_tip_bloc_test.dart: DownloadTip tests bloc returns null, if PlatformCheck is not web                                                    02:15 +516 ~12 -2: /app/app/test/download_app_tip/download_app_tip_bloc_test.dart: DownloadTip tests bloc returns null, if PlatformCheck is not web                                                    02:15 +516 ~12 -2: loading /app/app/test/pages/settings/notification_page_test.dart                                                                                                                    02:15 +516 ~12 -2: /app/app/test/pages/settings/notification_page_test.dart: NotificationPage homeworks does not display Sharezone Plus chip for plus accounts                                         02:16 +516 ~12 -2: /app/app/test/pages/settings/notification_page_test.dart: NotificationPage homeworks does not display Sharezone Plus chip for plus accounts                                         02:16 +517 ~12 -2: /app/app/test/pages/settings/notification_page_test.dart: NotificationPage homeworks does not display Sharezone Plus chip for plus accounts                                         02:16 +517 ~12 -2: /app/app/test/pages/settings/notification_page_test.dart: NotificationPage homeworks does not display the homework notification section for non-student accounts                    02:17 +517 ~12 -2: /app/app/test/pages/settings/notification_page_test.dart: NotificationPage homeworks does not display the homework notification section for non-student accounts                    02:17 +518 ~12 -2: /app/app/test/pages/settings/notification_page_test.dart: NotificationPage homeworks does not display the homework notification section for non-student accounts                    02:17 +518 ~12 -2: /app/app/test/pages/settings/notification_page_test.dart: NotificationPage homeworks displays Sharezone Plus chip for non-plus accounts                                             02:17 +519 ~12 -2: /app/app/test/pages/settings/notification_page_test.dart: NotificationPage homeworks displays Sharezone Plus chip for non-plus accounts                                             02:17 +519 ~12 -2: /app/app/test/pages/settings/notification_page_test.dart: NotificationPage homeworks shows sharezone plus ad when tapping on homework reminder time tile                            02:17 +520 ~12 -2: /app/app/test/pages/settings/notification_page_test.dart: NotificationPage homeworks shows sharezone plus ad when tapping on homework reminder time tile                            02:17 +520 ~12 -2: /app/app/test/pages/settings/notification_page_test.dart: NotificationPage homeworks displays homework notification section for student accounts                                    02:17 +521 ~12 -2: /app/app/test/pages/settings/notification_page_test.dart: NotificationPage homeworks displays homework notification section for student accounts                                    02:17 +521 ~12 -2: Some tests failed.

There were failures. See above for more information.
⛔ [Flutter] sharezone_widgets
⛔ [Flutter] sharezone
